   text	   data	    bss	    dec	    hex	filename
   5882	     48	    124	   6054	   17a6	bin/am_devices_cooper.o
   1142	      0	      0	   1142	    476	bin/am_devices_led.o
    132	     64	      0	    196	     c4	bin/am_resources.o
   2158	      0	      0	   2158	    86e	bin/am_util_ble_cooper.o
    100	      0	      0	    100	     64	bin/am_util_delay.o
   4103	      0	   1029	   5132	   140c	bin/am_util_stdio.o
    898	      0	      0	    898	    382	bin/am_util_string.o
   2630	     10	   1396	   4036	    fc4	bin/app_db.o
   1324	      8	    198	   1530	    5fa	bin/app_main.o
   5895	      0	     72	   5967	   174f	bin/app_slave.o
    995	      0	      0	    995	    3e3	bin/app_slave_leg.o
   1588	     16	    100	   1704	    6a8	bin/att_main.o
    304	      0	      0	    304	    130	bin/att_uuid.o
   1260	      0	     24	   1284	    504	bin/atts_ccc.o
   1216	      0	     16	   1232	    4d0	bin/atts_csf.o
   1976	      0	      0	   1976	    7b8	bin/atts_ind.o
   2887	     72	    445	   3404	    d4c	bin/atts_main.o
   2309	      0	      0	   2309	    905	bin/atts_proc.o
   3540	      0	      0	   3540	    dd4	bin/atts_read.o
   1806	      0	      0	   1806	    70e	bin/atts_write.o
    273	      0	     13	    286	    11e	bin/bda.o
    136	      0	      0	    136	     88	bin/calc128.o
    102	     20	      0	    122	     7a	bin/cfg_stack.o
   1598	      0	     36	   1634	    662	bin/dm_adv.o
   1826	      0	      1	   1827	    723	bin/dm_adv_leg.o
   5568	      0	    208	   5776	   1690	bin/dm_conn.o
    428	      0	      0	    428	    1ac	bin/dm_conn_slave.o
    188	      0	      0	    188	     bc	bin/dm_conn_slave_leg.o
    270	      0	     12	    282	    11a	bin/dm_conn_sm.o
   1087	      0	      4	   1091	    443	bin/dm_dev.o
   1154	     84	     24	   1262	    4ee	bin/dm_main.o
    516	      0	      0	    516	    204	bin/dm_phy.o
   1850	      0	     26	   1876	    754	bin/dm_priv.o
    532	      0	     32	    564	    234	bin/dm_scan.o
    802	      0	      0	    802	    322	bin/dm_scan_leg.o
    978	      0	      8	    986	    3da	bin/dm_sec.o
    278	      0	      0	    278	    116	bin/dm_sec_slave.o
   1088	      0	      0	   1088	    440	bin/event_groups.o
    498	     12	      2	    512	    200	bin/gatt_main.o
   5912	      0	     28	   5940	   1734	bin/hci_cmd.o
    316	      0	      0	    316	    13c	bin/hci_cmd_phy.o
   3004	      8	    168	   3180	    c6c	bin/hci_core.o
    852	      0	      0	    852	    354	bin/hci_core_ps.o
   1546	     40	      0	   1586	    632	bin/hci_dbg_trc.o
   3202	    244	    835	   4281	   10b9	bin/hci_drv_cooper.o
  12378	      0	     24	  12402	   3072	bin/hci_evt.o
    222	      0	     36	    258	    102	bin/hci_main.o
    764	      0	     17	    781	    30d	bin/hci_tr.o
   1268	      0	      1	   1269	    4f5	bin/hci_vs_cooper.o
   1146	      0	  16412	  17558	   4496	bin/heap_4.o
   1177	      0	     40	   1217	    4c1	bin/l2c_main.o
   1109	      0	     24	   1133	    46d	bin/l2c_slave.o
    360	      0	      0	    360	    168	bin/list.o
   1538	      4	     16	   1558	    616	bin/port.o
   3254	      0	      0	   3254	    cb6	bin/queue.o
    270	      0	      0	    270	    10e	bin/sec_aes.o
    914	      0	      0	    914	    392	bin/sec_cmac_hci.o
    416	      0	      0	    416	    1a0	bin/sec_ecc_hci.o
    750	      0	     80	    830	    33e	bin/sec_main.o
   3071	      0	    252	   3323	    cfb	bin/smp_main.o
    640	  11008	      0	  11648	   2d80	bin/startup_gcc.o
   7541	      4	    256	   7801	   1e79	bin/tasks.o
   2040	      0	     60	   2100	    834	bin/timers.o
     40	      0	      0	     40	     28	bin/wsf_assert.o
    790	      0	      7	    797	    31d	bin/wsf_buf.o
    302	      0	      0	    302	    12e	bin/wsf_msg.o
    884	      0	     69	    953	    3b9	bin/wsf_os.o
    444	      0	      0	    444	    1bc	bin/wsf_queue.o
    730	      0	     16	    746	    2ea	bin/wsf_timer.o
    281	      0	      0	    281	    119	bin/wsf_trace.o
    290	      0	      0	    290	    122	bin/wstr.o
   2336	      0	     33	   2369	    941	bin/battery.o
   3656	      0	     85	   3741	    e9d	bin/bluetooth.o
    872	      0	      4	    876	    36c	bin/button.o
   1274	      0	     40	   1314	    522	bin/buzzer.o
   1700	      0	     25	   1725	    6bd	bin/imu.o
    264	      0	      0	    264	    108	bin/led.o
   1068	      0	      0	   1068	    42c	bin/logging.o
   4582	      0	    117	   4699	   125b	bin/ranging.o
   1355	     84	    132	   1571	    623	bin/rtc.o
   4999	      0	   6248	  11247	   2bef	bin/storage.o
   1440	      0	     17	   1457	    5b1	bin/system.o
    884	      0	    264	   1148	    47c	bin/app_tasks.o
    412	      0	      8	    420	    1a4	bin/app_task_maintenance.o
   1574	      0	     81	   1655	    677	bin/app_task_ranging.o
    424	      0	   5084	   5508	   1584	bin/ble_task.o
    361	      0	     28	    389	    185	bin/device_info_service.o
    570	      0	     60	    630	    276	bin/gap_gatt_service.o
    393	      0	      0	    393	    189	bin/live_stats_functionality.o
    631	      0	     52	    683	    2ab	bin/live_stats_service.o
    787	      0	   4108	   4895	   131f	bin/maintenance_functionality.o
    532	      0	    500	   1032	    408	bin/maintenance_service.o
   1647	      0	    773	   2420	    974	bin/computation_phase.o
   3626	      0	    131	   3757	    ead	bin/ranging_phase.o
    363	      0	      5	    368	    170	bin/ranging_task.o
   2711	      0	     52	   2763	    acb	bin/schedule_phase.o
   2221	      0	    195	   2416	    970	bin/scheduler.o
   1881	      0	     35	   1916	    77c	bin/status_phase.o
    926	      0	    872	   1798	    706	bin/storage_task.o
   1409	      0	     22	   1431	    597	bin/subscription_phase.o
    263	      0	      0	    263	    107	bin/time_aligned_task.o
    224	      0	      0	    224	     e0	bin/test_imu.o
   5824	     74	   2053	   7951	   1f0f	am_bsp.o (ex ../AmbiqSDK/bsp/apollo4_blue_pro/gcc/bin/libam_bsp.a)
      0	    624	     28	    652	    28c	am_bsp_pins.o (ex ../AmbiqSDK/bsp/apollo4_blue_pro/gcc/bin/libam_bsp.a)
     40	      0	      0	     40	     28	am_hal_bootrom_helper.o (ex ../AmbiqSDK/mcu/apollo4p/hal/mcu/gcc/bin/libam_hal.a)
    872	      5	      0	    877	    36d	am_hal_cachectrl.o (ex ../AmbiqSDK/mcu/apollo4p/hal/mcu/gcc/bin/libam_hal.a)
   6128	      0	      0	   6128	   17f0	am_hal_card.o (ex ../AmbiqSDK/mcu/apollo4p/hal/mcu/gcc/bin/libam_hal.a)
    252	    148	      0	    400	    190	am_hal_card_host.o (ex ../AmbiqSDK/mcu/apollo4p/hal/mcu/gcc/bin/libam_hal.a)
    832	      0	      0	    832	    340	am_hal_clkgen.o (ex ../AmbiqSDK/mcu/apollo4p/hal/mcu/gcc/bin/libam_hal.a)
   2024	      0	    484	   2508	    9cc	am_hal_cmdq.o (ex ../AmbiqSDK/mcu/apollo4p/hal/mcu/gcc/bin/libam_hal.a)
   1052	      0	      4	   1056	    420	am_hal_dsi.o (ex ../AmbiqSDK/mcu/apollo4p/hal/mcu/gcc/bin/libam_hal.a)
    112	      0	      0	    112	     70	am_hal_fault.o (ex ../AmbiqSDK/mcu/apollo4p/hal/mcu/gcc/bin/libam_hal.a)
     24	      0	      0	     24	     18	am_hal_interrupt.o (ex ../AmbiqSDK/mcu/apollo4p/hal/mcu/gcc/bin/libam_hal.a)
   8692	      0	  17728	  26420	   6734	am_hal_iom.o (ex ../AmbiqSDK/mcu/apollo4p/hal/mcu/gcc/bin/libam_hal.a)
   2300	      0	     72	   2372	    944	am_hal_ios.o (ex ../AmbiqSDK/mcu/apollo4p/hal/mcu/gcc/bin/libam_hal.a)
    504	      0	      0	    504	    1f8	am_hal_itm.o (ex ../AmbiqSDK/mcu/apollo4p/hal/mcu/gcc/bin/libam_hal.a)
   1244	      8	     12	   1264	    4f0	am_hal_mcuctrl.o (ex ../AmbiqSDK/mcu/apollo4p/hal/mcu/gcc/bin/libam_hal.a)
    256	      0	      0	    256	    100	am_hal_mpu.o (ex ../AmbiqSDK/mcu/apollo4p/hal/mcu/gcc/bin/libam_hal.a)
    376	      0	      0	    376	    178	am_hal_mram.o (ex ../AmbiqSDK/mcu/apollo4p/hal/mcu/gcc/bin/libam_hal.a)
   8744	      0	   6732	  15476	   3c74	am_hal_mspi.o (ex ../AmbiqSDK/mcu/apollo4p/hal/mcu/gcc/bin/libam_hal.a)
    363	      0	      4	    367	    16f	am_hal_reset.o (ex ../AmbiqSDK/mcu/apollo4p/hal/mcu/gcc/bin/libam_hal.a)
   1336	      0	      0	   1336	    538	am_hal_rtc.o (ex ../AmbiqSDK/mcu/apollo4p/hal/mcu/gcc/bin/libam_hal.a)
   4156	      0	    212	   4368	   1110	am_hal_sdhc.o (ex ../AmbiqSDK/mcu/apollo4p/hal/mcu/gcc/bin/libam_hal.a)
    292	      0	     12	    304	    130	am_hal_secure_ota.o (ex ../AmbiqSDK/mcu/apollo4p/hal/mcu/gcc/bin/libam_hal.a)
    408	      0	      0	    408	    198	am_hal_sysctrl.o (ex ../AmbiqSDK/mcu/apollo4p/hal/mcu/gcc/bin/libam_hal.a)
    144	      0	      0	    144	     90	am_hal_systick.o (ex ../AmbiqSDK/mcu/apollo4p/hal/mcu/gcc/bin/libam_hal.a)
    140	      0	      0	    140	     8c	am_hal_tpiu.o (ex ../AmbiqSDK/mcu/apollo4p/hal/mcu/gcc/bin/libam_hal.a)
   2736	      0	    736	   3472	    d90	am_hal_uart.o (ex ../AmbiqSDK/mcu/apollo4p/hal/mcu/gcc/bin/libam_hal.a)
    284	      0	      0	    284	    11c	am_hal_utils.o (ex ../AmbiqSDK/mcu/apollo4p/hal/mcu/gcc/bin/libam_hal.a)
    188	      0	      0	    188	     bc	am_hal_access.o (ex ../AmbiqSDK/mcu/apollo4p/hal/mcu/gcc/bin/libam_hal.a)
   2644	      0	    105	   2749	    abd	am_hal_adc.o (ex ../AmbiqSDK/mcu/apollo4p/hal/mcu/gcc/bin/libam_hal.a)
   4164	      0	    104	   4268	   10ac	am_hal_audadc.o (ex ../AmbiqSDK/mcu/apollo4p/hal/mcu/gcc/bin/libam_hal.a)
    600	     32	      4	    636	    27c	am_hal_dcu.o (ex ../AmbiqSDK/mcu/apollo4p/hal/mcu/gcc/bin/libam_hal.a)
     62	      0	      0	     62	     3e	am_hal_global.o (ex ../AmbiqSDK/mcu/apollo4p/hal/mcu/gcc/bin/libam_hal.a)
   1928	      0	   2048	   3976	    f88	am_hal_gpio.o (ex ../AmbiqSDK/mcu/apollo4p/hal/mcu/gcc/bin/libam_hal.a)
   2588	      0	    152	   2740	    ab4	am_hal_i2s.o (ex ../AmbiqSDK/mcu/apollo4p/hal/mcu/gcc/bin/libam_hal.a)
    160	      0	      0	    160	     a0	am_hal_otp.o (ex ../AmbiqSDK/mcu/apollo4p/hal/mcu/gcc/bin/libam_hal.a)
   1696	      0	     96	   1792	    700	am_hal_pdm.o (ex ../AmbiqSDK/mcu/apollo4p/hal/mcu/gcc/bin/libam_hal.a)
   4096	      0	      0	   4096	   1000	am_hal_pin.o (ex ../AmbiqSDK/mcu/apollo4p/hal/mcu/gcc/bin/libam_hal.a)
   6085	      9	     47	   6141	   17fd	am_hal_pwrctrl.o (ex ../AmbiqSDK/mcu/apollo4p/hal/mcu/gcc/bin/libam_hal.a)
    276	      0	      0	    276	    114	am_hal_queue.o (ex ../AmbiqSDK/mcu/apollo4p/hal/mcu/gcc/bin/libam_hal.a)
    396	      0	      0	    396	    18c	am_hal_security.o (ex ../AmbiqSDK/mcu/apollo4p/hal/mcu/gcc/bin/libam_hal.a)
   1024	     32	      1	   1057	    421	am_hal_stimer.o (ex ../AmbiqSDK/mcu/apollo4p/hal/mcu/gcc/bin/libam_hal.a)
   2728	      0	      0	   2728	    aa8	am_hal_timer.o (ex ../AmbiqSDK/mcu/apollo4p/hal/mcu/gcc/bin/libam_hal.a)
   6220	      4	    264	   6488	   1958	am_hal_usb.o (ex ../AmbiqSDK/mcu/apollo4p/hal/mcu/gcc/bin/libam_hal.a)
    808	      0	      0	    808	    328	am_hal_wdt.o (ex ../AmbiqSDK/mcu/apollo4p/hal/mcu/gcc/bin/libam_hal.a)
  83348	   1404	  33236	 117988	  1cce4	bin/TestIMU.axf
