Archive member included to satisfy reference by file (symbol)

/usr/local/Cellar/arm-none-eabi-gcc/9-2019-q4-major/gcc/bin/../lib/gcc/arm-none-eabi/9.2.1/../../../../arm-none-eabi/lib/thumb/v7e-m+fp/hard/libm.a(lib_a-wf_log10.o)
                              bin/ranging.o (log10f)
/usr/local/Cellar/arm-none-eabi-gcc/9-2019-q4-major/gcc/bin/../lib/gcc/arm-none-eabi/9.2.1/../../../../arm-none-eabi/lib/thumb/v7e-m+fp/hard/libm.a(lib_a-ef_log10.o)
                              /usr/local/Cellar/arm-none-eabi-gcc/9-2019-q4-major/gcc/bin/../lib/gcc/arm-none-eabi/9.2.1/../../../../arm-none-eabi/lib/thumb/v7e-m+fp/hard/libm.a(lib_a-wf_log10.o) (__ieee754_log10f)
/usr/local/Cellar/arm-none-eabi-gcc/9-2019-q4-major/gcc/bin/../lib/gcc/arm-none-eabi/9.2.1/../../../../arm-none-eabi/lib/thumb/v7e-m+fp/hard/libm.a(lib_a-s_lib_ver.o)
                              /usr/local/Cellar/arm-none-eabi-gcc/9-2019-q4-major/gcc/bin/../lib/gcc/arm-none-eabi/9.2.1/../../../../arm-none-eabi/lib/thumb/v7e-m+fp/hard/libm.a(lib_a-wf_log10.o) (__fdlib_version)
/usr/local/Cellar/arm-none-eabi-gcc/9-2019-q4-major/gcc/bin/../lib/gcc/arm-none-eabi/9.2.1/../../../../arm-none-eabi/lib/thumb/v7e-m+fp/hard/libm.a(lib_a-s_matherr.o)
                              /usr/local/Cellar/arm-none-eabi-gcc/9-2019-q4-major/gcc/bin/../lib/gcc/arm-none-eabi/9.2.1/../../../../arm-none-eabi/lib/thumb/v7e-m+fp/hard/libm.a(lib_a-wf_log10.o) (matherr)
/usr/local/Cellar/arm-none-eabi-gcc/9-2019-q4-major/gcc/bin/../lib/gcc/arm-none-eabi/9.2.1/../../../../arm-none-eabi/lib/thumb/v7e-m+fp/hard/libm.a(lib_a-s_nan.o)
                              /usr/local/Cellar/arm-none-eabi-gcc/9-2019-q4-major/gcc/bin/../lib/gcc/arm-none-eabi/9.2.1/../../../../arm-none-eabi/lib/thumb/v7e-m+fp/hard/libm.a(lib_a-wf_log10.o) (nan)
/usr/local/Cellar/arm-none-eabi-gcc/9-2019-q4-major/gcc/bin/../lib/gcc/arm-none-eabi/9.2.1/../../../../arm-none-eabi/lib/thumb/v7e-m+fp/hard/libm.a(lib_a-ef_log.o)
                              /usr/local/Cellar/arm-none-eabi-gcc/9-2019-q4-major/gcc/bin/../lib/gcc/arm-none-eabi/9.2.1/../../../../arm-none-eabi/lib/thumb/v7e-m+fp/hard/libm.a(lib_a-ef_log10.o) (__ieee754_logf)
/usr/local/Cellar/arm-none-eabi-gcc/9-2019-q4-major/gcc/bin/../lib/gcc/arm-none-eabi/9.2.1/../../../../arm-none-eabi/lib/thumb/v7e-m+fp/hard/libc.a(lib_a-errno.o)
                              /usr/local/Cellar/arm-none-eabi-gcc/9-2019-q4-major/gcc/bin/../lib/gcc/arm-none-eabi/9.2.1/../../../../arm-none-eabi/lib/thumb/v7e-m+fp/hard/libm.a(lib_a-wf_log10.o) (__errno)
/usr/local/Cellar/arm-none-eabi-gcc/9-2019-q4-major/gcc/bin/../lib/gcc/arm-none-eabi/9.2.1/../../../../arm-none-eabi/lib/thumb/v7e-m+fp/hard/libc.a(lib_a-gmtime.o)
                              bin/rtc.o (gmtime)
/usr/local/Cellar/arm-none-eabi-gcc/9-2019-q4-major/gcc/bin/../lib/gcc/arm-none-eabi/9.2.1/../../../../arm-none-eabi/lib/thumb/v7e-m+fp/hard/libc.a(lib_a-gmtime_r.o)
                              /usr/local/Cellar/arm-none-eabi-gcc/9-2019-q4-major/gcc/bin/../lib/gcc/arm-none-eabi/9.2.1/../../../../arm-none-eabi/lib/thumb/v7e-m+fp/hard/libc.a(lib_a-gmtime.o) (gmtime_r)
/usr/local/Cellar/arm-none-eabi-gcc/9-2019-q4-major/gcc/bin/../lib/gcc/arm-none-eabi/9.2.1/../../../../arm-none-eabi/lib/thumb/v7e-m+fp/hard/libc.a(lib_a-impure.o)
                              /usr/local/Cellar/arm-none-eabi-gcc/9-2019-q4-major/gcc/bin/../lib/gcc/arm-none-eabi/9.2.1/../../../../arm-none-eabi/lib/thumb/v7e-m+fp/hard/libc.a(lib_a-errno.o) (_impure_ptr)
/usr/local/Cellar/arm-none-eabi-gcc/9-2019-q4-major/gcc/bin/../lib/gcc/arm-none-eabi/9.2.1/../../../../arm-none-eabi/lib/thumb/v7e-m+fp/hard/libc.a(lib_a-memcmp.o)
                              bin/app_db.o (memcmp)
/usr/local/Cellar/arm-none-eabi-gcc/9-2019-q4-major/gcc/bin/../lib/gcc/arm-none-eabi/9.2.1/../../../../arm-none-eabi/lib/thumb/v7e-m+fp/hard/libc.a(lib_a-memcpy.o)
                              bin/am_devices_cooper.o (memcpy)
/usr/local/Cellar/arm-none-eabi-gcc/9-2019-q4-major/gcc/bin/../lib/gcc/arm-none-eabi/9.2.1/../../../../arm-none-eabi/lib/thumb/v7e-m+fp/hard/libc.a(lib_a-memmove.o)
                              bin/dm_adv.o (memmove)
/usr/local/Cellar/arm-none-eabi-gcc/9-2019-q4-major/gcc/bin/../lib/gcc/arm-none-eabi/9.2.1/../../../../arm-none-eabi/lib/thumb/v7e-m+fp/hard/libc.a(lib_a-memset.o)
                              bin/am_devices_cooper.o (memset)
/usr/local/Cellar/arm-none-eabi-gcc/9-2019-q4-major/gcc/bin/../lib/gcc/arm-none-eabi/9.2.1/../../../../arm-none-eabi/lib/thumb/v7e-m+fp/hard/libc.a(lib_a-mktime.o)
                              bin/rtc.o (mktime)
/usr/local/Cellar/arm-none-eabi-gcc/9-2019-q4-major/gcc/bin/../lib/gcc/arm-none-eabi/9.2.1/../../../../arm-none-eabi/lib/thumb/v7e-m+fp/hard/libc.a(lib_a-strlen.o)
                              bin/SEGGER_RTT.o (strlen)
/usr/local/Cellar/arm-none-eabi-gcc/9-2019-q4-major/gcc/bin/../lib/gcc/arm-none-eabi/9.2.1/../../../../arm-none-eabi/lib/thumb/v7e-m+fp/hard/libc.a(lib_a-tzcalc_limits.o)
[...]
Memory Configuration

Name             Origin             Length             Attributes
MCU_MRAM         0x0000000000018000 0x00000000001e7ff8 xr
UID              0x00000000001ffff8 0x0000000000000008 r
MCU_TCM          0x0000000010000000 0x0000000000060000 xrw
SHARED_SRAM      0x0000000010060000 0x0000000000100000 xrw
EXTENDED_SRAM    0x0000000010160000 0x0000000000060000 xrw
SHARED_SRAM2     0x00000000101c0000 0x0000000000100000 xrw
*default*        0x0000000000000000 0xffffffffffffffff

Linker script and memory map

                0x00000000001e8000                MCU_MRAM_SIZE = 0x1e8000
                0x0000000000060000                MCU_TCM_SIZE = 0x60000
                0x0000000000100000                SHARED_SRAM_SIZE = 0x100000
                0x0000000000060000                EXTENDED_SRAM_SIZE = 0x60000
                0x0000000000100000                SHARED_SRAM2_SIZE = 0x100000
                0x0000000000000008                UID_SIZE = 0x8

.text           0x0000000000018000    0x2f08c
                0x0000000000018000                . = ALIGN (0x4)
 *(.isr_vector)
 .isr_vector    0x0000000000018000      0x190 bin/startup_gcc.o
                0x0000000000018000                g_am_pfnVectors
 *(.patch)
 .patch         0x0000000000018190       0x70 bin/startup_gcc.o
                0x0000000000018190                __Patchable
                0x0000000000018200                . = ALIGN (0x4)
                0x0000000000018200                __dw_drivers_start = .
 *(.dw_drivers)
 .dw_drivers    0x0000000000018200       0x1c ../src/external/decadriver/libdwt_uwb_driver-m4-hfp-6.0.7.a(dw3000_device.c.obj)
                0x0000000000018200                dw3000_driver
 .dw_drivers    0x000000000001821c       0x1c ../src/external/decadriver/libdwt_uwb_driver-m4-hfp-6.0.7.a(dw3700_device.c.obj)
                0x000000000001821c                dw3700_driver
 .dw_drivers    0x0000000000018238       0x1c ../src/external/decadriver/libdwt_uwb_driver-m4-hfp-6.0.7.a(dw3720_device.c.obj)
                0x0000000000018238                dw3720_driver
                0x0000000000018254                __dw_drivers_end = .
                0x0000000000018254                . = ALIGN (0x4)
 *(.text)
 .text          0x0000000000018254      0x134 /usr/local/Cellar/arm-none-eabi-gcc/9-2019-q4-major/gcc/bin/../lib/gcc/arm-none-eabi/9.2.1/../../../../arm-none-eabi/lib/thumb/v7e-m+fp/hard/libc.a(lib_a-memcpy.o)
                0x0000000000018254                memcpy
 *fill*         0x0000000000018388       0x38 
 .text          0x00000000000183c0       0xdc /usr/local/Cellar/arm-none-eabi-gcc/9-2019-q4-major/gcc/bin/../lib/gcc/arm-none-eabi/9.2.1/../../../../arm-none-eabi/lib/thumb/v7e-m+fp/hard/libc.a(lib_a-strlen.o)
                0x00000000000183c0                strlen
 *fill*         0x000000000001849c        0x4 
 .text          0x00000000000184a0      0x2dc /usr/local/Cellar/arm-none-eabi-gcc/9-2019-q4-major/gcc/bin/../lib/gcc/arm-none-eabi/9.2.1/../../../../arm-none-eabi/lib/thumb/v7e-m+fp/hard/libc.a(lib_a-strcmp.o)
                0x00000000000184a8                strcmp
 .text          0x000000000001877c       0xa0 /usr/local/Cellar/arm-none-eabi-gcc/9-2019-q4-major/gcc/bin/../lib/gcc/arm-none-eabi/9.2.1/thumb/v7e-m+fp/hard/libgcc.a(_arm_truncdfsf2.o)
                0x000000000001877c                __aeabi_d2f
                0x000000000001877c                __truncdfsf2
 .text          0x000000000001881c       0xa0 /usr/local/Cellar/arm-none-eabi-gcc/9-2019-q4-major/gcc/bin/../lib/gcc/arm-none-eabi/9.2.1/thumb/v7e-m+fp/hard/libgcc.a(_aeabi_ldivmod.o)
                0x000000000001881c                __aeabi_ldivmod
 .text          0x00000000000188bc       0x30 /usr/local/Cellar/arm-none-eabi-gcc/9-2019-q4-major/gcc/bin/../lib/gcc/arm-none-eabi/9.2.1/thumb/v7e-m+fp/hard/libgcc.a(_aeabi_uldivmod.o)
                0x00000000000188bc                __aeabi_uldivmod
 .text          0x00000000000188ec      0x2c4 /usr/local/Cellar/arm-none-eabi-gcc/9-2019-q4-major/gcc/bin/../lib/gcc/arm-none-eabi/9.2.1/thumb/v7e-m+fp/hard/libgcc.a(_udivmoddi4.o)
                0x00000000000188ec                __udivmoddi4
 .text          0x0000000000018bb0        0x4 /usr/local/Cellar/arm-none-eabi-gcc/9-2019-q4-major/gcc/bin/../lib/gcc/arm-none-eabi/9.2.1/thumb/v7e-m+fp/hard/libgcc.a(_dvmd_tls.o)
                0x0000000000018bb0                __aeabi_ldiv0
                0x0000000000018bb0                __aeabi_idiv0
 *(.text*)
 .text.am_devices_cooper_pins_enable
                0x0000000000018bb4       0x74 bin/am_devices_cooper.o
                0x0000000000018bb4                am_devices_cooper_pins_enable
 .text.am_devices_cooper_pins_disable
                0x0000000000018c28       0x64 bin/am_devices_cooper.o
                0x0000000000018c28                am_devices_cooper_pins_disable
 .text.am_devices_cooper_init
                0x0000000000018c8c      0x2e4 bin/am_devices_cooper.o
                0x0000000000018c8c                am_devices_cooper_init
 .text.am_devices_cooper_term
                0x0000000000018f70       0x80 bin/am_devices_cooper.o
                0x0000000000018f70                am_devices_cooper_term
 .text.am_devices_cooper_reset
                0x0000000000018ff0       0x3c bin/am_devices_cooper.o
                0x0000000000018ff0                am_devices_cooper_reset
 .text.am_devices_cooper_bus_enable
                0x000000000001902c       0x58 bin/am_devices_cooper.o
                0x000000000001902c                am_devices_cooper_bus_enable
 .text.am_devices_cooper_bus_disable
                0x0000000000019084       0x46 bin/am_devices_cooper.o
                0x0000000000019084                am_devices_cooper_bus_disable
 *fill*         0x00000000000190ca        0x2 
 .text.am_devices_cooper_blocking_write
                0x00000000000190cc      0x18c bin/am_devices_cooper.o
                0x00000000000190cc                am_devices_cooper_blocking_write
 .text.am_devices_cooper_blocking_read
                0x0000000000019258      0x130 bin/am_devices_cooper.o
                0x0000000000019258                am_devices_cooper_blocking_read
 .text.am_devices_cooper_command_write
                0x0000000000019388       0x98 bin/am_devices_cooper.o
                0x0000000000019388                am_devices_cooper_command_write
 .text.am_devices_cooper_irq_read
                0x0000000000019420       0x1c bin/am_devices_cooper.o
                0x0000000000019420                am_devices_cooper_irq_read
 .text.am_devices_cooper_clkreq_read
                0x000000000001943c       0x24 bin/am_devices_cooper.o
                0x000000000001943c                am_devices_cooper_clkreq_read
 .text.iom_slave_read
                0x0000000000019460       0x48 bin/am_devices_cooper.o
                0x0000000000019460                iom_slave_read
 .text.send_hello
                0x00000000000194a8       0x3e bin/am_devices_cooper.o
                0x00000000000194a8                send_hello
 *fill*         0x00000000000194e6        0x2 
 .text.send_update
                0x00000000000194e8       0x90 bin/am_devices_cooper.o
                0x00000000000194e8                send_update
 .text.send_data
                0x0000000000019578       0x6c bin/am_devices_cooper.o
                0x0000000000019578                send_data
 .text.send_fwContinue
                0x00000000000195e4       0x3e bin/am_devices_cooper.o
                0x00000000000195e4                send_fwContinue
 *fill*         0x0000000000019622        0x2 
 .text.am_devices_cooper_sbl_update_state_data
                0x0000000000019624       0xc8 bin/am_devices_cooper.o
 .text.am_devices_cooper_image_update_init
                0x00000000000196ec       0x64 bin/am_devices_cooper.o
                0x00000000000196ec                am_devices_cooper_image_update_init
 .text.am_devices_cooper_update_image
                0x0000000000019750      0x668 bin/am_devices_cooper.o
                0x0000000000019750                am_devices_cooper_update_image
 .text.am_util_ble_tx_power_set
                0x0000000000019db8       0x5e bin/am_util_ble_cooper.o
                0x0000000000019db8                am_util_ble_tx_power_set
 .text.am_util_delay_ms
                0x0000000000019e16       0x20 bin/am_util_delay.o
                0x0000000000019e16                am_util_delay_ms
 .text.am_util_delay_us
                0x0000000000019e36       0x16 bin/am_util_delay.o
                0x0000000000019e36                am_util_delay_us
 .text.am_util_stdio_printf_init
                0x0000000000019e4c       0x20 bin/am_util_stdio.o
                0x0000000000019e4c                am_util_stdio_printf_init
 .text.divu64_10
                0x0000000000019e6c      0x1f0 bin/am_util_stdio.o
 .text.ndigits_in_u64
                0x000000000001a05c       0x42 bin/am_util_stdio.o
 .text.ndigits_in_i64
                0x000000000001a09e       0x3a bin/am_util_stdio.o
 .text.ndigits_in_hex
                0x000000000001a0d8       0x52 bin/am_util_stdio.o
 .text.decstr_to_int
                0x000000000001a12a       0x8c bin/am_util_stdio.o
 .text.uint64_to_str
                0x000000000001a1b6       0x90 bin/am_util_stdio.o
 .text.uint64_to_hexstr
                0x000000000001a246       0xca bin/am_util_stdio.o
 .text.simple_strlen
                0x000000000001a310       0x36 bin/am_util_stdio.o
 .text.padbuffer
                0x000000000001a346       0x4a bin/am_util_stdio.o
 .text.ftoa     0x000000000001a390      0x1f8 bin/am_util_stdio.o
 .text.am_util_stdio_vsprintf
                0x000000000001a588      0x618 bin/am_util_stdio.o
                0x000000000001a588                am_util_stdio_vsprintf
 .text.am_util_stdio_printf
                0x000000000001aba0       0x48 bin/am_util_stdio.o
                0x000000000001aba0                am_util_stdio_printf
 .text.AppDbInit
                0x000000000001abe8        0xe bin/app_db.o
                0x000000000001abe8                AppDbInit
 *fill*         0x000000000001abf6        0x2 
 .text.AppDbNewRecord
                0x000000000001abf8       0xb0 bin/app_db.o
                0x000000000001abf8                AppDbNewRecord
 .text.AppDbGetNextRecord
                0x000000000001aca8       0x68 bin/app_db.o
                0x000000000001aca8                AppDbGetNextRecord
 .text.AppDbDeleteRecord
                0x000000000001ad10       0x1c bin/app_db.o
                0x000000000001ad10                AppDbDeleteRecord
 .text.AppDbValidateRecord
                0x000000000001ad2c       0x28 bin/app_db.o
                0x000000000001ad2c                AppDbValidateRecord
 .text.AppDbCheckValidRecord
                0x000000000001ad54       0x20 bin/app_db.o
                0x000000000001ad54                AppDbCheckValidRecord
 .text.AppDbRecordInUse
                0x000000000001ad74       0x58 bin/app_db.o
                0x000000000001ad74                AppDbRecordInUse
 .text.AppDbCheckBonded
                0x000000000001adcc       0x4c bin/app_db.o
                0x000000000001adcc                AppDbCheckBonded
 .text.AppDbFindByAddr
                0x000000000001ae18       0x6c bin/app_db.o
                0x000000000001ae18                AppDbFindByAddr
 .text.AppDbFindByLtkReq
                0x000000000001ae84       0x64 bin/app_db.o
                0x000000000001ae84                AppDbFindByLtkReq
 .text.AppDbGetKey
                0x000000000001aee8       0x98 bin/app_db.o
                0x000000000001aee8                AppDbGetKey
 .text.AppDbSetKey
                0x000000000001af80       0xf8 bin/app_db.o
                0x000000000001af80                AppDbSetKey
 .text.AppDbGetPeerAddedToRl
                0x000000000001b078       0x1a bin/app_db.o
                0x000000000001b078                AppDbGetPeerAddedToRl
 .text.AppDbSetPeerAddedToRl
                0x000000000001b092       0x20 bin/app_db.o
                0x000000000001b092                AppDbSetPeerAddedToRl
 .text.AppDbGetPeerRpao
                0x000000000001b0b2       0x1a bin/app_db.o
                0x000000000001b0b2                AppDbGetPeerRpao
 .text.appProcMsg
                0x000000000001b0cc       0x44 bin/app_main.o
 .text.appNumConns
                0x000000000001b110       0x5c bin/app_main.o
                0x000000000001b110                appNumConns
 .text.AppHandlerInit
                0x000000000001b16c       0x20 bin/app_main.o
                0x000000000001b16c                AppHandlerInit
 .text.AppHandler
                0x000000000001b18c       0x68 bin/app_main.o
                0x000000000001b18c                AppHandler
 .text.AppConnClose
                0x000000000001b1f4       0x1e bin/app_main.o
                0x000000000001b1f4                AppConnClose
 *fill*         0x000000000001b212        0x2 
 .text.AppAddDevToResList
                0x000000000001b214       0x70 bin/app_main.o
                0x000000000001b214                AppAddDevToResList
 .text.AppUpdatePrivacyMode
                0x000000000001b284       0x58 bin/app_main.o
                0x000000000001b284                AppUpdatePrivacyMode
 .text.appConnReadRemoteFeatTimerStart
                0x000000000001b2dc       0x54 bin/app_main.o
                0x000000000001b2dc                appConnReadRemoteFeatTimerStart
 .text.appMasterInitiateSec
                0x000000000001b330       0xf4 bin/app_master.o
 .text.appScanResultsClear
                0x000000000001b424       0x48 bin/app_master.o
 .text.appScanResultAdd
                0x000000000001b46c      0x118 bin/app_master.o
 .text.appMasterScanStart
                0x000000000001b584       0x1c bin/app_master.o
 .text.appMasterScanStop
                0x000000000001b5a0       0x2c bin/app_master.o
 .text.appMasterScanReport
                0x000000000001b5cc       0x16 bin/app_master.o
 .text.appMasterConnOpen
                0x000000000001b5e2       0x1e bin/app_master.o
 .text.appMasterConnClose
                0x000000000001b600       0x30 bin/app_master.o
 .text.appMasterSecConnOpen
                0x000000000001b630       0x44 bin/app_master.o
 .text.appMasterSecConnClose
                0x000000000001b674       0x24 bin/app_master.o
 .text.appMasterSecSlaveReq
                0x000000000001b698       0x4c bin/app_master.o
 .text.appPrivSetAddrResEnableInd
                0x000000000001b6e4       0x24 bin/app_master.o
 .text.appPrivAddDevToResListInd
                0x000000000001b708       0x2e bin/app_master.o
 .text.appPrivRemDevFromResListInd
                0x000000000001b736       0x2e bin/app_master.o
 .text.appMasterSecStoreKey
                0x000000000001b764       0x40 bin/app_master.o
 .text.appMasterSecPairCmpl
                0x000000000001b7a4       0x56 bin/app_master.o
 .text.appMasterSecPairFailed
                0x000000000001b7fa       0x24 bin/app_master.o
 .text.appMasterSecEncryptInd
                0x000000000001b81e       0x38 bin/app_master.o
 .text.appMasterProcMsg
                0x000000000001b856       0x1c bin/app_master.o
                0x000000000001b856                appMasterProcMsg
 *fill*         0x000000000001b872        0x2 
 .text.appMasterResolvedAddrInd
                0x000000000001b874      0x10c bin/app_master.o
 .text.appMasterRemoteConnParamReq
                0x000000000001b980       0x68 bin/app_master.o
 .text.AppMasterInit
                0x000000000001b9e8       0x30 bin/app_master.o
                0x000000000001b9e8                AppMasterInit
 .text.AppMasterProcDmMsg
                0x000000000001ba18      0x15c bin/app_master.o
                0x000000000001ba18                AppMasterProcDmMsg
 .text.AppMasterSecProcDmMsg
                0x000000000001bb74      0x1bc bin/app_master.o
                0x000000000001bb74                AppMasterSecProcDmMsg
 .text.AppScanGetNumResults
                0x000000000001bd30       0x18 bin/app_master.o
                0x000000000001bd30                AppScanGetNumResults
 .text.appConnOpen
                0x000000000001bd48       0x78 bin/app_master.o
                0x000000000001bd48                appConnOpen
 .text.appMasterScanMode
                0x000000000001bdc0       0x3c bin/app_master_leg.o
 .text.AppScanStart
                0x000000000001bdfc       0x50 bin/app_master_leg.o
                0x000000000001bdfc                AppScanStart
 .text.AppScanStop
                0x000000000001be4c       0x24 bin/app_master_leg.o
                0x000000000001be4c                AppScanStop
 .text.AppConnOpen
                0x000000000001be70       0x32 bin/app_master_leg.o
                0x000000000001be70                AppConnOpen
 *fill*         0x000000000001bea2        0x2 
 .text.appSlaveAdvModeInit
                0x000000000001bea4       0x20 bin/app_slave.o
 .text.appSlaveConnectableAdv
                0x000000000001bec4       0x80 bin/app_slave.o
 .text.appSlaveResetAdvDataOffset
                0x000000000001bf44       0x9c bin/app_slave.o
                0x000000000001bf44                appSlaveResetAdvDataOffset
 .text.appSlaveForceAdvDataSync
                0x000000000001bfe0       0x60 bin/app_slave.o
 .text.appSetAdvScanDataFrag
                0x000000000001c040      0x10c bin/app_slave.o
 .text.appSetAdvScanData
                0x000000000001c14c       0xe0 bin/app_slave.o
 .text.appConnUpdateTimerStart
                0x000000000001c22c       0x5c bin/app_slave.o
 .text.appConnUpdateTimerStop
                0x000000000001c288       0x28 bin/app_slave.o
                0x000000000001c288                appConnUpdateTimerStop
 .text.appSlaveResolveAddr
                0x000000000001c2b0       0x68 bin/app_slave.o
 .text.appSecRspLtk
                0x000000000001c318       0x6c bin/app_slave.o
 .text.appSlaveConnOpen
                0x000000000001c384       0x3c bin/app_slave.o
 .text.appSlaveConnClose
                0x000000000001c3c0       0x38 bin/app_slave.o
 .text.appSlaveProcConnOpen
                0x000000000001c3f8       0x78 bin/app_slave.o
 .text.appSlaveProcConnClose
                0x000000000001c470       0x64 bin/app_slave.o
 .text.appSlaveConnUpdate
                0x000000000001c4d4       0x78 bin/app_slave.o
 .text.appSlaveResolvedAddrInd
                0x000000000001c54c       0xac bin/app_slave.o
 .text.appSlaveRemoteConnParamReq
                0x000000000001c5f8       0x68 bin/app_slave.o
 .text.appSlaveSecConnOpen
                0x000000000001c660       0x84 bin/app_slave.o
                0x000000000001c660                appSlaveSecConnOpen
 .text.appSecConnClose
                0x000000000001c6e4       0x24 bin/app_slave.o
                0x000000000001c6e4                appSecConnClose
 .text.appSecPairInd
                0x000000000001c708      0x114 bin/app_slave.o
 .text.appSecStoreKey
                0x000000000001c81c       0x40 bin/app_slave.o
 .text.appSecPairCmpl
                0x000000000001c85c       0x68 bin/app_slave.o
 .text.appSecPairFailed
                0x000000000001c8c4       0x16 bin/app_slave.o
 .text.appSecEncryptInd
                0x000000000001c8da       0x32 bin/app_slave.o
 .text.appSecFindLtk
                0x000000000001c90c       0x80 bin/app_slave.o
 .text.appPrivSetAddrResEnableInd
                0x000000000001c98c       0x24 bin/app_slave.o
 .text.appPrivAddDevToResListInd
                0x000000000001c9b0       0x2e bin/app_slave.o
 .text.appPrivRemDevFromResListInd
                0x000000000001c9de       0x2e bin/app_slave.o
 .text.appSlaveConnUpdateTimeout
                0x000000000001ca0c       0x9c bin/app_slave.o
 .text.appSlaveProcMsg
                0x000000000001caa8       0x4c bin/app_slave.o
                0x000000000001caa8                appSlaveProcMsg
 .text.AppSlaveInit
                0x000000000001caf4       0x90 bin/app_slave.o
                0x000000000001caf4                AppSlaveInit
 .text.AppSlaveProcDmMsg
                0x000000000001cb84      0x254 bin/app_slave.o
                0x000000000001cb84                AppSlaveProcDmMsg
 .text.appAdvSetData
                0x000000000001cdd8       0xbc bin/app_slave.o
                0x000000000001cdd8                appAdvSetData
 .text.appAdvStart
                0x000000000001ce94      0x12c bin/app_slave.o
                0x000000000001ce94                appAdvStart
 .text.appAdvStop
                0x000000000001cfc0       0x84 bin/app_slave.o
                0x000000000001cfc0                appAdvStop
 .text.appSlaveAdvStart
                0x000000000001d044       0xac bin/app_slave.o
                0x000000000001d044                appSlaveAdvStart
 .text.appAdvSetAdValue
                0x000000000001d0f0       0xc8 bin/app_slave.o
                0x000000000001d0f0                appAdvSetAdValue
 .text.appSetAdvType
                0x000000000001d1b8       0xc8 bin/app_slave.o
                0x000000000001d1b8                appSetAdvType
 .text.AppSlaveSecProcDmMsg
                0x000000000001d280      0x10c bin/app_slave.o
                0x000000000001d280                AppSlaveSecProcDmMsg
 .text.AppSetBondable
                0x000000000001d38c       0x24 bin/app_slave.o
                0x000000000001d38c                AppSetBondable
 .text.AppSlaveIsAdvertising
                0x000000000001d3b0       0x3c bin/app_slave.o
                0x000000000001d3b0                AppSlaveIsAdvertising
 .text.appSlaveLegAdvStart
                0x000000000001d3ec       0x64 bin/app_slave_leg.o
 .text.appSlaveLegAdvTypeChanged
                0x000000000001d450       0x28 bin/app_slave_leg.o
 .text.appSlaveNextLegAdvState
                0x000000000001d478       0x34 bin/app_slave_leg.o
 .text.appSlaveLegAdvStop
                0x000000000001d4ac       0x40 bin/app_slave_leg.o
 .text.appSlaveLegAdvRestart
                0x000000000001d4ec       0x68 bin/app_slave_leg.o
 .text.appSlaveAdvMode
                0x000000000001d554       0x48 bin/app_slave_leg.o
 .text.AppAdvSetData
                0x000000000001d59c       0x42 bin/app_slave_leg.o
                0x000000000001d59c                AppAdvSetData
 *fill*         0x000000000001d5de        0x2 
 .text.AppAdvStart
                0x000000000001d5e0       0x5c bin/app_slave_leg.o
                0x000000000001d5e0                AppAdvStart
 .text.AppAdvStop
                0x000000000001d63c       0x26 bin/app_slave_leg.o
                0x000000000001d63c                AppAdvStop
 .text.AppAdvSetAdValue
                0x000000000001d662       0x3e bin/app_slave_leg.o
                0x000000000001d662                AppAdvSetAdValue
 .text.AppSetAdvType
                0x000000000001d6a0       0x5c bin/app_slave_leg.o
                0x000000000001d6a0                AppSetAdvType
 .text.attL2cDataCback
                0x000000000001d6fc       0x4c bin/att_main.o
 .text.attL2cCtrlCback
                0x000000000001d748       0x70 bin/att_main.o
 .text.attDmConnCback
                0x000000000001d7b8       0xa0 bin/att_main.o
 .text.attEmptyHandler
                0x000000000001d858       0x14 bin/att_main.o
                0x000000000001d858                attEmptyHandler
 .text.attEmptyConnCback
                0x000000000001d86c       0x16 bin/att_main.o
                0x000000000001d86c                attEmptyConnCback
 .text.attEmptyDataCback
                0x000000000001d882       0x1c bin/att_main.o
                0x000000000001d882                attEmptyDataCback
 *fill*         0x000000000001d89e        0x2 
 .text.attCcbByHandle
                0x000000000001d8a0       0x3c bin/att_main.o
                0x000000000001d8a0                attCcbByHandle
 .text.attCcbByConnId
                0x000000000001d8dc       0x2c bin/att_main.o
                0x000000000001d8dc                attCcbByConnId
 .text.attUuidCmp16to128
                0x000000000001d908       0x3c bin/att_main.o
                0x000000000001d908                attUuidCmp16to128
 .text.attSetMtu
                0x000000000001d944       0x46 bin/att_main.o
                0x000000000001d944                attSetMtu
 *fill*         0x000000000001d98a        0x2 
 .text.attExecCallback
                0x000000000001d98c       0x5c bin/att_main.o
                0x000000000001d98c                attExecCallback
 .text.attMsgAlloc
                0x000000000001d9e8       0x1e bin/att_main.o
                0x000000000001d9e8                attMsgAlloc
 *fill*         0x000000000001da06        0x2 
 .text.AttHandlerInit
                0x000000000001da08       0x4c bin/att_main.o
                0x000000000001da08                AttHandlerInit
 .text.AttHandler
                0x000000000001da54       0x3c bin/att_main.o
                0x000000000001da54                AttHandler
 .text.AttRegister
                0x000000000001da90       0x40 bin/att_main.o
                0x000000000001da90                AttRegister
 .text.AttGetMtu
                0x000000000001dad0       0x1e bin/att_main.o
                0x000000000001dad0                AttGetMtu
 .text.AttMsgFree
                0x000000000001daee       0x38 bin/att_main.o
                0x000000000001daee                AttMsgFree
 .text.attcPendWriteCmd
                0x000000000001db26       0x66 bin/attc_main.o
 .text.attcSetPendWriteCmd
                0x000000000001db8c       0x4c bin/attc_main.o
 .text.attcWriteCmdCallback
                0x000000000001dbd8       0x60 bin/attc_main.o
 .text.attcSendSimpleReq
                0x000000000001dc38       0x58 bin/attc_main.o
 .text.attcSendContinuingReq
                0x000000000001dc90      0x108 bin/attc_main.o
 .text.attcSendMtuReq
                0x000000000001dd98       0x54 bin/attc_main.o
 .text.attcSendWriteCmd
                0x000000000001ddec       0x44 bin/attc_main.o
 .text.attcSendPrepWriteReq
                0x000000000001de30      0x114 bin/attc_main.o
 .text.attcSendReq
                0x000000000001df44       0x24 bin/attc_main.o
                0x000000000001df44                attcSendReq
 .text.attcSetupReq
                0x000000000001df68       0x34 bin/attc_main.o
                0x000000000001df68                attcSetupReq
 .text.attcDataCback
                0x000000000001df9c       0x78 bin/attc_main.o
 .text.attcCtrlCback
                0x000000000001e014       0x40 bin/attc_main.o
 .text.attcConnCback
                0x000000000001e054      0x114 bin/attc_main.o
 .text.attcMsgCback
                0x000000000001e168      0x150 bin/attc_main.o
 .text.attcCcbByConnId
                0x000000000001e2b8       0x48 bin/attc_main.o
                0x000000000001e2b8                attcCcbByConnId
 .text.attcCcbByHandle
                0x000000000001e300       0x3c bin/attc_main.o
                0x000000000001e300                attcCcbByHandle
 .text.attcFreePkt
                0x000000000001e33c       0x28 bin/attc_main.o
                0x000000000001e33c                attcFreePkt
 .text.attcExecCallback
                0x000000000001e364       0x3c bin/attc_main.o
                0x000000000001e364                attcExecCallback
 .text.attcReqClear
                0x000000000001e3a0       0x36 bin/attc_main.o
                0x000000000001e3a0                attcReqClear
 *fill*         0x000000000001e3d6        0x2 
 .text.AttcInit
                0x000000000001e3d8       0x7c bin/attc_main.o
                0x000000000001e3d8                AttcInit
 .text.attcProcErrRsp
                0x000000000001e454       0x98 bin/attc_proc.o
                0x000000000001e454                attcProcErrRsp
 .text.attcProcMtuRsp
                0x000000000001e4ec       0x74 bin/attc_proc.o
                0x000000000001e4ec                attcProcMtuRsp
 .text.attcProcFindOrReadRsp
                0x000000000001e560      0x174 bin/attc_proc.o
                0x000000000001e560                attcProcFindOrReadRsp
 .text.attcProcReadRsp
                0x000000000001e6d4       0x1c bin/attc_proc.o
                0x000000000001e6d4                attcProcReadRsp
 .text.attcProcWriteRsp
                0x000000000001e6f0       0x22 bin/attc_proc.o
                0x000000000001e6f0                attcProcWriteRsp
 *fill*         0x000000000001e712        0x2 
 .text.attcProcRsp
                0x000000000001e714      0x12c bin/attc_proc.o
                0x000000000001e714                attcProcRsp
 .text.attcProcInd
                0x000000000001e840       0xe0 bin/attc_proc.o
                0x000000000001e840                attcProcInd
 .text.attcSendMsg
                0x000000000001e920      0x100 bin/attc_proc.o
                0x000000000001e920                attcSendMsg
 .text.AttcWriteReq
                0x000000000001ea20       0x82 bin/attc_proc.o
                0x000000000001ea20                AttcWriteReq
 .text.AttcMtuReq
                0x000000000001eaa2       0x68 bin/attc_proc.o
                0x000000000001eaa2                AttcMtuReq
 .text.AttcIndConfirm
                0x000000000001eb0a       0x6a bin/attc_proc.o
                0x000000000001eb0a                AttcIndConfirm
 .text.attcProcFindByTypeRsp
                0x000000000001eb74       0xf6 bin/attc_read.o
                0x000000000001eb74                attcProcFindByTypeRsp
 .text.attcProcReadLongRsp
                0x000000000001ec6a       0x48 bin/attc_read.o
                0x000000000001ec6a                attcProcReadLongRsp
 .text.attcProcPrepWriteRsp
                0x000000000001ecb2       0x48 bin/attc_write.o
                0x000000000001ecb2                attcProcPrepWriteRsp
 *fill*         0x000000000001ecfa        0x2 
 .text.attsCccCback
                0x000000000001ecfc       0x4c bin/atts_ccc.o
 .text.attsCccAllocTbl
                0x000000000001ed48       0x4c bin/atts_ccc.o
 .text.attsCccGetTbl
                0x000000000001ed94       0x24 bin/atts_ccc.o
 .text.attsCccFreeTbl
                0x000000000001edb8       0x40 bin/atts_ccc.o
 .text.attsCccReadValue
                0x000000000001edf8       0x9c bin/atts_ccc.o
 .text.attsCccWriteValue
                0x000000000001ee94       0xdc bin/atts_ccc.o
 .text.attsCccMainCback
                0x000000000001ef70       0x50 bin/atts_ccc.o
 .text.AttsCccRegister
                0x000000000001efc0       0x40 bin/atts_ccc.o
                0x000000000001efc0                AttsCccRegister
 .text.AttsCccInitTable
                0x000000000001f000       0x90 bin/atts_ccc.o
                0x000000000001f000                AttsCccInitTable
 .text.AttsCccClearTable
                0x000000000001f090       0x28 bin/atts_ccc.o
                0x000000000001f090                AttsCccClearTable
 .text.attsCsfSetHashUpdateStatus
                0x000000000001f0b8       0x74 bin/atts_csf.o
                0x000000000001f0b8                attsCsfSetHashUpdateStatus
 .text.attsCsfGetHashUpdateStatus
                0x000000000001f12c       0x18 bin/atts_csf.o
                0x000000000001f12c                attsCsfGetHashUpdateStatus
 .text.attsCsfIsClientChangeAware
                0x000000000001f144       0x50 bin/atts_csf.o
                0x000000000001f144                attsCsfIsClientChangeAware
 .text.attsCsfActClientState
                0x000000000001f194      0x12c bin/atts_csf.o
                0x000000000001f194                attsCsfActClientState
 .text.AttsCsfWriteFeatures
                0x000000000001f2c0       0x88 bin/atts_csf.o
                0x000000000001f2c0                AttsCsfWriteFeatures
 .text.AttsCsfGetFeatures
                0x000000000001f348       0x38 bin/atts_csf.o
                0x000000000001f348                AttsCsfGetFeatures
 .text.attsIndCcbByConnId
                0x000000000001f380       0x48 bin/atts_ind.o
 .text.attsPendIndNtfHandle
                0x000000000001f3c8       0x7e bin/atts_ind.o
 .text.attsSetPendNtfHandle
                0x000000000001f446       0x48 bin/atts_ind.o
 .text.attsExecCallback
                0x000000000001f48e       0x2a bin/atts_ind.o
 .text.attsIndNtfCallback
                0x000000000001f4b8       0x76 bin/atts_ind.o
 *fill*         0x000000000001f52e        0x2 
 .text.attsSetupMsg
                0x000000000001f530       0x8c bin/atts_ind.o
 .text.attsIndConnCback
                0x000000000001f5bc       0x78 bin/atts_ind.o
 .text.attsIndMsgCback
                0x000000000001f634       0xc8 bin/atts_ind.o
 .text.attsIndCtrlCback
                0x000000000001f6fc       0x34 bin/atts_ind.o
 .text.attsHandleValueIndNtf
                0x000000000001f730      0x180 bin/atts_ind.o
 .text.attsProcValueCnf
                0x000000000001f8b0       0x62 bin/atts_ind.o
                0x000000000001f8b0                attsProcValueCnf
 *fill*         0x000000000001f912        0x2 
 .text.AttsIndInit
                0x000000000001f914       0x6c bin/atts_ind.o
                0x000000000001f914                AttsIndInit
 .text.AttsHandleValueNtf
                0x000000000001f980       0x30 bin/atts_ind.o
                0x000000000001f980                AttsHandleValueNtf
 .text.attsDataCback
                0x000000000001f9b0      0x134 bin/atts_main.o
 .text.attsConnCback
                0x000000000001fae4       0x50 bin/atts_main.o
 .text.attsMsgCback
                0x000000000001fb34       0x64 bin/atts_main.o
 .text.attsL2cCtrlCback
                0x000000000001fb98       0x20 bin/atts_main.o
 .text.attsErrRsp
                0x000000000001fbb8       0x80 bin/atts_main.o
                0x000000000001fbb8                attsErrRsp
 .text.attsClearPrepWrites
                0x000000000001fc38       0x2a bin/atts_main.o
                0x000000000001fc38                attsClearPrepWrites
 *fill*         0x000000000001fc62        0x2 
 .text.attsDiscBusy
                0x000000000001fc64       0x60 bin/atts_main.o
                0x000000000001fc64                attsDiscBusy
 .text.attsProcessDatabaseHashUpdate
                0x000000000001fcc4       0x98 bin/atts_main.o
                0x000000000001fcc4                attsProcessDatabaseHashUpdate
 .text.attsCheckPendDbHashReadRsp
                0x000000000001fd5c      0x120 bin/atts_main.o
                0x000000000001fd5c                attsCheckPendDbHashReadRsp
 .text.attsIsHashableAttr
                0x000000000001fe7c       0xc4 bin/atts_main.o
                0x000000000001fe7c                attsIsHashableAttr
 .text.AttsInit
                0x000000000001ff40       0x40 bin/atts_main.o
                0x000000000001ff40                AttsInit
 .text.AttsHashDatabaseString
                0x000000000001ff80       0x34 bin/atts_main.o
                0x000000000001ff80                AttsHashDatabaseString
 .text.AttsCalculateDbHash
                0x000000000001ffb4      0x190 bin/atts_main.o
                0x000000000001ffb4                AttsCalculateDbHash
 .text.AttsAddGroup
                0x0000000000020144       0x58 bin/atts_main.o
                0x0000000000020144                AttsAddGroup
 .text.AttsSetAttr
                0x000000000002019c       0x74 bin/atts_main.o
                0x000000000002019c                AttsSetAttr
 .text.attsUuidCmp
                0x0000000000020210       0x86 bin/atts_proc.o
                0x0000000000020210                attsUuidCmp
 .text.attsUuid16Cmp
                0x0000000000020296       0x4c bin/atts_proc.o
                0x0000000000020296                attsUuid16Cmp
 *fill*         0x00000000000202e2        0x2 
 .text.attsFindByHandle
                0x00000000000202e4       0x60 bin/atts_proc.o
                0x00000000000202e4                attsFindByHandle
 .text.attsFindInRange
                0x0000000000020344       0x7c bin/atts_proc.o
                0x0000000000020344                attsFindInRange
 .text.attsPermissions
                0x00000000000203c0       0xbc bin/atts_proc.o
                0x00000000000203c0                attsPermissions
 .text.attsProcMtuReq
                0x000000000002047c       0xbc bin/atts_proc.o
                0x000000000002047c                attsProcMtuReq
 .text.attsProcFindInfoReq
                0x0000000000020538      0x1da bin/atts_proc.o
                0x0000000000020538                attsProcFindInfoReq
 *fill*         0x0000000000020712        0x2 
 .text.attsProcReadReq
                0x0000000000020714      0x154 bin/atts_proc.o
                0x0000000000020714                attsProcReadReq
 .text.attsFindUuidInRange
                0x0000000000020868       0xcc bin/atts_read.o
                0x0000000000020868                attsFindUuidInRange
 .text.attsFindServiceGroupEnd
                0x0000000000020934       0xd8 bin/atts_read.o
                0x0000000000020934                attsFindServiceGroupEnd
 .text.attsProcReadBlobReq
                0x0000000000020a0c      0x190 bin/atts_read.o
                0x0000000000020a0c                attsProcReadBlobReq
 .text.attsProcFindTypeReq
                0x0000000000020b9c      0x1ec bin/atts_read.o
                0x0000000000020b9c                attsProcFindTypeReq
 .text.attsProcReadTypeReq
                0x0000000000020d88      0x378 bin/atts_read.o
                0x0000000000020d88                attsProcReadTypeReq
 .text.attsProcReadMultReq
                0x0000000000021100      0x1c0 bin/atts_read.o
                0x0000000000021100                attsProcReadMultReq
 .text.attsProcReadGroupTypeReq
                0x00000000000212c0      0x2cc bin/atts_read.o
                0x00000000000212c0                attsProcReadGroupTypeReq
 .text.attsExecPrepWrite
                0x000000000002158c       0xf0 bin/atts_write.o
 .text.attsProcWrite
                0x000000000002167c      0x1cc bin/atts_write.o
                0x000000000002167c                attsProcWrite
 .text.attsProcPrepWriteReq
                0x0000000000021848      0x210 bin/atts_write.o
                0x0000000000021848                attsProcPrepWriteReq
 .text.attsProcExecWriteReq
                0x0000000000021a58      0x12e bin/atts_write.o
                0x0000000000021a58                attsProcExecWriteReq
 .text.BdaCpy   0x0000000000021b86       0x1c bin/bda.o
                0x0000000000021b86                BdaCpy
 .text.BdaCmp   0x0000000000021ba2       0x28 bin/bda.o
                0x0000000000021ba2                BdaCmp
 .text.BdaClr   0x0000000000021bca       0x1e bin/bda.o
                0x0000000000021bca                BdaClr
 .text.Calc128Cpy
                0x0000000000021be8       0x1c bin/calc128.o
                0x0000000000021be8                Calc128Cpy
 .text.Calc128Xor
                0x0000000000021c04       0x40 bin/calc128.o
                0x0000000000021c04                Calc128Xor
 .text.dmAdvCbInit
                0x0000000000021c44       0x64 bin/dm_adv.o
                0x0000000000021c44                dmAdvCbInit
 .text.dmAdvInit
                0x0000000000021ca8       0x40 bin/dm_adv.o
                0x0000000000021ca8                dmAdvInit
 .text.dmAdvGenConnCmpl
                0x0000000000021ce8       0x70 bin/dm_adv.o
                0x0000000000021ce8                dmAdvGenConnCmpl
 .text.DmAdvConfig
                0x0000000000021d58       0x60 bin/dm_adv.o
                0x0000000000021d58                DmAdvConfig
 .text.DmAdvSetData
                0x0000000000021db8       0x78 bin/dm_adv.o
                0x0000000000021db8                DmAdvSetData
 .text.DmAdvStart
                0x0000000000021e30       0x90 bin/dm_adv.o
                0x0000000000021e30                DmAdvStart
 .text.DmAdvStop
                0x0000000000021ec0       0x64 bin/dm_adv.o
                0x0000000000021ec0                DmAdvStop
 .text.DmAdvSetInterval
                0x0000000000021f24       0x40 bin/dm_adv.o
                0x0000000000021f24                DmAdvSetInterval
 .text.DmAdvSetAdValue
                0x0000000000021f64      0x112 bin/dm_adv.o
                0x0000000000021f64                DmAdvSetAdValue
 .text.DmAdvSetName
                0x0000000000022076      0x102 bin/dm_adv.o
                0x0000000000022076                DmAdvSetName
 .text.dmAdvConfig
                0x0000000000022178       0x64 bin/dm_adv_leg.o
 .text.dmAdvActConfig
                0x00000000000221dc       0x58 bin/dm_adv_leg.o
                0x00000000000221dc                dmAdvActConfig
 .text.dmAdvActSetData
                0x0000000000022234       0x58 bin/dm_adv_leg.o
                0x0000000000022234                dmAdvActSetData
 .text.dmAdvActStart
                0x000000000002228c       0x5c bin/dm_adv_leg.o
                0x000000000002228c                dmAdvActStart
 .text.dmAdvActStop
                0x00000000000222e8       0x54 bin/dm_adv_leg.o
                0x00000000000222e8                dmAdvActStop
 .text.dmAdvActRemoveSet
                0x000000000002233c       0x14 bin/dm_adv_leg.o
                0x000000000002233c                dmAdvActRemoveSet
 .text.dmAdvActClearSets
                0x0000000000022350       0x14 bin/dm_adv_leg.o
                0x0000000000022350                dmAdvActClearSets
 .text.dmAdvActSetRandAddr
                0x0000000000022364       0x14 bin/dm_adv_leg.o
                0x0000000000022364                dmAdvActSetRandAddr
 .text.dmAdvActTimeout
                0x0000000000022378       0x34 bin/dm_adv_leg.o
                0x0000000000022378                dmAdvActTimeout
 .text.dmAdvReset
                0x00000000000223ac       0x4c bin/dm_adv_leg.o
                0x00000000000223ac                dmAdvReset
 .text.dmAdvHciHandler
                0x00000000000223f8      0x118 bin/dm_adv_leg.o
                0x00000000000223f8                dmAdvHciHandler
 .text.dmAdvMsgHandler
                0x0000000000022510       0x28 bin/dm_adv_leg.o
                0x0000000000022510                dmAdvMsgHandler
 .text.dmAdvStartDirected
                0x0000000000022538       0x68 bin/dm_adv_leg.o
                0x0000000000022538                dmAdvStartDirected
 .text.dmAdvStopDirected
                0x00000000000225a0       0x50 bin/dm_adv_leg.o
                0x00000000000225a0                dmAdvStopDirected
 .text.dmAdvConnected
                0x00000000000225f0       0x3c bin/dm_adv_leg.o
                0x00000000000225f0                dmAdvConnected
 .text.dmAdvConnectFailed
                0x000000000002262c       0x3c bin/dm_adv_leg.o
                0x000000000002262c                dmAdvConnectFailed
 .text.DmAdvInit
                0x0000000000022668       0x34 bin/dm_adv_leg.o
                0x0000000000022668                DmAdvInit
 .text.dmConnCmplStates
                0x000000000002269c       0x68 bin/dm_conn.o
 .text.dmConnCcbAlloc
                0x0000000000022704       0x94 bin/dm_conn.o
                0x0000000000022704                dmConnCcbAlloc
 .text.dmConnCcbDealloc
                0x0000000000022798       0x28 bin/dm_conn.o
                0x0000000000022798                dmConnCcbDealloc
 .text.dmConnCcbByHandle
                0x00000000000227c0       0x58 bin/dm_conn.o
                0x00000000000227c0                dmConnCcbByHandle
 .text.dmConnCcbByBdAddr
                0x0000000000022818       0x58 bin/dm_conn.o
                0x0000000000022818                dmConnCcbByBdAddr
 .text.dmConnCcbById
                0x0000000000022870       0x48 bin/dm_conn.o
                0x0000000000022870                dmConnCcbById
 .text.dmConnNum
                0x00000000000228b8       0x48 bin/dm_conn.o
                0x00000000000228b8                dmConnNum
 .text.dmConnExecCback
                0x0000000000022900       0x44 bin/dm_conn.o
                0x0000000000022900                dmConnExecCback
 .text.dmConnOpenAccept
                0x0000000000022944       0xe8 bin/dm_conn.o
                0x0000000000022944                dmConnOpenAccept
 .text.dmConnSmActNone
                0x0000000000022a2c       0x16 bin/dm_conn.o
                0x0000000000022a2c                dmConnSmActNone
 .text.dmConnSmActClose
                0x0000000000022a42       0x22 bin/dm_conn.o
                0x0000000000022a42                dmConnSmActClose
 .text.dmConnSmActConnOpened
                0x0000000000022a64       0xf4 bin/dm_conn.o
                0x0000000000022a64                dmConnSmActConnOpened
 .text.dmConnSmActConnFailed
                0x0000000000022b58       0x5a bin/dm_conn.o
                0x0000000000022b58                dmConnSmActConnFailed
 .text.dmConnSmActConnClosed
                0x0000000000022bb2       0x4e bin/dm_conn.o
                0x0000000000022bb2                dmConnSmActConnClosed
 .text.dmConnSmActHciUpdated
                0x0000000000022c00       0x28 bin/dm_conn.o
                0x0000000000022c00                dmConnSmActHciUpdated
 .text.dmConnReset
                0x0000000000022c28       0xb4 bin/dm_conn.o
                0x0000000000022c28                dmConnReset
 .text.dmConnMsgHandler
                0x0000000000022cdc       0x2c bin/dm_conn.o
                0x0000000000022cdc                dmConnMsgHandler
 .text.dmConnHciHandler
                0x0000000000022d08       0xa2 bin/dm_conn.o
                0x0000000000022d08                dmConnHciHandler
 *fill*         0x0000000000022daa        0x2 
 .text.dmConn2MsgHandler
                0x0000000000022dac       0xd0 bin/dm_conn.o
                0x0000000000022dac                dmConn2MsgHandler
 .text.dmConn2HciHandler
                0x0000000000022e7c      0x108 bin/dm_conn.o
                0x0000000000022e7c                dmConn2HciHandler
 .text.dmConn2ActRssiRead
                0x0000000000022f84       0x48 bin/dm_conn.o
 .text.dmConn2ActRemoteConnParamReq
                0x0000000000022fcc       0x54 bin/dm_conn.o
 .text.dmConn2ActDataLenChange
                0x0000000000023020       0x54 bin/dm_conn.o
 .text.dmConn2ActWriteAuthToCmpl
                0x0000000000023074       0x40 bin/dm_conn.o
 .text.dmConn2ActAuthToExpired
                0x00000000000230b4       0x3c bin/dm_conn.o
 .text.dmConn2ActReadRemoteFeaturesCmpl
                0x00000000000230f0       0x7c bin/dm_conn.o
 .text.dmConn2ActReadRemoteVerInfoCmpl
                0x000000000002316c       0x54 bin/dm_conn.o
 .text.DmConnInit
                0x00000000000231c0       0x34 bin/dm_conn.o
                0x00000000000231c0                DmConnInit
 .text.DmConnRegister
                0x00000000000231f4       0x2c bin/dm_conn.o
                0x00000000000231f4                DmConnRegister
 .text.DmConnClose
                0x0000000000023220       0x5c bin/dm_conn.o
                0x0000000000023220                DmConnClose
 .text.DmReadRemoteFeatures
                0x000000000002327c       0xac bin/dm_conn.o
                0x000000000002327c                DmReadRemoteFeatures
 .text.DmConnUpdate
                0x0000000000023328       0x60 bin/dm_conn.o
                0x0000000000023328                DmConnUpdate
 .text.DmRemoteConnParamReqReply
                0x0000000000023388       0x50 bin/dm_conn.o
                0x0000000000023388                DmRemoteConnParamReqReply
 .text.DmRemoteConnParamReqNegReply
                0x00000000000233d8       0x4c bin/dm_conn.o
                0x00000000000233d8                DmRemoteConnParamReqNegReply
 .text.DmConnSetDataLen
                0x0000000000023424       0x54 bin/dm_conn.o
                0x0000000000023424                DmConnSetDataLen
 .text.DmConnIdByHandle
                0x0000000000023478       0x50 bin/dm_conn.o
                0x0000000000023478                DmConnIdByHandle
 .text.DmConnInUse
                0x00000000000234c8       0x30 bin/dm_conn.o
                0x00000000000234c8                DmConnInUse
 .text.DmConnPeerAddrType
                0x00000000000234f8       0x30 bin/dm_conn.o
                0x00000000000234f8                DmConnPeerAddrType
 .text.DmConnPeerAddr
                0x0000000000023528       0x2c bin/dm_conn.o
                0x0000000000023528                DmConnPeerAddr
 .text.DmConnSecLevel
                0x0000000000023554       0x30 bin/dm_conn.o
                0x0000000000023554                DmConnSecLevel
 .text.DmConnSetIdle
                0x0000000000023584       0xc8 bin/dm_conn.o
                0x0000000000023584                DmConnSetIdle
 .text.DmConnCheckIdle
                0x000000000002364c       0x38 bin/dm_conn.o
                0x000000000002364c                DmConnCheckIdle
 .text.DmConnRole
                0x0000000000023684       0x30 bin/dm_conn.o
                0x0000000000023684                DmConnRole
 .text.dmConnSmActCancelOpen
                0x00000000000236b4       0x22 bin/dm_conn_master.o
                0x00000000000236b4                dmConnSmActCancelOpen
 .text.dmConnSmActUpdateMaster
                0x00000000000236d6       0x22 bin/dm_conn_master.o
                0x00000000000236d6                dmConnSmActUpdateMaster
 .text.dmConnSmActL2cUpdateInd
                0x00000000000236f8       0x32 bin/dm_conn_master.o
                0x00000000000236f8                dmConnSmActL2cUpdateInd
 .text.DmL2cConnUpdateInd
                0x000000000002372a       0x40 bin/dm_conn_master.o
                0x000000000002372a                DmL2cConnUpdateInd
 .text.DmConnOpen
                0x000000000002376a       0x3e bin/dm_conn_master.o
                0x000000000002376a                DmConnOpen
 .text.dmConnOpen
                0x00000000000237a8       0x88 bin/dm_conn_master_leg.o
 .text.dmConnSmActOpen
                0x0000000000023830       0x24 bin/dm_conn_master_leg.o
                0x0000000000023830                dmConnSmActOpen
 .text.DmConnMasterInit
                0x0000000000023854       0x1c bin/dm_conn_master_leg.o
                0x0000000000023854                DmConnMasterInit
 .text.dmConnUpdateCback
                0x0000000000023870       0x40 bin/dm_conn_slave.o
 .text.dmConnSmActUpdateSlave
                0x00000000000238b0       0x66 bin/dm_conn_slave.o
                0x00000000000238b0                dmConnSmActUpdateSlave
 .text.dmConnSmActL2cUpdateCnf
                0x0000000000023916       0x36 bin/dm_conn_slave.o
                0x0000000000023916                dmConnSmActL2cUpdateCnf
 .text.DmL2cConnUpdateCnf
                0x000000000002394c       0x3c bin/dm_conn_slave.o
                0x000000000002394c                DmL2cConnUpdateCnf
 .text.DmL2cCmdRejInd
                0x0000000000023988       0x3c bin/dm_conn_slave.o
                0x0000000000023988                DmL2cCmdRejInd
 .text.dmConnSmActAccept
                0x00000000000239c4       0x26 bin/dm_conn_slave_leg.o
                0x00000000000239c4                dmConnSmActAccept
 .text.dmConnSmActCancelAccept
                0x00000000000239ea       0x1e bin/dm_conn_slave_leg.o
                0x00000000000239ea                dmConnSmActCancelAccept
 .text.dmConnSmActConnAccepted
                0x0000000000023a08       0x1e bin/dm_conn_slave_leg.o
                0x0000000000023a08                dmConnSmActConnAccepted
 .text.dmConnSmActAcceptFailed
                0x0000000000023a26       0x1e bin/dm_conn_slave_leg.o
                0x0000000000023a26                dmConnSmActAcceptFailed
 .text.DmConnSlaveInit
                0x0000000000023a44       0x1c bin/dm_conn_slave_leg.o
                0x0000000000023a44                DmConnSlaveInit
 .text.dmConnSmExecute
                0x0000000000023a60       0xac bin/dm_conn_sm.o
                0x0000000000023a60                dmConnSmExecute
 .text.dmDevActReset
                0x0000000000023b0c       0x48 bin/dm_dev.o
                0x0000000000023b0c                dmDevActReset
 .text.dmDevHciEvtReset
                0x0000000000023b54       0x28 bin/dm_dev.o
 .text.dmDevHciEvtVendorSpec
                0x0000000000023b7c       0x24 bin/dm_dev.o
 .text.dmDevHciEvtHwError
                0x0000000000023ba0       0x24 bin/dm_dev.o
 .text.dmDevHciHandler
                0x0000000000023bc4       0x46 bin/dm_dev.o
                0x0000000000023bc4                dmDevHciHandler
 *fill*         0x0000000000023c0a        0x2 
 .text.dmDevMsgHandler
                0x0000000000023c0c       0x1c bin/dm_dev.o
                0x0000000000023c0c                dmDevMsgHandler
 .text.dmDevPassEvtToDevPriv
                0x0000000000023c28       0x5c bin/dm_dev.o
                0x0000000000023c28                dmDevPassEvtToDevPriv
 .text.dmDevPassEvtToConnCte
                0x0000000000023c84       0x38 bin/dm_dev.o
                0x0000000000023c84                dmDevPassEvtToConnCte
 .text.DmDevReset
                0x0000000000023cbc       0x40 bin/dm_dev.o
                0x0000000000023cbc                DmDevReset
 .text.DmDevVsInit
                0x0000000000023cfc       0x1a bin/dm_dev.o
                0x0000000000023cfc                DmDevVsInit
 *fill*         0x0000000000023d16        0x2 
 .text.dmHciEvtCback
                0x0000000000023d18       0x44 bin/dm_main.o
 .text.dmEmptyReset
                0x0000000000023d5c        0xe bin/dm_main.o
                0x0000000000023d5c                dmEmptyReset
 .text.dmEmptyHandler
                0x0000000000023d6a       0x14 bin/dm_main.o
                0x0000000000023d6a                dmEmptyHandler
 *fill*         0x0000000000023d7e        0x2 
 .text.dmDevPassHciEvtToConn
                0x0000000000023d80       0x20 bin/dm_main.o
                0x0000000000023d80                dmDevPassHciEvtToConn
 .text.DmRegister
                0x0000000000023da0       0x50 bin/dm_main.o
                0x0000000000023da0                DmRegister
 .text.DmFindAdType
                0x0000000000023df0       0x66 bin/dm_main.o
                0x0000000000023df0                DmFindAdType
 *fill*         0x0000000000023e56        0x2 
 .text.DmHandlerInit
                0x0000000000023e58       0x34 bin/dm_main.o
                0x0000000000023e58                DmHandlerInit
 .text.DmHandler
                0x0000000000023e8c       0x40 bin/dm_main.o
                0x0000000000023e8c                DmHandler
 .text.DmLlPrivEnabled
                0x0000000000023ecc       0x18 bin/dm_main.o
                0x0000000000023ecc                DmLlPrivEnabled
 .text.DmLlAddrType
                0x0000000000023ee4       0x40 bin/dm_main.o
                0x0000000000023ee4                DmLlAddrType
 .text.DmHostAddrType
                0x0000000000023f24       0x40 bin/dm_main.o
                0x0000000000023f24                DmHostAddrType
 .text.dmScanPhyToIdx
                0x0000000000023f64       0x50 bin/dm_main.o
 .text.DmScanPhyToIdx
                0x0000000000023fb4       0x1e bin/dm_main.o
                0x0000000000023fb4                DmScanPhyToIdx
 .text.dmPhyHciHandler
                0x0000000000023fd2       0x56 bin/dm_phy.o
                0x0000000000023fd2                dmPhyHciHandler
 .text.dmPhyActPhyRead
                0x0000000000024028       0x4c bin/dm_phy.o
 .text.dmPhyActDefPhySet
                0x0000000000024074       0x34 bin/dm_phy.o
 .text.dmPhyActPhyUpdate
                0x00000000000240a8       0x4c bin/dm_phy.o
 .text.DmPhyInit
                0x00000000000240f4       0x1c bin/dm_phy.o
                0x00000000000240f4                DmPhyInit
 .text.DmPrivResolveAddr
                0x0000000000024110       0x58 bin/dm_priv.o
                0x0000000000024110                DmPrivResolveAddr
 .text.DmPrivAddDevToResList
                0x0000000000024168       0x78 bin/dm_priv.o
                0x0000000000024168                DmPrivAddDevToResList
 .text.DmPrivSetPrivacyMode
                0x00000000000241e0       0x54 bin/dm_priv.o
                0x00000000000241e0                DmPrivSetPrivacyMode
 .text.dmScanInit
                0x0000000000024234       0x60 bin/dm_scan.o
                0x0000000000024234                dmScanInit
 .text.DmScanStart
                0x0000000000024294       0xa4 bin/dm_scan.o
                0x0000000000024294                DmScanStart
 .text.DmScanStop
                0x0000000000024338       0x34 bin/dm_scan.o
                0x0000000000024338                DmScanStop
 .text.dmScanSetInterval
                0x000000000002436c       0x4c bin/dm_scan.o
 .text.DmScanSetInterval
                0x00000000000243b8       0x6c bin/dm_scan.o
                0x00000000000243b8                DmScanSetInterval
 .text.dmScanActStart
                0x0000000000024424       0xb0 bin/dm_scan_leg.o
                0x0000000000024424                dmScanActStart
 .text.dmScanActStop
                0x00000000000244d4       0x2c bin/dm_scan_leg.o
                0x00000000000244d4                dmScanActStop
 .text.dmScanActTimeout
                0x0000000000024500       0x16 bin/dm_scan_leg.o
                0x0000000000024500                dmScanActTimeout
 *fill*         0x0000000000024516        0x2 
 .text.dmScanActHciReport
                0x0000000000024518       0xa0 bin/dm_scan_leg.o
 .text.dmScanReset
                0x00000000000245b8       0x48 bin/dm_scan_leg.o
                0x00000000000245b8                dmScanReset
 .text.dmScanHciHandler
                0x0000000000024600       0xbc bin/dm_scan_leg.o
                0x0000000000024600                dmScanHciHandler
 .text.dmScanMsgHandler
                0x00000000000246bc       0x28 bin/dm_scan_leg.o
                0x00000000000246bc                dmScanMsgHandler
 .text.DmScanInit
                0x00000000000246e4       0x24 bin/dm_scan_leg.o
                0x00000000000246e4                DmScanInit
 .text.DmScanModeLeg
                0x0000000000024708       0x28 bin/dm_scan_leg.o
                0x0000000000024708                DmScanModeLeg
 .text.DmSecCancelReq
                0x0000000000024730       0x40 bin/dm_sec.o
                0x0000000000024730                DmSecCancelReq
 .text.DmSecGetLocalIrk
                0x0000000000024770       0x18 bin/dm_sec.o
                0x0000000000024770                DmSecGetLocalIrk
 .text.DmSecPairReq
                0x0000000000024788       0x6e bin/dm_sec_master.o
                0x0000000000024788                DmSecPairReq
 *fill*         0x00000000000247f6        0x2 
 .text.DmSecEncryptReq
                0x00000000000247f8       0x58 bin/dm_sec_master.o
                0x00000000000247f8                DmSecEncryptReq
 .text.DmSecPairRsp
                0x0000000000024850       0x6e bin/dm_sec_slave.o
                0x0000000000024850                DmSecPairRsp
 .text.DmSecSlaveReq
                0x00000000000248be       0x40 bin/dm_sec_slave.o
                0x00000000000248be                DmSecSlaveReq
 *fill*         0x00000000000248fe        0x2 
 .text.DmSecLtkRsp
                0x0000000000024900       0x68 bin/dm_sec_slave.o
                0x0000000000024900                DmSecLtkRsp
 .text.xEventGroupCreate
                0x0000000000024968       0x2e bin/event_groups.o
                0x0000000000024968                xEventGroupCreate
 *fill*         0x0000000000024996        0x2 
 .text.xEventGroupWaitBits
                0x0000000000024998      0x114 bin/event_groups.o
                0x0000000000024998                xEventGroupWaitBits
 .text.xEventGroupSetBits
                0x0000000000024aac       0xda bin/event_groups.o
                0x0000000000024aac                xEventGroupSetBits
 .text.vEventGroupSetBitsCallback
                0x0000000000024b86       0x1a bin/event_groups.o
                0x0000000000024b86                vEventGroupSetBitsCallback
 .text.prvTestWaitCondition
                0x0000000000024ba0       0x44 bin/event_groups.o
 .text.GattSetSvcChangedIdx
                0x0000000000024be4       0x28 bin/gatt_main.o
                0x0000000000024be4                GattSetSvcChangedIdx
 .text.GattReadCback
                0x0000000000024c0c       0x48 bin/gatt_main.o
                0x0000000000024c0c                GattReadCback
 .text.GattWriteCback
                0x0000000000024c54       0x46 bin/gatt_main.o
                0x0000000000024c54                GattWriteCback
 .text.hciCmdAlloc
                0x0000000000024c9a       0x5c bin/hci_cmd.o
                0x0000000000024c9a                hciCmdAlloc
 *fill*         0x0000000000024cf6        0x2 
 .text.hciCmdSend
                0x0000000000024cf8       0x98 bin/hci_cmd.o
                0x0000000000024cf8                hciCmdSend
 .text.hciCmdInit
                0x0000000000024d90       0x38 bin/hci_cmd.o
                0x0000000000024d90                hciCmdInit
 .text.hciCmdTimeout
                0x0000000000024dc8       0x1e bin/hci_cmd.o
                0x0000000000024dc8                hciCmdTimeout
 *fill*         0x0000000000024de6        0x2 
 .text.hciCmdRecvCmpl
                0x0000000000024de8       0x28 bin/hci_cmd.o
                0x0000000000024de8                hciCmdRecvCmpl
 .text.HciDisconnectCmd
                0x0000000000024e10       0x5c bin/hci_cmd.o
                0x0000000000024e10                HciDisconnectCmd
 .text.HciLeConnUpdateCmd
                0x0000000000024e6c      0x10e bin/hci_cmd.o
                0x0000000000024e6c                HciLeConnUpdateCmd
 .text.HciLeCreateConnCmd
                0x0000000000024f7a      0x16c bin/hci_cmd.o
                0x0000000000024f7a                HciLeCreateConnCmd
 .text.HciLeCreateConnCancelCmd
                0x00000000000250e6       0x26 bin/hci_cmd.o
                0x00000000000250e6                HciLeCreateConnCancelCmd
 .text.HciLeRemoteConnParamReqReply
                0x000000000002510c      0x108 bin/hci_cmd.o
                0x000000000002510c                HciLeRemoteConnParamReqReply
 .text.HciLeRemoteConnParamReqNegReply
                0x0000000000025214       0x5c bin/hci_cmd.o
                0x0000000000025214                HciLeRemoteConnParamReqNegReply
 .text.HciLeSetDataLen
                0x0000000000025270       0x8c bin/hci_cmd.o
                0x0000000000025270                HciLeSetDataLen
 .text.HciLeWriteDefDataLen
                0x00000000000252fc       0x6e bin/hci_cmd.o
                0x00000000000252fc                HciLeWriteDefDataLen
 .text.HciLeReadMaxDataLen
                0x000000000002536a       0x26 bin/hci_cmd.o
                0x000000000002536a                HciLeReadMaxDataLen
 .text.HciLeEncryptCmd
                0x0000000000025390       0x4a bin/hci_cmd.o
                0x0000000000025390                HciLeEncryptCmd
 .text.HciLeRandCmd
                0x00000000000253da       0x26 bin/hci_cmd.o
                0x00000000000253da                HciLeRandCmd
 .text.HciLeReadBufSizeCmd
                0x0000000000025400       0x26 bin/hci_cmd.o
                0x0000000000025400                HciLeReadBufSizeCmd
 .text.HciLeReadLocalSupFeatCmd
                0x0000000000025426       0x26 bin/hci_cmd.o
                0x0000000000025426                HciLeReadLocalSupFeatCmd
 .text.HciLeReadRemoteFeatCmd
                0x000000000002544c       0x4c bin/hci_cmd.o
                0x000000000002544c                HciLeReadRemoteFeatCmd
 .text.HciLeReadSupStatesCmd
                0x0000000000025498       0x26 bin/hci_cmd.o
                0x0000000000025498                HciLeReadSupStatesCmd
 .text.HciLeReadWhiteListSizeCmd
                0x00000000000254be       0x26 bin/hci_cmd.o
                0x00000000000254be                HciLeReadWhiteListSizeCmd
 .text.HciLeSetAdvEnableCmd
                0x00000000000254e4       0x3a bin/hci_cmd.o
                0x00000000000254e4                HciLeSetAdvEnableCmd
 .text.HciLeSetAdvDataCmd
                0x000000000002551e       0x60 bin/hci_cmd.o
                0x000000000002551e                HciLeSetAdvDataCmd
 .text.HciLeSetAdvParamCmd
                0x000000000002557e       0xd2 bin/hci_cmd.o
                0x000000000002557e                HciLeSetAdvParamCmd
 .text.HciLeSetEventMaskCmd
                0x0000000000025650       0x38 bin/hci_cmd.o
                0x0000000000025650                HciLeSetEventMaskCmd
 .text.HciLeSetScanEnableCmd
                0x0000000000025688       0x4a bin/hci_cmd.o
                0x0000000000025688                HciLeSetScanEnableCmd
 .text.HciLeSetScanParamCmd
                0x00000000000256d2       0x9c bin/hci_cmd.o
                0x00000000000256d2                HciLeSetScanParamCmd
 .text.HciLeSetScanRespDataCmd
                0x000000000002576e       0x60 bin/hci_cmd.o
                0x000000000002576e                HciLeSetScanRespDataCmd
 .text.HciReadBdAddrCmd
                0x00000000000257ce       0x26 bin/hci_cmd.o
                0x00000000000257ce                HciReadBdAddrCmd
 .text.HciReadRssiCmd
                0x00000000000257f4       0x4c bin/hci_cmd.o
                0x00000000000257f4                HciReadRssiCmd
 .text.hciClearCmdQueue
                0x0000000000025840       0x38 bin/hci_cmd.o
                0x0000000000025840                hciClearCmdQueue
 .text.HciResetCmd
                0x0000000000025878       0x3c bin/hci_cmd.o
                0x0000000000025878                HciResetCmd
 .text.HciSetEventMaskCmd
                0x00000000000258b4       0x38 bin/hci_cmd.o
                0x00000000000258b4                HciSetEventMaskCmd
 .text.HciSetEventMaskPage2Cmd
                0x00000000000258ec       0x38 bin/hci_cmd.o
                0x00000000000258ec                HciSetEventMaskPage2Cmd
 .text.HciWriteAuthPayloadTimeout
                0x0000000000025924       0x6e bin/hci_cmd.o
                0x0000000000025924                HciWriteAuthPayloadTimeout
 .text.HciLeReadResolvingListSize
                0x0000000000025992       0x26 bin/hci_cmd.o
                0x0000000000025992                HciLeReadResolvingListSize
 .text.HciVendorSpecificCmd
                0x00000000000259b8       0x46 bin/hci_cmd.o
                0x00000000000259b8                HciVendorSpecificCmd
 *fill*         0x00000000000259fe        0x2 
 .text.hciCoreConnAlloc
                0x0000000000025a00       0x5c bin/hci_core.o
 .text.hciCoreConnFree
                0x0000000000025a5c       0x84 bin/hci_core.o
 .text.hciCoreConnByHandle
                0x0000000000025ae0       0x48 bin/hci_core.o
                0x0000000000025ae0                hciCoreConnByHandle
 .text.hciCoreNextConnFragment
                0x0000000000025b28       0x4c bin/hci_core.o
 .text.hciCoreConnOpen
                0x0000000000025b74       0x1a bin/hci_core.o
                0x0000000000025b74                hciCoreConnOpen
 .text.hciCoreConnClose
                0x0000000000025b8e       0x1a bin/hci_core.o
                0x0000000000025b8e                hciCoreConnClose
 .text.hciCoreSendAclData
                0x0000000000025ba8       0x50 bin/hci_core.o
                0x0000000000025ba8                hciCoreSendAclData
 .text.hciCoreTxReady
                0x0000000000025bf8      0x108 bin/hci_core.o
                0x0000000000025bf8                hciCoreTxReady
 .text.hciCoreTxAclStart
                0x0000000000025d00       0xa4 bin/hci_core.o
                0x0000000000025d00                hciCoreTxAclStart
 .text.hciCoreTxAclContinue
                0x0000000000025da4       0xca bin/hci_core.o
                0x0000000000025da4                hciCoreTxAclContinue
 .text.hciCoreTxAclComplete
                0x0000000000025e6e       0x46 bin/hci_core.o
                0x0000000000025e6e                hciCoreTxAclComplete
 .text.hciCoreAclReassembly
                0x0000000000025eb4      0x1d4 bin/hci_core.o
                0x0000000000025eb4                hciCoreAclReassembly
 .text.HciCoreInit
                0x0000000000026088       0x6c bin/hci_core.o
                0x0000000000026088                HciCoreInit
 .text.HciResetSequence
                0x00000000000260f4       0xa0 bin/hci_core.o
                0x00000000000260f4                HciResetSequence
 .text.HciSetMaxRxAclLen
                0x0000000000026194       0x24 bin/hci_core.o
                0x0000000000026194                HciSetMaxRxAclLen
 .text.HciSendAclData
                0x00000000000261b8       0xd0 bin/hci_core.o
                0x00000000000261b8                HciSendAclData
 .text.hciCoreInit
                0x0000000000026288        0xc bin/hci_core_ps.o
                0x0000000000026288                hciCoreInit
 .text.hciCoreNumCmplPkts
                0x0000000000026294       0xd4 bin/hci_core_ps.o
                0x0000000000026294                hciCoreNumCmplPkts
 .text.hciCoreRecv
                0x0000000000026368       0x30 bin/hci_core_ps.o
                0x0000000000026368                hciCoreRecv
 .text.HciCoreHandler
                0x0000000000026398       0x88 bin/hci_core_ps.o
                0x0000000000026398                HciCoreHandler
 .text.HciGetBdAddr
                0x0000000000026420       0x14 bin/hci_core_ps.o
                0x0000000000026420                HciGetBdAddr
 .text.HciGetBufSize
                0x0000000000026434       0x18 bin/hci_core_ps.o
                0x0000000000026434                HciGetBufSize
 .text.HciGetLeSupFeat
                0x000000000002644c       0x1c bin/hci_core_ps.o
                0x000000000002644c                HciGetLeSupFeat
 .text.HciGetMaxRxAclLen
                0x0000000000026468       0x18 bin/hci_core_ps.o
                0x0000000000026468                HciGetMaxRxAclLen
 .text.HciLlPrivacySupported
                0x0000000000026480       0x24 bin/hci_core_ps.o
                0x0000000000026480                HciLlPrivacySupported
 .text.TimeStamp2Time
                0x00000000000264a4       0x9c bin/hci_dbg_trc.o
                0x00000000000264a4                TimeStamp2Time
 .text.hci_process_trace_data
                0x0000000000026540      0x2b4 bin/hci_dbg_trc.o
                0x0000000000026540                hci_process_trace_data
 .text.__NVIC_EnableIRQ
                0x00000000000267f4       0x3c bin/hci_drv_cooper.o
 .text.__NVIC_SetPriority
                0x0000000000026830       0x54 bin/hci_drv_cooper.o
 .text.error_check
                0x0000000000026884       0x5c bin/hci_drv_cooper.o
 .text.HciDrvIntService
                0x00000000000268e0       0x20 bin/hci_drv_cooper.o
 .text.ClkReqIntService
                0x0000000000026900       0x68 bin/hci_drv_cooper.o
 .text.HciDrvRadioBoot
                0x0000000000026968       0xdc bin/hci_drv_cooper.o
                0x0000000000026968                HciDrvRadioBoot
 .text.HciDrvRadioShutdown
                0x0000000000026a44       0x3c bin/hci_drv_cooper.o
                0x0000000000026a44                HciDrvRadioShutdown
 .text.hciDrvWrite
                0x0000000000026a80       0x98 bin/hci_drv_cooper.o
                0x0000000000026a80                hciDrvWrite
 .text.HciDrvHandlerInit
                0x0000000000026b18       0x20 bin/hci_drv_cooper.o
                0x0000000000026b18                HciDrvHandlerInit
 .text.HciDrvHandler
                0x0000000000026b38      0x1c4 bin/hci_drv_cooper.o
                0x0000000000026b38                HciDrvHandler
 .text.HciVscSetRfPowerLevelEx
                0x0000000000026cfc       0x32 bin/hci_drv_cooper.o
                0x0000000000026cfc                HciVscSetRfPowerLevelEx
 .text.HciVscSetTraceBitMap
                0x0000000000026d2e       0x1e bin/hci_drv_cooper.o
                0x0000000000026d2e                HciVscSetTraceBitMap
 .text.HciVscSetCustom_BDAddr
                0x0000000000026d4c       0x48 bin/hci_drv_cooper.o
                0x0000000000026d4c                HciVscSetCustom_BDAddr
 .text.HciVscUpdateBDAddress
                0x0000000000026d94       0x18 bin/hci_drv_cooper.o
                0x0000000000026d94                HciVscUpdateBDAddress
 .text.HciVscUpdateNvdsParam
                0x0000000000026dac       0x18 bin/hci_drv_cooper.o
                0x0000000000026dac                HciVscUpdateNvdsParam
 .text.HciVscUpdateLinklayerFeature
                0x0000000000026dc4       0x30 bin/hci_drv_cooper.o
                0x0000000000026dc4                HciVscUpdateLinklayerFeature
 .text.hciEvtParseLeConnCmpl
                0x0000000000026df4      0x104 bin/hci_evt.o
 .text.hciEvtParseLeEnhancedConnCmpl
                0x0000000000026ef8      0x10c bin/hci_evt.o
 .text.hciEvtParseDisconnectCmpl
                0x0000000000027004       0x62 bin/hci_evt.o
 .text.hciEvtParseLeConnUpdateCmpl
                0x0000000000027066       0xb6 bin/hci_evt.o
 .text.hciEvtParseLeCreateConnCancelCmdCmpl
                0x000000000002711c       0x2e bin/hci_evt.o
 .text.hciEvtParseReadRssiCmdCmpl
                0x000000000002714a       0x64 bin/hci_evt.o
 .text.hciEvtParseReadChanMapCmdCmpl
                0x00000000000271ae       0x60 bin/hci_evt.o
 .text.hciEvtParseReadTxPwrLvlCmdCmpl
                0x000000000002720e       0x54 bin/hci_evt.o
 .text.hciEvtParseReadRemoteVerInfoCmpl
                0x0000000000027262       0xa2 bin/hci_evt.o
 .text.hciEvtParseReadLeRemoteFeatCmpl
                0x0000000000027304       0x60 bin/hci_evt.o
 .text.hciEvtParseLeLtkReqReplCmdCmpl
                0x0000000000027364       0x56 bin/hci_evt.o
 .text.hciEvtParseLeLtkReqNegReplCmdCmpl
                0x00000000000273ba       0x56 bin/hci_evt.o
 .text.hciEvtParseEncKeyRefreshCmpl
                0x0000000000027410       0x56 bin/hci_evt.o
 .text.hciEvtParseEncChange
                0x0000000000027466       0x62 bin/hci_evt.o
 .text.hciEvtParseLeLtkReq
                0x00000000000274c8       0x72 bin/hci_evt.o
 .text.hciEvtParseVendorSpecCmdStatus
                0x000000000002753a       0x3a bin/hci_evt.o
 .text.hciEvtParseVendorSpecCmdCmpl
                0x0000000000027574       0x64 bin/hci_evt.o
 .text.hciEvtParseVendorSpec
                0x00000000000275d8       0x30 bin/hci_evt.o
 .text.hciEvtParseHwError
                0x0000000000027608       0x26 bin/hci_evt.o
 .text.hciEvtParseLeEncryptCmdCmpl
                0x000000000002762e       0x38 bin/hci_evt.o
 .text.hciEvtParseLeRandCmdCmpl
                0x0000000000027666       0x38 bin/hci_evt.o
 .text.hciEvtParseLeAddDevToResListCmdCmpl
                0x000000000002769e       0x2e bin/hci_evt.o
 .text.hciEvtParseLeRemDevFromResListCmdCmpl
                0x00000000000276cc       0x2e bin/hci_evt.o
 .text.hciEvtParseLeClearResListCmdCmpl
                0x00000000000276fa       0x2e bin/hci_evt.o
 .text.hciEvtParseLeReadPeerResAddrCmdCmpl
                0x0000000000027728       0x3c bin/hci_evt.o
 .text.hciEvtParseLeReadLocalResAddrCmdCmpl
                0x0000000000027764       0x3c bin/hci_evt.o
 .text.hciEvtParseLeSetAddrResEnableCmdCmpl
                0x00000000000277a0       0x2e bin/hci_evt.o
 .text.hciEvtParseRemConnParamRepCmdCmpl
                0x00000000000277ce       0x56 bin/hci_evt.o
 .text.hciEvtParseRemConnParamNegRepCmdCmpl
                0x0000000000027824       0x56 bin/hci_evt.o
 .text.hciEvtParseReadDefDataLenCmdCmpl
                0x000000000002787a       0x6e bin/hci_evt.o
 .text.hciEvtParseWriteDefDataLenCmdCmpl
                0x00000000000278e8       0x2e bin/hci_evt.o
 .text.hciEvtParseSetDataLenCmdCmpl
                0x0000000000027916       0x56 bin/hci_evt.o
 .text.hciEvtParseReadMaxDataLenCmdCmpl
                0x000000000002796c       0xae bin/hci_evt.o
 .text.hciEvtParseRemConnParamReq
                0x0000000000027a1a       0xc2 bin/hci_evt.o
 .text.hciEvtParseDataLenChange
                0x0000000000027adc       0xc2 bin/hci_evt.o
 .text.hciEvtParseReadPubKeyCmdCmpl
                0x0000000000027b9e       0x38 bin/hci_evt.o
 .text.hciEvtParseGenDhKeyCmdCmpl
                0x0000000000027bd6       0x38 bin/hci_evt.o
 .text.hciEvtParseWriteAuthTimeoutCmdCmpl
                0x0000000000027c0e       0x56 bin/hci_evt.o
 .text.hciEvtParseAuthTimeoutExpiredEvt
                0x0000000000027c64       0x42 bin/hci_evt.o
 .text.hciEvtParseReadPhyCmdCmpl
                0x0000000000027ca6       0x6e bin/hci_evt.o
 .text.hciEvtParseSetDefPhyCmdCmpl
                0x0000000000027d14       0x2e bin/hci_evt.o
 .text.hciEvtParsePhyUpdateCmpl
                0x0000000000027d42       0x6e bin/hci_evt.o
 .text.hciEvtProcessLeAdvReport
                0x0000000000027db0       0xf0 bin/hci_evt.o
 .text.hciEvtProcessLeExtAdvReport
                0x0000000000027ea0      0x1b0 bin/hci_evt.o
 .text.hciEvtParseLeScanTimeout
                0x0000000000028050       0x1a bin/hci_evt.o
 .text.hciEvtParseLeAdvSetTerm
                0x000000000002806a       0x6e bin/hci_evt.o
 .text.hciEvtParseLeScanReqRcvd
                0x00000000000280d8       0x40 bin/hci_evt.o
 .text.hciEvtParseLePerAdvSyncEst
                0x0000000000028118       0xac bin/hci_evt.o
 .text.hciEvtProcessLePerAdvReport
                0x00000000000281c4       0xd8 bin/hci_evt.o
 .text.hciEvtParseLeCmdCmpl
                0x000000000002829c       0x26 bin/hci_evt.o
 *fill*         0x00000000000282c2        0x2 
 .text.hciEvtProcessLeConnIQReport
                0x00000000000282c4      0x158 bin/hci_evt.o
 .text.hciEvtProcessLeConlessIQReport
                0x000000000002841c      0x144 bin/hci_evt.o
 .text.hciEvtParseLeSetConnCteRcvParm
                0x0000000000028560       0x56 bin/hci_evt.o
 .text.hciEvtParseLeSetConnCteTxParm
                0x00000000000285b6       0x56 bin/hci_evt.o
 .text.hciEvtParseLeConnCteReqEn
                0x000000000002860c       0x56 bin/hci_evt.o
 .text.hciEvtParseLeConnCteRspEn
                0x0000000000028662       0x56 bin/hci_evt.o
 .text.hciEvtParseLePerAdvSyncLost
                0x00000000000286b8       0x3a bin/hci_evt.o
 *fill*         0x00000000000286f2        0x2 
 .text.hciEvtProcessLeDirectAdvReport
                0x00000000000286f4       0xc8 bin/hci_evt.o
 .text.hciEvtCmdStatusFailure
                0x00000000000287bc       0x68 bin/hci_evt.o
                0x00000000000287bc                hciEvtCmdStatusFailure
 .text.hciEvtProcessCmdStatus
                0x0000000000028824       0x5a bin/hci_evt.o
                0x0000000000028824                hciEvtProcessCmdStatus
 *fill*         0x000000000002887e        0x2 
 .text.hciEvtProcessCmdCmpl
                0x0000000000028880      0x314 bin/hci_evt.o
                0x0000000000028880                hciEvtProcessCmdCmpl
 .text.hciEvtProcessMsg
                0x0000000000028b94      0x484 bin/hci_evt.o
                0x0000000000028b94                hciEvtProcessMsg
 .text.HciEvtRegister
                0x0000000000029018       0x20 bin/hci_main.o
                0x0000000000029018                HciEvtRegister
 .text.HciSecRegister
                0x0000000000029038       0x20 bin/hci_main.o
                0x0000000000029038                HciSecRegister
 .text.HciAclRegister
                0x0000000000029058       0x28 bin/hci_main.o
                0x0000000000029058                HciAclRegister
 .text.HciHandlerInit
                0x0000000000029080       0x2c bin/hci_main.o
                0x0000000000029080                HciHandlerInit
 .text.HciHandler
                0x00000000000290ac       0x1e bin/hci_main.o
                0x00000000000290ac                HciHandler
 .text.hciTrSendAclData
                0x00000000000290ca       0x4c bin/hci_tr.o
                0x00000000000290ca                hciTrSendAclData
 .text.hciTrSendCmd
                0x0000000000029116       0x38 bin/hci_tr.o
                0x0000000000029116                hciTrSendCmd
 *fill*         0x000000000002914e        0x2 
 .text.hciTrSerialRxIncoming
                0x0000000000029150      0x250 bin/hci_tr.o
                0x0000000000029150                hciTrSerialRxIncoming
 .text.hciCoreReadResolvingListSize
                0x00000000000293a0       0x3c bin/hci_vs_cooper.o
 .text.hciCoreReadMaxDataLen
                0x00000000000293dc       0x34 bin/hci_vs_cooper.o
 .text.hciCoreResetStart
                0x0000000000029410       0x10 bin/hci_vs_cooper.o
                0x0000000000029410                hciCoreResetStart
 .text.hciCoreResetSequence
                0x0000000000029420      0x3ec bin/hci_vs_cooper.o
                0x0000000000029420                hciCoreResetSequence
 .text.hciCoreVsCmdCmplRcvd
                0x000000000002980c       0x1e bin/hci_vs_cooper.o
                0x000000000002980c                hciCoreVsCmdCmplRcvd
 .text.HciVsInit
                0x000000000002982a       0x16 bin/hci_vs_cooper.o
                0x000000000002982a                HciVsInit
 .text.pvPortMalloc
                0x0000000000029840      0x128 bin/heap_4.o
                0x0000000000029840                pvPortMalloc
 .text.vPortFree
                0x0000000000029968       0x74 bin/heap_4.o
                0x0000000000029968                vPortFree
 .text.prvHeapInit
                0x00000000000299dc       0xc4 bin/heap_4.o
 .text.prvInsertBlockIntoFreeList
                0x0000000000029aa0       0xb4 bin/heap_4.o
 .text.l2cDefaultDataCback
                0x0000000000029b54       0x24 bin/l2c_main.o
 .text.l2cDefaultDataCidCback
                0x0000000000029b78       0x2c bin/l2c_main.o
 .text.l2cDefaultCtrlCback
                0x0000000000029ba4       0x14 bin/l2c_main.o
 .text.l2cRxSignalingPkt
                0x0000000000029bb8       0x8c bin/l2c_main.o
                0x0000000000029bb8                l2cRxSignalingPkt
 .text.l2cHciAclCback
                0x0000000000029c44      0x108 bin/l2c_main.o
 .text.l2cHciFlowCback
                0x0000000000029d4c       0x60 bin/l2c_main.o
 .text.l2cSendCmdReject
                0x0000000000029dac       0x7e bin/l2c_main.o
                0x0000000000029dac                l2cSendCmdReject
 .text.l2cMsgAlloc
                0x0000000000029e2a       0x1e bin/l2c_main.o
                0x0000000000029e2a                l2cMsgAlloc
 .text.L2cInit  0x0000000000029e48       0x60 bin/l2c_main.o
                0x0000000000029e48                L2cInit
 .text.L2cRegister
                0x0000000000029ea8       0x40 bin/l2c_main.o
                0x0000000000029ea8                L2cRegister
 .text.L2cDataReq
                0x0000000000029ee8       0x9a bin/l2c_main.o
                0x0000000000029ee8                L2cDataReq
 *fill*         0x0000000000029f82        0x2 
 .text.l2cMasterRxSignalingPkt
                0x0000000000029f84      0x16c bin/l2c_master.o
 .text.L2cMasterInit
                0x000000000002a0f0       0x1c bin/l2c_master.o
                0x000000000002a0f0                L2cMasterInit
 .text.L2cDmConnUpdateRsp
                0x000000000002a10c       0x7e bin/l2c_master.o
                0x000000000002a10c                L2cDmConnUpdateRsp
 *fill*         0x000000000002a18a        0x2 
 .text.l2cSlaveReqTimeout
                0x000000000002a18c       0x28 bin/l2c_slave.o
 .text.l2cSlaveRxSignalingPkt
                0x000000000002a1b4      0x10c bin/l2c_slave.o
 .text.L2cSlaveInit
                0x000000000002a2c0       0x44 bin/l2c_slave.o
                0x000000000002a2c0                L2cSlaveInit
 .text.L2cDmConnUpdateReq
                0x000000000002a304      0x130 bin/l2c_slave.o
                0x000000000002a304                L2cDmConnUpdateReq
 .text.L2cSlaveHandlerInit
                0x000000000002a434       0x2c bin/l2c_slave.o
                0x000000000002a434                L2cSlaveHandlerInit
 .text.L2cSlaveHandler
                0x000000000002a460       0x28 bin/l2c_slave.o
                0x000000000002a460                L2cSlaveHandler
 .text.vListInitialise
                0x000000000002a488       0x40 bin/list.o
                0x000000000002a488                vListInitialise
 .text.vListInitialiseItem
                0x000000000002a4c8       0x1a bin/list.o
                0x000000000002a4c8                vListInitialiseItem
 .text.vListInsertEnd
                0x000000000002a4e2       0x48 bin/list.o
                0x000000000002a4e2                vListInsertEnd
 .text.vListInsert
                0x000000000002a52a       0x72 bin/list.o
                0x000000000002a52a                vListInsert
 .text.uxListRemove
                0x000000000002a59c       0x54 bin/list.o
                0x000000000002a59c                uxListRemove
 .text.__NVIC_EnableIRQ
                0x000000000002a5f0       0x3c bin/port.o
 .text.__NVIC_SetPriority
                0x000000000002a62c       0x54 bin/port.o
 .text.pxPortInitialiseStack
                0x000000000002a680       0x68 bin/port.o
                0x000000000002a680                pxPortInitialiseStack
 .text.prvTaskExitError
                0x000000000002a6e8       0x34 bin/port.o
 *fill*         0x000000000002a71c        0x4 
 .text.SVC_Handler
                0x000000000002a720       0x28 bin/port.o
                0x000000000002a720                SVC_Handler
 .text.prvPortStartFirstTask
                0x000000000002a748       0x28 bin/port.o
 .text.xPortStartScheduler
                0x000000000002a770       0x54 bin/port.o
                0x000000000002a770                xPortStartScheduler
 .text.vPortEnterCritical
                0x000000000002a7c4       0x34 bin/port.o
                0x000000000002a7c4                vPortEnterCritical
 .text.vPortExitCritical
                0x000000000002a7f8       0x34 bin/port.o
                0x000000000002a7f8                vPortExitCritical
 *fill*         0x000000000002a82c        0x4 
 .text.PendSV_Handler
                0x000000000002a830       0x68 bin/port.o
                0x000000000002a830                PendSV_Handler
 .text.SysTick_Handler
                0x000000000002a898       0x44 bin/port.o
                0x000000000002a898                SysTick_Handler
 .text.vPortEnableVFP
                0x000000000002a8dc       0x14 bin/port.o
 .text.vPortSuppressTicksAndSleep
                0x000000000002a8f0      0x10c bin/port.o
                0x000000000002a8f0                vPortSuppressTicksAndSleep
 .text.xPortStimerTickHandler
                0x000000000002a9fc       0xd0 bin/port.o
                0x000000000002a9fc                xPortStimerTickHandler
 .text.am_stimer_cmpr0_isr
                0x000000000002aacc       0x2c bin/port.o
                0x000000000002aacc                am_stimer_cmpr0_isr
 .text.am_stimer_cmpr1_isr
                0x000000000002aaf8       0x3c bin/port.o
                0x000000000002aaf8                am_stimer_cmpr1_isr
 .text.vPortSetupTimerInterrupt
                0x000000000002ab34       0xa0 bin/port.o
                0x000000000002ab34                vPortSetupTimerInterrupt
 .text.xQueueGenericReset
                0x000000000002abd4       0xb4 bin/queue.o
                0x000000000002abd4                xQueueGenericReset
 .text.xQueueGenericCreate
                0x000000000002ac88       0x5c bin/queue.o
                0x000000000002ac88                xQueueGenericCreate
 .text.prvInitialiseNewQueue
                0x000000000002ace4       0x3e bin/queue.o
 *fill*         0x000000000002ad22        0x2 
 .text.xQueueGenericSend
                0x000000000002ad24      0x154 bin/queue.o
                0x000000000002ad24                xQueueGenericSend
 .text.xQueueGenericSendFromISR
                0x000000000002ae78       0xb4 bin/queue.o
                0x000000000002ae78                xQueueGenericSendFromISR
 .text.xQueueReceive
                0x000000000002af2c      0x144 bin/queue.o
                0x000000000002af2c                xQueueReceive
 .text.prvCopyDataToQueue
                0x000000000002b070       0xb8 bin/queue.o
 .text.prvCopyDataFromQueue
                0x000000000002b128       0x4c bin/queue.o
 .text.prvUnlockQueue
                0x000000000002b174       0xa4 bin/queue.o
 .text.prvIsQueueEmpty
                0x000000000002b218       0x2c bin/queue.o
 .text.prvIsQueueFull
                0x000000000002b244       0x30 bin/queue.o
 .text.vQueueWaitForMessageRestricted
                0x000000000002b274       0x68 bin/queue.o
                0x000000000002b274                vQueueWaitForMessageRestricted
 .text.SecAesHciCback
                0x000000000002b2dc       0x3e bin/sec_aes.o
                0x000000000002b2dc                SecAesHciCback
 *fill*         0x000000000002b31a        0x2 
 .text.SecAesInit
                0x000000000002b31c       0x1c bin/sec_aes.o
                0x000000000002b31c                SecAesInit
 .text.secCmacProcessBlock
                0x000000000002b338       0xdc bin/sec_cmac_hci.o
 .text.secCmacGenSubkey1
                0x000000000002b414       0x38 bin/sec_cmac_hci.o
 .text.secCmacKeyShift
                0x000000000002b44c       0x86 bin/sec_cmac_hci.o
 .text.secCmacGenSubkey2
                0x000000000002b4d2       0x98 bin/sec_cmac_hci.o
 .text.secCmacComplete
                0x000000000002b56a       0x3a bin/sec_cmac_hci.o
 .text.SecCmacHciCback
                0x000000000002b5a4       0x66 bin/sec_cmac_hci.o
                0x000000000002b5a4                SecCmacHciCback
 *fill*         0x000000000002b60a        0x2 
 .text.SecCmac  0x000000000002b60c       0xa8 bin/sec_cmac_hci.o
                0x000000000002b60c                SecCmac
 .text.SecCmacInit
                0x000000000002b6b4       0x1c bin/sec_cmac_hci.o
                0x000000000002b6b4                SecCmacInit
 .text.SecEccHciCback
                0x000000000002b6d0       0x94 bin/sec_ecc_hci.o
                0x000000000002b6d0                SecEccHciCback
 .text.SecEccInit
                0x000000000002b764       0x1c bin/sec_ecc_hci.o
                0x000000000002b764                SecEccInit
 .text.secHciCback
                0x000000000002b780      0x194 bin/sec_main.o
 .text.SecInit  0x000000000002b914       0x44 bin/sec_main.o
                0x000000000002b914                SecInit
 .text.SecLeEncryptCmd
                0x000000000002b958       0x54 bin/sec_main.o
                0x000000000002b958                SecLeEncryptCmd
 .text.SmpDmMsgSend
                0x000000000002b9ac       0x24 bin/smp_main.o
                0x000000000002b9ac                SmpDmMsgSend
 .text.Reset_Handler
                0x000000000002b9d0       0x68 bin/startup_gcc.o
                0x000000000002b9d0                Reset_Handler
 .text.NMI_Handler
                0x000000000002ba38        0x6 bin/startup_gcc.o
                0x000000000002ba38                NMI_Handler
 .text.HardFault_Handler
                0x000000000002ba3e        0x6 bin/startup_gcc.o
                0x000000000002ba3e                UsageFault_Handler
                0x000000000002ba3e                MemManage_Handler
                0x000000000002ba3e                BusFault_Handler
 .text.am_default_isr
                0x000000000002ba44        0x6 bin/startup_gcc.o
                0x000000000002ba44                am_gpu_isr
                0x000000000002ba44                DebugMon_Handler
                0x000000000002ba44                am_iomaster4_isr
                0x000000000002ba44                am_gpio1_203f_isr
                0x000000000002ba44                am_dspi2s1_isr
                0x000000000002ba44                am_stimer_cmpr3_isr
                0x000000000002ba44                am_dspi2s3_isr
                0x000000000002ba44                am_iomaster3_isr
                0x000000000002ba44                am_clkgen_isr
                0x000000000002ba44                am_stimerof_isr
                0x000000000002ba44                am_timer14_isr
                0x000000000002ba44                am_pdm3_isr
                0x000000000002ba44                am_cachecpu_isr
                0x000000000002ba44                am_dspi2s0_isr
                0x000000000002ba44                am_stimer_cmpr5_isr
                0x000000000002ba44                am_iomaster5_isr
                0x000000000002ba44                am_pdm0_isr
                0x000000000002ba44                am_uart_isr
                0x000000000002ba44                am_ctimer_isr
                0x000000000002ba44                am_gpio1_607f_isr
                0x000000000002ba44                am_dsi_isr
                0x000000000002ba44                am_timer01_isr
                0x000000000002ba44                am_disp_isr
                0x000000000002ba44                am_audadc0_isr
                0x000000000002ba44                am_pdm1_isr
                0x000000000002ba44                am_ioslave_acc_isr
                0x000000000002ba44                am_mspi0_isr
                0x000000000002ba44                am_timer10_isr
                0x000000000002ba44                am_timer05_isr
                0x000000000002ba44                am_usb_isr
                0x000000000002ba44                am_stimer_cmpr6_isr
                0x000000000002ba44                am_gpio1_405f_isr
                0x000000000002ba44                am_iomaster7_isr
                0x000000000002ba44                am_iomaster1_isr
                0x000000000002ba44                am_timer06_isr
                0x000000000002ba44                am_timer03_isr
                0x000000000002ba44                am_brownout_isr
                0x000000000002ba44                am_timer13_isr
                0x000000000002ba44                am_vcomp_isr
                0x000000000002ba44                am_timer07_isr
                0x000000000002ba44                am_cryptosec_isr
                0x000000000002ba44                am_uart2_isr
                0x000000000002ba44                am_iomaster2_isr
                0x000000000002ba44                am_mspi2_isr
                0x000000000002ba44                am_iomaster6_isr
                0x000000000002ba44                am_timer11_isr
                0x000000000002ba44                am_stimer_cmpr2_isr
                0x000000000002ba44                am_ioslave_ios_isr
                0x000000000002ba44                am_timer15_isr
                0x000000000002ba44                am_mspi1_isr
                0x000000000002ba44                am_gpio1_001f_isr
                0x000000000002ba44                am_uart1_isr
                0x000000000002ba44                am_stimer_cmpr7_isr
                0x000000000002ba44                am_dspi2s2_isr