Archive member included to satisfy reference by file (symbol)

/Applications/ArmGNUToolchain/12.3.rel1/arm-none-eabi/bin/../lib/gcc/arm-none-eabi/12.3.1/../../../../arm-none-eabi/lib/thumb/v7e-m+fp/hard/libm.a(libm_a-wf_log10.o)
                              bin/ranging.o (log10f)
/Applications/ArmGNUToolchain/12.3.rel1/arm-none-eabi/bin/../lib/gcc/arm-none-eabi/12.3.1/../../../../arm-none-eabi/lib/thumb/v7e-m+fp/hard/libm.a(libm_a-sf_nan.o)
                              /Applications/ArmGNUToolchain/12.3.rel1/arm-none-eabi/bin/../lib/gcc/arm-none-eabi/12.3.1/../../../../arm-none-eabi/lib/thumb/v7e-m+fp/hard/libm.a(libm_a-wf_log10.o) (nanf)
/Applications/ArmGNUToolchain/12.3.rel1/arm-none-eabi/bin/../lib/gcc/arm-none-eabi/12.3.1/../../../../arm-none-eabi/lib/thumb/v7e-m+fp/hard/libm.a(libm_a-ef_log10.o)
                              /Applications/ArmGNUToolchain/12.3.rel1/arm-none-eabi/bin/../lib/gcc/arm-none-eabi/12.3.1/../../../../arm-none-eabi/lib/thumb/v7e-m+fp/hard/libm.a(libm_a-wf_log10.o) (__ieee754_log10f)
/Applications/ArmGNUToolchain/12.3.rel1/arm-none-eabi/bin/../lib/gcc/arm-none-eabi/12.3.1/../../../../arm-none-eabi/lib/thumb/v7e-m+fp/hard/libm.a(libm_a-ef_log.o)
                              /Applications/ArmGNUToolchain/12.3.rel1/arm-none-eabi/bin/../lib/gcc/arm-none-eabi/12.3.1/../../../../arm-none-eabi/lib/thumb/v7e-m+fp/hard/libm.a(libm_a-ef_log10.o) (__ieee754_logf)
/Applications/ArmGNUToolchain/12.3.rel1/arm-none-eabi/bin/../lib/gcc/arm-none-eabi/12.3.1/../../../../arm-none-eabi/lib/thumb/v7e-m+fp/hard/libc.a(libc_a-div.o)
                              bin/ranging_phase.o (div)
/Applications/ArmGNUToolchain/12.3.rel1/arm-none-eabi/bin/../lib/gcc/arm-none-eabi/12.3.1/../../../../arm-none-eabi/lib/thumb/v7e-m+fp/hard/libc.a(libc_a-rand.o)
                              bin/subscription_phase.o (srand)
/Applications/ArmGNUToolchain/12.3.rel1/arm-none-eabi/bin/../lib/gcc/arm-none-eabi/12.3.1/../../../../arm-none-eabi/lib/thumb/v7e-m+fp/hard/libc.a(libc_a-memcmp.o)
                              bin/app_db.o (memcmp)
/Applications/ArmGNUToolchain/12.3.rel1/arm-none-eabi/bin/../lib/gcc/arm-none-eabi/12.3.1/../../../../arm-none-eabi/lib/thumb/v7e-m+fp/hard/libc.a(libc_a-memmove.o)
                              bin/dm_adv.o (memmove)
/Applications/ArmGNUToolchain/12.3.rel1/arm-none-eabi/bin/../lib/gcc/arm-none-eabi/12.3.1/../../../../arm-none-eabi/lib/thumb/v7e-m+fp/hard/libc.a(libc_a-memset.o)
                              bin/am_devices_cooper.o (memset)
/Applications/ArmGNUToolchain/12.3.rel1/arm-none-eabi/bin/../lib/gcc/arm-none-eabi/12.3.1/../../../../arm-none-eabi/lib/thumb/v7e-m+fp/hard/libc.a(libc_a-gmtime.o)
                              bin/rtc.o (gmtime)
/Applications/ArmGNUToolchain/12.3.rel1/arm-none-eabi/bin/../lib/gcc/arm-none-eabi/12.3.1/../../../../arm-none-eabi/lib/thumb/v7e-m+fp/hard/libc.a(libc_a-gmtime_r.o)
                              /Applications/ArmGNUToolchain/12.3.rel1/arm-none-eabi/bin/../lib/gcc/arm-none-eabi/12.3.1/../../../../arm-none-eabi/lib/thumb/v7e-m+fp/hard/libc.a(libc_a-gmtime.o) (gmtime_r)
/Applications/ArmGNUToolchain/12.3.rel1/arm-none-eabi/bin/../lib/gcc/arm-none-eabi/12.3.1/../../../../arm-none-eabi/lib/thumb/v7e-m+fp/hard/libc.a(libc_a-mktime.o)
                              bin/rtc.o (mktime)
/Applications/ArmGNUToolchain/12.3.rel1/arm-none-eabi/bin/../lib/gcc/arm-none-eabi/12.3.1/../../../../arm-none-eabi/lib/thumb/v7e-m+fp/hard/libc.a(libc_a-tzcalc_limits.o)
                              /Applications/ArmGNUToolchain/12.3.rel1/arm-none-eabi/bin/../lib/gcc/arm-none-eabi/12.3.1/../../../../arm-none-eabi/lib/thumb/v7e-m+fp/hard/libc.a(libc_a-mktime.o) (__tzcalc_limits)
/Applications/ArmGNUToolchain/12.3.rel1/arm-none-eabi/bin/../lib/gcc/arm-none-eabi/12.3.1/../../../../arm-none-eabi/lib/thumb/v7e-m+fp/hard/libc.a(libc_a-tzlock.o)
                              /Applications/ArmGNUToolchain/12.3.rel1/arm-none-eabi/bin/../lib/gcc/arm-none-eabi/12.3.1/../../../../arm-none-eabi/lib/thumb/v7e-m+fp/hard/libc.a(libc_a-mktime.o) (__tz_lock)
/Applications/ArmGNUToolchain/12.3.rel1/arm-none-eabi/bin/../lib/gcc/arm-none-eabi/12.3.1/../../../../arm-none-eabi/lib/thumb/v7e-m+fp/hard/libc.a(libc_a-tzset.o)
                              /Applications/ArmGNUToolchain/12.3.rel1/arm-none-eabi/bin/../lib/gcc/arm-none-eabi/12.3.1/../../../../arm-none-eabi/lib/thumb/v7e-m+fp/hard/libc.a(libc_a-mktime.o) (_tzset_unlocked)
/Applications/ArmGNUToolchain/12.3.rel1/arm-none-eabi/bin/../lib/gcc/arm-none-eabi/12.3.1/../../../../arm-none-eabi/lib/thumb/v7e-m+fp/hard/libc.a(libc_a-tzset_r.o)
                              /Applications/ArmGNUToolchain/12.3.rel1/arm-none-eabi/bin/../lib/gcc/arm-none-eabi/12.3.1/../../../../arm-none-eabi/lib/thumb/v7e-m+fp/hard/libc.a(libc_a-tzset.o) (_tzset_unlocked_r)
/Applications/ArmGNUToolchain/12.3.rel1/arm-none-eabi/bin/../lib/gcc/arm-none-eabi/12.3.1/../../../../arm-none-eabi/lib/thumb/v7e-m+fp/hard/libc.a(libc_a-tzvars.o)
[...]
Memory Configuration

Name             Origin             Length             Attributes
MCU_MRAM         0x00018000         0x001e7ff8         xr
UID              0x001ffff8         0x00000008         r
MCU_TCM          0x10000000         0x00060000         xrw
SHARED_SRAM      0x10060000         0x00100000         xrw
EXTENDED_SRAM    0x10160000         0x00060000         xrw
SHARED_SRAM2     0x101c0000         0x00100000         xrw
*default*        0x00000000         0xffffffff

Linker script and memory map

                0x001e8000                        MCU_MRAM_SIZE = 0x1e8000
                0x00060000                        MCU_TCM_SIZE = 0x60000
                0x00100000                        SHARED_SRAM_SIZE = 0x100000
                0x00060000                        EXTENDED_SRAM_SIZE = 0x60000
                0x00100000                        SHARED_SRAM2_SIZE = 0x100000
                0x00000008                        UID_SIZE = 0x8

.isr_vector     0x00018000      0x200
                0x00018000                        . = ALIGN (0x4)
 *(.isr_vector)
 .isr_vector    0x00018000      0x190 bin/startup_gcc.o
                0x00018000                g_am_pfnVectors
 *(.patch)
 .patch         0x00018190       0x70 bin/startup_gcc.o
                0x00018190                __Patchable
                0x00018200                        . = ALIGN (0x4)

.text           0x00018200    0x1438c
                0x00018200                        . = ALIGN (0x4)
                0x00018200                        __dw_drivers_start = .
 *(.dw_drivers)
 .dw_drivers    0x00018200       0x1c ../src/external/decadriver/libdwt_uwb_driver-m4-hfp-6.0.7.a(dw3000_device.c.obj)
                0x00018200                dw3000_driver
 .dw_drivers    0x0001821c       0x1c ../src/external/decadriver/libdwt_uwb_driver-m4-hfp-6.0.7.a(dw3700_device.c.obj)
                0x0001821c                dw3700_driver
 .dw_drivers    0x00018238       0x1c ../src/external/decadriver/libdwt_uwb_driver-m4-hfp-6.0.7.a(dw3720_device.c.obj)
                0x00018238                dw3720_driver
                0x00018254                        __dw_drivers_end = .
                0x00018254                        . = ALIGN (0x4)
 *(.text)
 .text          0x00018254      0x134 /Applications/ArmGNUToolchain/12.3.rel1/arm-none-eabi/bin/../lib/gcc/arm-none-eabi/12.3.1/../../../../arm-none-eabi/lib/thumb/v7e-m+fp/hard/libc.a(libc_a-memcpy.o)
                0x00018254                memcpy
 .text          0x00018388       0xa0 /Applications/ArmGNUToolchain/12.3.rel1/arm-none-eabi/bin/../lib/gcc/arm-none-eabi/12.3.1/thumb/v7e-m+fp/hard/libgcc.a(_arm_truncdfsf2.o)
                0x00018388                __aeabi_d2f
                0x00018388                __truncdfsf2
 .text          0x00018428       0x30 /Applications/ArmGNUToolchain/12.3.rel1/arm-none-eabi/bin/../lib/gcc/arm-none-eabi/12.3.1/thumb/v7e-m+fp/hard/libgcc.a(_aeabi_uldivmod.o)
                0x00018428                __aeabi_uldivmod
 .text          0x00018458        0x4 /Applications/ArmGNUToolchain/12.3.rel1/arm-none-eabi/bin/../lib/gcc/arm-none-eabi/12.3.1/thumb/v7e-m+fp/hard/libgcc.a(_dvmd_tls.o)
                0x00018458                __aeabi_ldiv0
                0x00018458                __aeabi_idiv0
 *(.text*)
 .text.am_util_delay_ms
                0x0001845c       0x20 bin/am_util_delay.o
                0x0001845c                am_util_delay_ms
 .text.am_util_stdio_printf_init
                0x0001847c       0x20 bin/am_util_stdio.o
                0x0001847c                am_util_stdio_printf_init
 .text.divu64_10
                0x0001849c      0x1f8 bin/am_util_stdio.o
 .text.ndigits_in_u64
                0x00018694       0x42 bin/am_util_stdio.o
 .text.ndigits_in_i64
                0x000186d6       0x38 bin/am_util_stdio.o
 .text.ndigits_in_hex
                0x0001870e       0x52 bin/am_util_stdio.o
 .text.decstr_to_int
                0x00018760       0x8c bin/am_util_stdio.o
 .text.uint64_to_str
                0x000187ec       0x8e bin/am_util_stdio.o
 .text.uint64_to_hexstr
                0x0001887a       0xc6 bin/am_util_stdio.o
 .text.simple_strlen
                0x00018940       0x36 bin/am_util_stdio.o
 .text.padbuffer
                0x00018976       0x4a bin/am_util_stdio.o
 .text.ftoa     0x000189c0      0x204 bin/am_util_stdio.o
 .text.am_util_stdio_vsprintf
                0x00018bc4      0x624 bin/am_util_stdio.o
                0x00018bc4                am_util_stdio_vsprintf
 .text.am_util_stdio_printf
                0x000191e8       0x48 bin/am_util_stdio.o
                0x000191e8                am_util_stdio_printf
 .text.DmScanStop
                0x00019230       0x34 bin/dm_scan.o
                0x00019230                DmScanStop
 .text.xEventGroupSetBits
                0x00019264       0xda bin/event_groups.o
                0x00019264                xEventGroupSetBits
 .text.vEventGroupSetBitsCallback
                0x0001933e       0x1a bin/event_groups.o
                0x0001933e                vEventGroupSetBitsCallback
 *fill*         0x00019358        0x8 
 .text.SVC_Handler
                0x00019360       0x28 bin/port.o
                0x00019360                SVC_Handler
 .text.vPortEnterCritical
                0x00019388       0x34 bin/port.o
                0x00019388                vPortEnterCritical
 .text.vPortExitCritical
                0x000193bc       0x34 bin/port.o
                0x000193bc                vPortExitCritical
 .text.PendSV_Handler
                0x000193f0       0x68 bin/port.o
                0x000193f0                PendSV_Handler
 .text.SysTick_Handler
                0x00019458       0x44 bin/port.o
                0x00019458                SysTick_Handler
 .text.xPortStimerTickHandler
                0x0001949c       0xd0 bin/port.o
                0x0001949c                xPortStimerTickHandler
 .text.am_stimer_cmpr0_isr
                0x0001956c       0x2c bin/port.o
                0x0001956c                am_stimer_cmpr0_isr
 .text.am_stimer_cmpr1_isr
                0x00019598       0x3c bin/port.o
                0x00019598                am_stimer_cmpr1_isr
 .text.xQueueGenericSendFromISR
                0x000195d4       0xca bin/queue.o
                0x000195d4                xQueueGenericSendFromISR
 .text.prvCopyDataToQueue
                0x0001969e       0xb8 bin/queue.o
 *fill*         0x00019756        0x2 
 .text.Reset_Handler
                0x00019758       0x68 bin/startup_gcc.o
                0x00019758                Reset_Handler
 .text.NMI_Handler
                0x000197c0        0x8 bin/startup_gcc.o
                0x000197c0                NMI_Handler
 .text.HardFault_Handler
                0x000197c8        0x8 bin/startup_gcc.o
                0x000197c8                UsageFault_Handler
                0x000197c8                MemManage_Handler
                0x000197c8                BusFault_Handler
 .text.am_default_isr
                0x000197d0        0x8 bin/startup_gcc.o
                0x000197d0                am_gpu_isr
                0x000197d0                DebugMon_Handler
                0x000197d0                am_iomaster4_isr
                0x000197d0                am_gpio1_203f_isr
                0x000197d0                am_dspi2s1_isr
                0x000197d0                am_stimer_cmpr3_isr
                0x000197d0                am_dspi2s3_isr
                0x000197d0                am_iomaster3_isr
                0x000197d0                am_clkgen_isr
                0x000197d0                am_stimerof_isr
                0x000197d0                am_timer14_isr
                0x000197d0                am_pdm3_isr
                0x000197d0                am_cachecpu_isr
                0x000197d0                am_dspi2s0_isr
                0x000197d0                am_stimer_cmpr5_isr
                0x000197d0                am_iomaster5_isr
                0x000197d0                am_pdm0_isr
                0x000197d0                am_uart_isr
                0x000197d0                am_ctimer_isr
                0x000197d0                am_gpio1_607f_isr
                0x000197d0                am_dsi_isr
                0x000197d0                am_timer01_isr
                0x000197d0                am_disp_isr
                0x000197d0                am_audadc0_isr
                0x000197d0                am_pdm1_isr
                0x000197d0                am_ioslave_acc_isr
                0x000197d0                am_mspi0_isr
                0x000197d0                am_timer10_isr
                0x000197d0                am_timer05_isr
                0x000197d0                am_usb_isr
                0x000197d0                am_stimer_cmpr6_isr
                0x000197d0                am_gpio1_405f_isr
                0x000197d0                am_iomaster7_isr
                0x000197d0                am_iomaster1_isr
                0x000197d0                am_timer06_isr
                0x000197d0                am_timer03_isr
                0x000197d0                am_brownout_isr
                0x000197d0                am_timer13_isr
                0x000197d0                am_vcomp_isr
                0x000197d0                am_timer07_isr
                0x000197d0                am_cryptosec_isr
                0x000197d0                am_uart2_isr
                0x000197d0                am_iomaster2_isr
                0x000197d0                am_mspi2_isr
                0x000197d0                am_iomaster6_isr
                0x000197d0                am_timer11_isr
                0x000197d0                am_stimer_cmpr2_isr
                0x000197d0                am_ioslave_ios_isr
                0x000197d0                am_timer15_isr
                0x000197d0                am_mspi1_isr
                0x000197d0                am_gpio1_001f_isr
                0x000197d0                am_uart1_isr
                0x000197d0                am_stimer_cmpr7_isr
                0x000197d0                am_dspi2s2_isr
                0x000197d0                am_uart3_isr
                0x000197d0                am_watchdog_isr
                0x000197d0                am_timer12_isr
                0x000197d0                am_sdio_isr
                0x000197d0                am_iomaster0_isr
                0x000197d0                am_timer09_isr
                0x000197d0                am_stimer_cmpr4_isr
                0x000197d0                am_default_isr
                0x000197d0                am_pdm2_isr
                0x000197d0                am_timer08_isr
 .text.vTaskSuspendAll
                0x000197d8       0x1c bin/tasks.o
                0x000197d8                vTaskSuspendAll
 .text.xTaskResumeAll
                0x000197f4      0x1dc bin/tasks.o
                0x000197f4                xTaskResumeAll
 .text.uxTaskGetNumberOfTasks
                0x000199d0       0x18 bin/tasks.o
                0x000199d0                uxTaskGetNumberOfTasks
 .text.xTaskIncrementTick
                0x000199e8      0x1f4 bin/tasks.o
                0x000199e8                xTaskIncrementTick
 .text.vTaskSwitchContext
                0x00019bdc       0xa0 bin/tasks.o
                0x00019bdc                vTaskSwitchContext
 .text.xTaskRemoveFromEventList
                0x00019c7c      0x194 bin/tasks.o
                0x00019c7c                xTaskRemoveFromEventList
 .text.vTaskRemoveFromUnorderedEventList
                0x00019e10      0x144 bin/tasks.o
                0x00019e10                vTaskRemoveFromUnorderedEventList
 .text.prvResetNextTaskUnblockTime
                0x00019f54       0x38 bin/tasks.o
 .text.xTaskGenericNotifyFromISR
                0x00019f8c      0x24c bin/tasks.o
                0x00019f8c                xTaskGenericNotifyFromISR
 .text.xTimerPendFunctionCallFromISR
                0x0001a1d8       0x40 bin/timers.o
                0x0001a1d8                xTimerPendFunctionCallFromISR
 .text.WsfAssert
                0x0001a218       0x28 bin/wsf_assert.o
                0x0001a218                WsfAssert
 .text.WsfBufAlloc
                0x0001a240       0x80 bin/wsf_buf.o
                0x0001a240                WsfBufAlloc
 .text.WsfMsgAlloc
                0x0001a2c0       0x2e bin/wsf_msg.o
                0x0001a2c0                WsfMsgAlloc
 .text.WsfMsgSend
                0x0001a2ee       0x30 bin/wsf_msg.o
                0x0001a2ee                WsfMsgSend
 .text.WsfMsgEnq
                0x0001a31e       0x2a bin/wsf_msg.o
                0x0001a31e                WsfMsgEnq
 .text.WsfCsEnter
                0x0001a348       0x28 bin/wsf_os.o
                0x0001a348                WsfCsEnter
 .text.WsfCsExit
                0x0001a370       0x28 bin/wsf_os.o
                0x0001a370                WsfCsExit
 .text.WsfSetOsSpecificEvent
                0x0001a398       0x98 bin/wsf_os.o
                0x0001a398                WsfSetOsSpecificEvent
 .text.WsfTaskSetReady
                0x0001a430       0x3c bin/wsf_os.o
                0x0001a430                WsfTaskSetReady
 .text.WsfTaskMsgQueue
                0x0001a46c       0x1c bin/wsf_os.o
                0x0001a46c                WsfTaskMsgQueue
 .text.WsfQueueEnq
                0x0001a488       0x44 bin/wsf_queue.o
                0x0001a488                WsfQueueEnq
 .text.WsfTrace
                0x0001a4cc       0x68 bin/wsf_trace.o
                0x0001a4cc                WsfTrace
 .text.am_adc_isr
                0x0001a534       0x8c bin/battery.o
                0x0001a534                am_adc_isr
 .text.bluetooth_stop_scanning
                0x0001a5c0       0x24 bin/bluetooth.o
                0x0001a5c0                bluetooth_stop_scanning
 .text.continue_current_sequence
                0x0001a5e4       0xfc bin/buzzer.o
 .text.am_timer00_isr
                0x0001a6e0       0x2c bin/buzzer.o
                0x0001a6e0                am_timer00_isr
 .text.__NVIC_EnableIRQ
                0x0001a70c       0x3c bin/imu.o
 .text.__NVIC_SetPriority
                0x0001a748       0x54 bin/imu.o
 .text.i2c_write8
                0x0001a79c       0x7c bin/imu.o
 .text.i2c_read8
                0x0001a818       0x74 bin/imu.o
 .text.i2c_read
                0x0001a88c       0x74 bin/imu.o
 .text.imu_isr  0x0001a900       0x50 bin/imu.o
 .text.set_mode
                0x0001a950       0x22 bin/imu.o
 .text.set_use_external_crystal
                0x0001a972       0x18 bin/imu.o
 .text.disable_motion_interrupts
                0x0001a98a       0x30 bin/imu.o
 .text.enable_motion_interrupts
                0x0001a9ba       0x50 bin/imu.o
 *fill*         0x0001aa0a        0x2 
 .text.imu_init
                0x0001aa0c      0x19c bin/imu.o
                0x0001aa0c                imu_init
 .text.imu_register_motion_change_callback
                0x0001aba8       0x30 bin/imu.o
                0x0001aba8                imu_register_motion_change_callback
 .text.imu_read_linear_accel_data
                0x0001abd8       0x6c bin/imu.o
                0x0001abd8                imu_read_linear_accel_data
 .text.logging_init
                0x0001ac44       0xa4 bin/logging.o
                0x0001ac44                logging_init
 .text.print_reset_reason
                0x0001ace8      0x108 bin/logging.o
                0x0001ace8                print_reset_reason
 .text.decamutexon
                0x0001adf0        0xe bin/ranging.o
                0x0001adf0                decamutexon
 .text.decamutexoff
                0x0001adfe       0x18 bin/ranging.o
                0x0001adfe                decamutexoff
 .text.deca_sleep
                0x0001ae16       0x20 bin/ranging.o
                0x0001ae16                deca_sleep
 .text.deca_usleep
                0x0001ae36       0x16 bin/ranging.o
                0x0001ae36                deca_usleep
 .text.am_gpio0_001f_isr
                0x0001ae4c       0x44 bin/system.o
                0x0001ae4c                am_gpio0_001f_isr
 .text.am_gpio0_203f_isr
                0x0001ae90       0x44 bin/system.o
                0x0001ae90                am_gpio0_203f_isr
 .text.am_gpio0_405f_isr
                0x0001aed4       0x44 bin/system.o
                0x0001aed4                am_gpio0_405f_isr
 .text.am_gpio0_607f_isr
                0x0001af18       0x44 bin/system.o
                0x0001af18                am_gpio0_607f_isr
 .text.am_rtc_isr
                0x0001af5c       0x3c bin/system.o
                0x0001af5c                am_rtc_isr
 .text.system_hard_fault_handler
                0x0001af98       0x28 bin/system.o
                0x0001af98                system_hard_fault_handler
 .text.HardFault_Handler
                0x0001afc0       0x20 bin/system.o
                0x0001afc0                HardFault_Handler
 .text.vAssertCalled
                0x0001afe0       0x26 bin/system.o
                0x0001afe0                vAssertCalled
 *fill*         0x0001b006        0x2 
 .text.setup_hardware
                0x0001b008       0x90 bin/system.o
                0x0001b008                setup_hardware
 .text.system_enable_interrupts
                0x0001b098       0x22 bin/system.o
                0x0001b098                system_enable_interrupts
 *fill*         0x0001b0ba        0x2 
 .text.am_timer04_isr
                0x0001b0bc       0x54 bin/app_task_ranging.o
                0x0001b0bc                am_timer04_isr
 .text.am_timer02_isr
                0x0001b110       0x4c bin/scheduler.o
                0x0001b110                am_timer02_isr
 .text.scheduler_rtc_isr
                0x0001b15c       0x48 bin/scheduler.o
                0x0001b15c                scheduler_rtc_isr
 .text.motion_interrupt
                0x0001b1a4       0x34 bin/test_imu.o
 .text.main     0x0001b1d8       0x54 bin/test_imu.o
                0x0001b1d8                main
 .text.__errno  0x0001b22c        0xc /Applications/ArmGNUToolchain/12.3.rel1/arm-none-eabi/bin/../lib/gcc/arm-none-eabi/12.3.1/../../../../arm-none-eabi/lib/thumb/v7e-m+fp/hard/libc.a(libc_a-errno.o)
                0x0001b22c                __errno
 .text.__retarget_lock_acquire_recursive
                0x0001b238        0x4 /Applications/ArmGNUToolchain/12.3.rel1/arm-none-eabi/bin/../lib/gcc/arm-none-eabi/12.3.1/../../../../arm-none-eabi/lib/thumb/v7e-m+fp/hard/libc.a(libc_a-lock.o)
                0x0001b238                __retarget_lock_acquire_recursive
 .text.__retarget_lock_release_recursive
                0x0001b23c        0x4 /Applications/ArmGNUToolchain/12.3.rel1/arm-none-eabi/bin/../lib/gcc/arm-none-eabi/12.3.1/../../../../arm-none-eabi/lib/thumb/v7e-m+fp/hard/libc.a(libc_a-lock.o)
                0x0001b23c                __retarget_lock_release_recursive
 .text.malloc   0x0001b240       0x10 /Applications/ArmGNUToolchain/12.3.rel1/arm-none-eabi/bin/../lib/gcc/arm-none-eabi/12.3.1/../../../../arm-none-eabi/lib/thumb/v7e-m+fp/hard/libc.a(libc_a-malloc.o)
                0x0001b240                malloc
 .text._malloc_r
                0x0001b250      0x574 /Applications/ArmGNUToolchain/12.3.rel1/arm-none-eabi/bin/../lib/gcc/arm-none-eabi/12.3.1/../../../../arm-none-eabi/lib/thumb/v7e-m+fp/hard/libc.a(libc_a-mallocr.o)
                0x0001b250                _malloc_r
 .text.__malloc_lock
                0x0001b7c4        0xc /Applications/ArmGNUToolchain/12.3.rel1/arm-none-eabi/bin/../lib/gcc/arm-none-eabi/12.3.1/../../../../arm-none-eabi/lib/thumb/v7e-m+fp/hard/libc.a(libc_a-mlock.o)
                0x0001b7c4                __malloc_lock
 .text.__malloc_unlock
                0x0001b7d0        0xc /Applications/ArmGNUToolchain/12.3.rel1/arm-none-eabi/bin/../lib/gcc/arm-none-eabi/12.3.1/../../../../arm-none-eabi/lib/thumb/v7e-m+fp/hard/libc.a(libc_a-mlock.o)
                0x0001b7d0                __malloc_unlock
 .text._sbrk_r  0x0001b7dc       0x24 /Applications/ArmGNUToolchain/12.3.rel1/arm-none-eabi/bin/../lib/gcc/arm-none-eabi/12.3.1/../../../../arm-none-eabi/lib/thumb/v7e-m+fp/hard/libc.a(libc_a-sbrkr.o)
                0x0001b7dc                _sbrk_r
 .text.sysconf  0x0001b800       0x1c /Applications/ArmGNUToolchain/12.3.rel1/arm-none-eabi/bin/../lib/gcc/arm-none-eabi/12.3.1/../../../../arm-none-eabi/lib/thumb/v7e-m+fp/hard/libc.a(libc_a-sysconf.o)
                0x0001b800                sysconf
 .text._malloc_trim_r
                0x0001b81c       0xb8 /Applications/ArmGNUToolchain/12.3.rel1/arm-none-eabi/bin/../lib/gcc/arm-none-eabi/12.3.1/../../../../arm-none-eabi/lib/thumb/v7e-m+fp/hard/libc.a(libc_a-freer.o)
                0x0001b81c                _malloc_trim_r
 .text._free_r  0x0001b8d4      0x1fc /Applications/ArmGNUToolchain/12.3.rel1/arm-none-eabi/bin/../lib/gcc/arm-none-eabi/12.3.1/../../../../arm-none-eabi/lib/thumb/v7e-m+fp/hard/libc.a(libc_a-freer.o)
                0x0001b8d4                _free_r
 .text.__udivmoddi4
                0x0001bad0      0x2bc /Applications/ArmGNUToolchain/12.3.rel1/arm-none-eabi/bin/../lib/gcc/arm-none-eabi/12.3.1/thumb/v7e-m+fp/hard/libgcc.a(_udivmoddi4.o)
                0x0001bad0                __udivmoddi4
 .text._sbrk    0x0001bd8c       0x1c /Applications/ArmGNUToolchain/12.3.rel1/arm-none-eabi/bin/../lib/gcc/arm-none-eabi/12.3.1/../../../../arm-none-eabi/lib/thumb/v7e-m+fp/hard/libnosys.a(sbrk.o)
                0x0001bd8c                _sbrk
 .text.am_hal_cachectrl_disable
                0x0001bda8       0x2c ../AmbiqSDK/mcu/apollo4p/hal/mcu/gcc/bin/libam_hal.a(am_hal_cachectrl.o)
                0x0001bda8                am_hal_cachectrl_disable
 .text.am_hal_daxi_config
                0x0001bdd4       0x94 ../AmbiqSDK/mcu/apollo4p/hal/mcu/gcc/bin/libam_hal.a(am_hal_cachectrl.o)
                0x0001bdd4                am_hal_daxi_config
 .text.am_hal_daxi_control
                0x0001be68       0xe4 ../AmbiqSDK/mcu/apollo4p/hal/mcu/gcc/bin/libam_hal.a(am_hal_cachectrl.o)
                0x0001be68                am_hal_daxi_control
 .text.am_hal_interrupt_master_enable
                0x0001bf4c        0x8 ../AmbiqSDK/mcu/apollo4p/hal/mcu/gcc/bin/libam_hal.a(am_hal_interrupt.o)
                0x0001bf4c                am_hal_interrupt_master_enable
 .text.am_hal_interrupt_master_disable
                0x0001bf54        0x8 ../AmbiqSDK/mcu/apollo4p/hal/mcu/gcc/bin/libam_hal.a(am_hal_interrupt.o)
                0x0001bf54                am_hal_interrupt_master_disable
 .text.am_hal_interrupt_master_set
                0x0001bf5c        0x8 ../AmbiqSDK/mcu/apollo4p/hal/mcu/gcc/bin/libam_hal.a(am_hal_interrupt.o)
                0x0001bf5c                am_hal_interrupt_master_set
 .text.internal_iom_reset_on_error
                0x0001bf64      0x108 ../AmbiqSDK/mcu/apollo4p/hal/mcu/gcc/bin/libam_hal.a(am_hal_iom.o)
 .text.am_hal_iom_initialize
                0x0001c06c       0x50 ../AmbiqSDK/mcu/apollo4p/hal/mcu/gcc/bin/libam_hal.a(am_hal_iom.o)
                0x0001c06c                am_hal_iom_initialize
 .text.am_hal_iom_enable
                0x0001c0bc       0xf0 ../AmbiqSDK/mcu/apollo4p/hal/mcu/gcc/bin/libam_hal.a(am_hal_iom.o)
                0x0001c0bc                am_hal_iom_enable
 .text.am_hal_iom_power_ctrl
                0x0001c1ac      0x1e0 ../AmbiqSDK/mcu/apollo4p/hal/mcu/gcc/bin/libam_hal.a(am_hal_iom.o)
                0x0001c1ac                am_hal_iom_power_ctrl
 .text.am_hal_iom_configure
                0x0001c38c      0x2d8 ../AmbiqSDK/mcu/apollo4p/hal/mcu/gcc/bin/libam_hal.a(am_hal_iom.o)
                0x0001c38c                am_hal_iom_configure
 .text.am_hal_iom_blocking_transfer
                0x0001c664      0x39c ../AmbiqSDK/mcu/apollo4p/hal/mcu/gcc/bin/libam_hal.a(am_hal_iom.o)
                0x0001c664                am_hal_iom_blocking_transfer
 .text.am_hal_itm_enable
                0x0001ca00       0x48 ../AmbiqSDK/mcu/apollo4p/hal/mcu/gcc/bin/libam_hal.a(am_hal_itm.o)
                0x0001ca00                am_hal_itm_enable
 .text.am_hal_itm_print
                0x0001ca48       0x30 ../AmbiqSDK/mcu/apollo4p/hal/mcu/gcc/bin/libam_hal.a(am_hal_itm.o)
                0x0001ca48                am_hal_itm_print
 .text.am_hal_mram_info_read
                0x0001ca78       0x64 ../AmbiqSDK/mcu/apollo4p/hal/mcu/gcc/bin/libam_hal.a(am_hal_mram.o)
                0x0001ca78                am_hal_mram_info_read
 .text.am_hal_reset_status_get
                0x0001cadc       0x84 ../AmbiqSDK/mcu/apollo4p/hal/mcu/gcc/bin/libam_hal.a(am_hal_reset.o)
                0x0001cadc                am_hal_reset_status_get
 .text.am_hal_rtc_alarm_get
                0x0001cb60       0xe8 ../AmbiqSDK/mcu/apollo4p/hal/mcu/gcc/bin/libam_hal.a(am_hal_rtc.o)
                0x0001cb60                am_hal_rtc_alarm_get
 .text.am_hal_rtc_interrupt_clear
                0x0001cc48       0x10 ../AmbiqSDK/mcu/apollo4p/hal/mcu/gcc/bin/libam_hal.a(am_hal_rtc.o)
                0x0001cc48                am_hal_rtc_interrupt_clear
 .text.am_hal_sysctrl_fpu_enable
                0x0001cc58       0x10 ../AmbiqSDK/mcu/apollo4p/hal/mcu/gcc/bin/libam_hal.a(am_hal_sysctrl.o)
                0x0001cc58                am_hal_sysctrl_fpu_enable
 .text.am_hal_sysctrl_fpu_stacking_enable
                0x0001cc68       0x34 ../AmbiqSDK/mcu/apollo4p/hal/mcu/gcc/bin/libam_hal.a(am_hal_sysctrl.o)
                0x0001cc68                am_hal_sysctrl_fpu_stacking_enable
 .text.am_hal_tpiu_enable
                0x0001cc9c       0x6c ../AmbiqSDK/mcu/apollo4p/hal/mcu/gcc/bin/libam_hal.a(am_hal_tpiu.o)
                0x0001cc9c                am_hal_tpiu_enable
 .text.am_hal_delay_us
                0x0001cd08       0x30 ../AmbiqSDK/mcu/apollo4p/hal/mcu/gcc/bin/libam_hal.a(am_hal_utils.o)
                0x0001cd08                am_hal_delay_us
 .text.am_hal_delay_us_status_change
                0x0001cd38       0x58 ../AmbiqSDK/mcu/apollo4p/hal/mcu/gcc/bin/libam_hal.a(am_hal_utils.o)
                0x0001cd38                am_hal_delay_us_status_change
 .text.am_hal_delay_us_status_check
                0x0001cd90       0x7c ../AmbiqSDK/mcu/apollo4p/hal/mcu/gcc/bin/libam_hal.a(am_hal_utils.o)
                0x0001cd90                am_hal_delay_us_status_check
 .text.am_hal_adc_interrupt_status
                0x0001ce0c       0x48 ../AmbiqSDK/mcu/apollo4p/hal/mcu/gcc/bin/libam_hal.a(am_hal_adc.o)
                0x0001ce0c                am_hal_adc_interrupt_status
 .text.am_hal_adc_interrupt_clear
                0x0001ce54       0x20 ../AmbiqSDK/mcu/apollo4p/hal/mcu/gcc/bin/libam_hal.a(am_hal_adc.o)
                0x0001ce54                am_hal_adc_interrupt_clear
 .text.am_hal_adc_samples_read
                0x0001ce74      0x270 ../AmbiqSDK/mcu/apollo4p/hal/mcu/gcc/bin/libam_hal.a(am_hal_adc.o)
                0x0001ce74                am_hal_adc_samples_read
 .text.am_hal_dcu_get
                0x0001d0e4       0x90 ../AmbiqSDK/mcu/apollo4p/hal/mcu/gcc/bin/libam_hal.a(am_hal_dcu.o)
                0x0001d0e4                am_hal_dcu_get
 .text.am_hal_dcu_update
                0x0001d174       0xb0 ../AmbiqSDK/mcu/apollo4p/hal/mcu/gcc/bin/libam_hal.a(am_hal_dcu.o)
                0x0001d174                am_hal_dcu_update
 .text.am_hal_gpio_pinconfig
                0x0001d224       0x58 ../AmbiqSDK/mcu/apollo4p/hal/mcu/gcc/bin/libam_hal.a(am_hal_gpio.o)
                0x0001d224                am_hal_gpio_pinconfig
 .text.am_hal_gpio_interrupt_control
                0x0001d27c      0x198 ../AmbiqSDK/mcu/apollo4p/hal/mcu/gcc/bin/libam_hal.a(am_hal_gpio.o)
                0x0001d27c                am_hal_gpio_interrupt_control
 .text.am_hal_gpio_interrupt_irq_status_get
                0x0001d414       0x74 ../AmbiqSDK/mcu/apollo4p/hal/mcu/gcc/bin/libam_hal.a(am_hal_gpio.o)
                0x0001d414                am_hal_gpio_interrupt_irq_status_get
 .text.am_hal_gpio_interrupt_irq_clear
                0x0001d488       0x18 ../AmbiqSDK/mcu/apollo4p/hal/mcu/gcc/bin/libam_hal.a(am_hal_gpio.o)
                0x0001d488                am_hal_gpio_interrupt_irq_clear
 .text.am_hal_gpio_interrupt_register
                0x0001d4a0       0x84 ../AmbiqSDK/mcu/apollo4p/hal/mcu/gcc/bin/libam_hal.a(am_hal_gpio.o)
                0x0001d4a0                am_hal_gpio_interrupt_register
 .text.am_hal_gpio_interrupt_service
                0x0001d524       0x70 ../AmbiqSDK/mcu/apollo4p/hal/mcu/gcc/bin/libam_hal.a(am_hal_gpio.o)
                0x0001d524                am_hal_gpio_interrupt_service
 .text.am_hal_pwrctrl_mcu_memory_config
                0x0001d594      0x15c ../AmbiqSDK/mcu/apollo4p/hal/mcu/gcc/bin/libam_hal.a(am_hal_pwrctrl.o)
                0x0001d594                am_hal_pwrctrl_mcu_memory_config
 .text.am_hal_pwrctrl_sram_config
                0x0001d6f0       0xb0 ../AmbiqSDK/mcu/apollo4p/hal/mcu/gcc/bin/libam_hal.a(am_hal_pwrctrl.o)
                0x0001d6f0                am_hal_pwrctrl_sram_config
 .text.am_hal_pwrctrl_dsp_memory_config
                0x0001d7a0      0x1cc ../AmbiqSDK/mcu/apollo4p/hal/mcu/gcc/bin/libam_hal.a(am_hal_pwrctrl.o)
                0x0001d7a0                am_hal_pwrctrl_dsp_memory_config
 .text.am_hal_pwrctrl_periph_enable
                0x0001d96c      0x1a0 ../AmbiqSDK/mcu/apollo4p/hal/mcu/gcc/bin/libam_hal.a(am_hal_pwrctrl.o)
                0x0001d96c                am_hal_pwrctrl_periph_enable
 .text.am_hal_pwrctrl_periph_disable
                0x0001db0c      0x184 ../AmbiqSDK/mcu/apollo4p/hal/mcu/gcc/bin/libam_hal.a(am_hal_pwrctrl.o)
                0x0001db0c                am_hal_pwrctrl_periph_disable
 .text.am_hal_pwrctrl_low_power_init
                0x0001dc90      0x194 ../AmbiqSDK/mcu/apollo4p/hal/mcu/gcc/bin/libam_hal.a(am_hal_pwrctrl.o)
                0x0001dc90                am_hal_pwrctrl_low_power_init
 .text.am_hal_pwrctrl_control
                0x0001de24      0x274 ../AmbiqSDK/mcu/apollo4p/hal/mcu/gcc/bin/libam_hal.a(am_hal_pwrctrl.o)
                0x0001de24                am_hal_pwrctrl_control
 .text.am_hal_stimer_counter_get
                0x0001e098       0x20 ../AmbiqSDK/mcu/apollo4p/hal/mcu/gcc/bin/libam_hal.a(am_hal_stimer.o)
                0x0001e098                am_hal_stimer_counter_get
 .text.am_hal_stimer_compare_delta_set
                0x0001e0b8       0xe0 ../AmbiqSDK/mcu/apollo4p/hal/mcu/gcc/bin/libam_hal.a(am_hal_stimer.o)
                0x0001e0b8                am_hal_stimer_compare_delta_set
 .text.am_hal_stimer_int_clear
                0x0001e198        0xc ../AmbiqSDK/mcu/apollo4p/hal/mcu/gcc/bin/libam_hal.a(am_hal_stimer.o)
                0x0001e198                am_hal_stimer_int_clear
 .text.am_hal_stimer_int_status_get
                0x0001e1a4       0x18 ../AmbiqSDK/mcu/apollo4p/hal/mcu/gcc/bin/libam_hal.a(am_hal_stimer.o)
                0x0001e1a4                am_hal_stimer_int_status_get
 .text.am_hal_timer_config
                0x0001e1bc       0xa0 ../AmbiqSDK/mcu/apollo4p/hal/mcu/gcc/bin/libam_hal.a(am_hal_timer.o)
                0x0001e1bc                am_hal_timer_config
 .text.am_hal_timer_disable
                0x0001e25c       0x30 ../AmbiqSDK/mcu/apollo4p/hal/mcu/gcc/bin/libam_hal.a(am_hal_timer.o)
                0x0001e25c                am_hal_timer_disable
 .text.am_hal_timer_clear
                0x0001e28c       0x54 ../AmbiqSDK/mcu/apollo4p/hal/mcu/gcc/bin/libam_hal.a(am_hal_timer.o)
                0x0001e28c                am_hal_timer_clear
 .text.am_hal_timer_interrupt_clear
                0x0001e2e0        0xc ../AmbiqSDK/mcu/apollo4p/hal/mcu/gcc/bin/libam_hal.a(am_hal_timer.o)
                0x0001e2e0                am_hal_timer_interrupt_clear
 .text.am_hal_cmdq_init
                0x0001e2ec       0xb0 ../AmbiqSDK/mcu/apollo4p/hal/mcu/gcc/bin/libam_hal.a(am_hal_cmdq.o)
                0x0001e2ec                am_hal_cmdq_init
 .text.am_hal_cmdq_enable
                0x0001e39c       0x58 ../AmbiqSDK/mcu/apollo4p/hal/mcu/gcc/bin/libam_hal.a(am_hal_cmdq.o)
                0x0001e39c                am_hal_cmdq_enable
 .text.am_hal_cmdq_disable
                0x0001e3f4       0x38 ../AmbiqSDK/mcu/apollo4p/hal/mcu/gcc/bin/libam_hal.a(am_hal_cmdq.o)
                0x0001e3f4                am_hal_cmdq_disable
 .text.am_hal_triple_read
                0x0001e42c       0x1c ../AmbiqSDK/mcu/apollo4p/hal/mcu/gcc/bin/libam_hal.a(am_hal_global.o)
                0x0001e42c                am_hal_triple_read
 .text.interface_tx_frame
                0x0001e448       0x92 ../src/external/decadriver/libdwt_uwb_driver-m4-hfp-6.0.7.a(deca_interface.c.obj)
                0x0001e448                interface_tx_frame
 .text.interface_get_timestamp
                0x0001e4da       0x22 ../src/external/decadriver/libdwt_uwb_driver-m4-hfp-6.0.7.a(deca_interface.c.obj)
                0x0001e4da                interface_get_timestamp
 .text.interface_rx_disable
                0x0001e4fc       0x12 ../src/external/decadriver/libdwt_uwb_driver-m4-hfp-6.0.7.a(deca_interface.c.obj)
                0x0001e4fc                interface_rx_disable
 *fill*         0x0001e50e        0x2 
 .text.interface_rx_enable
                0x0001e510      0x1d8 ../src/external/decadriver/libdwt_uwb_driver-m4-hfp-6.0.7.a(deca_interface.c.obj)
                0x0001e510                interface_rx_enable
 .text.interface_read_rx_frame
                0x0001e6e8       0x20 ../src/external/decadriver/libdwt_uwb_driver-m4-hfp-6.0.7.a(deca_interface.c.obj)
                0x0001e6e8                interface_read_rx_frame
 .text.dwt_forcetrxoff
                0x0001e708       0x1c ../src/external/decadriver/libdwt_uwb_driver-m4-hfp-6.0.7.a(deca_compat.c.obj)
                0x0001e708                dwt_forcetrxoff
 .text.dwt_rxenable
                0x0001e724       0x18 ../src/external/decadriver/libdwt_uwb_driver-m4-hfp-6.0.7.a(deca_compat.c.obj)
                0x0001e724                dwt_rxenable
 .text.dwt_generatecrc8
                0x0001e73c       0x28 ../src/external/decadriver/libdwt_uwb_driver-m4-hfp-6.0.7.a(deca_compat.c.obj)
                0x0001e73c                dwt_generatecrc8
 .text.dwt_dbg_fn
                0x0001e764       0x10 ../src/external/decadriver/libdwt_uwb_driver-m4-hfp-6.0.7.a(dw3000_device.c.obj)
 .text._deinit  0x0001e774        0x2 ../src/external/decadriver/libdwt_uwb_driver-m4-hfp-6.0.7.a(dw3000_device.c.obj)
 .text.dwt_xfer3xxx
                0x0001e776      0x106 ../src/external/decadriver/libdwt_uwb_driver-m4-hfp-6.0.7.a(dw3000_device.c.obj)
 .text.dwt_readfromdevice
                0x0001e87c       0x14 ../src/external/decadriver/libdwt_uwb_driver-m4-hfp-6.0.7.a(dw3000_device.c.obj)
 .text.dwt_read32bitoffsetreg
                0x0001e890       0x2c ../src/external/decadriver/libdwt_uwb_driver-m4-hfp-6.0.7.a(dw3000_device.c.obj)
 .text.dwt_read16bitoffsetreg
                0x0001e8bc       0x24 ../src/external/decadriver/libdwt_uwb_driver-m4-hfp-6.0.7.a(dw3000_device.c.obj)
 .text.dwt_read8bitoffsetreg
                0x0001e8e0       0x1c ../src/external/decadriver/libdwt_uwb_driver-m4-hfp-6.0.7.a(dw3000_device.c.obj)
 .text.ull_readdiagnostics
                0x0001e8fc      0x718 ../src/external/decadriver/libdwt_uwb_driver-m4-hfp-6.0.7.a(dw3000_device.c.obj)
 .text.ull_readrxtimestamp
                0x0001f014       0x44 ../src/external/decadriver/libdwt_uwb_driver-m4-hfp-6.0.7.a(dw3000_device.c.obj)
 .text.dwt_writetodevice
                0x0001f058       0x16 ../src/external/decadriver/libdwt_uwb_driver-m4-hfp-6.0.7.a(dw3000_device.c.obj)
 .text.dwt_write8bitoffsetreg
                0x0001f06e       0x18 ../src/external/decadriver/libdwt_uwb_driver-m4-hfp-6.0.7.a(dw3000_device.c.obj)
 *fill*         0x0001f086        0x2 
 .text.ull_getframelength
                0x0001f088       0x64 ../src/external/decadriver/libdwt_uwb_driver-m4-hfp-6.0.7.a(dw3000_device.c.obj)
 .text.ull_configeventcounters
                0x0001f0ec       0x26 ../src/external/decadriver/libdwt_uwb_driver-m4-hfp-6.0.7.a(dw3000_device.c.obj)
 .text.dwt_write16bitoffsetreg
                0x0001f112       0x20 ../src/external/decadriver/libdwt_uwb_driver-m4-hfp-6.0.7.a(dw3000_device.c.obj)
 *fill*         0x0001f132        0x2 
 .text.ull_clearaonconfig
                0x0001f134       0x40 ../src/external/decadriver/libdwt_uwb_driver-m4-hfp-6.0.7.a(dw3000_device.c.obj)
 .text.ull_force_clocks
                0x0001f174       0x2c ../src/external/decadriver/libdwt_uwb_driver-m4-hfp-6.0.7.a(dw3000_device.c.obj)
 .text.__dwt_otp_write_wdata_id_reg
                0x0001f1a0       0x26 ../src/external/decadriver/libdwt_uwb_driver-m4-hfp-6.0.7.a(dw3000_device.c.obj)
 *fill*         0x0001f1c6        0x2 
 .text._dwt_otpread
                0x0001f1c8       0x44 ../src/external/decadriver/libdwt_uwb_driver-m4-hfp-6.0.7.a(dw3000_device.c.obj)
 .text.ull_aon_read
                0x0001f20c       0x40 ../src/external/decadriver/libdwt_uwb_driver-m4-hfp-6.0.7.a(dw3000_device.c.obj)
 .text.ull_aon_write
                0x0001f24c       0x50 ../src/external/decadriver/libdwt_uwb_driver-m4-hfp-6.0.7.a(dw3000_device.c.obj)
 .text.ull_configuresleep
                0x0001f29c       0x54 ../src/external/decadriver/libdwt_uwb_driver-m4-hfp-6.0.7.a(dw3000_device.c.obj)
 .text.ull_signal_rx_buff_free
                0x0001f2f0       0x24 ../src/external/decadriver/libdwt_uwb_driver-m4-hfp-6.0.7.a(dw3000_device.c.obj)
 .text.dwt_write32bitoffsetreg
                0x0001f314       0x2a ../src/external/decadriver/libdwt_uwb_driver-m4-hfp-6.0.7.a(dw3000_device.c.obj)
 *fill*         0x0001f33e        0x2 
 .text.ull_isr  0x0001f340      0x2bc ../src/external/decadriver/libdwt_uwb_driver-m4-hfp-6.0.7.a(dw3000_device.c.obj)
 .text._dwt_adjust_delaytime
                0x0001f5fc       0x50 ../src/external/decadriver/libdwt_uwb_driver-m4-hfp-6.0.7.a(dw3000_device.c.obj)
 .text.ull_setrxaftertxdelay
                0x0001f64c       0x2c ../src/external/decadriver/libdwt_uwb_driver-m4-hfp-6.0.7.a(dw3000_device.c.obj)
 .text.ull_setlnapamode
                0x0001f678       0x44 ../src/external/decadriver/libdwt_uwb_driver-m4-hfp-6.0.7.a(dw3000_device.c.obj)
 .text.ull_configurestskey
                0x0001f6bc       0x48 ../src/external/decadriver/libdwt_uwb_driver-m4-hfp-6.0.7.a(dw3000_device.c.obj)
 .text.ull_configurestsiv
                0x0001f704       0x48 ../src/external/decadriver/libdwt_uwb_driver-m4-hfp-6.0.7.a(dw3000_device.c.obj)
 .text.ull_configmrxlut
                0x0001f74c      0x104 ../src/external/decadriver/libdwt_uwb_driver-m4-hfp-6.0.7.a(dw3000_device.c.obj)
 .text.ull_disable_rftx_blocks
                0x0001f850       0x14 ../src/external/decadriver/libdwt_uwb_driver-m4-hfp-6.0.7.a(dw3000_device.c.obj)
 .text.ull_disable_rf_tx
                0x0001f864       0x3c ../src/external/decadriver/libdwt_uwb_driver-m4-hfp-6.0.7.a(dw3000_device.c.obj)
 .text.ull_readrxdata
                0x0001f8a0       0x6c ../src/external/decadriver/libdwt_uwb_driver-m4-hfp-6.0.7.a(dw3000_device.c.obj)
 .text.ull_rxenable
                0x0001f90c       0xc8 ../src/external/decadriver/libdwt_uwb_driver-m4-hfp-6.0.7.a(dw3000_device.c.obj)
 .text.ull_writetxdata
                0x0001f9d4       0x64 ../src/external/decadriver/libdwt_uwb_driver-m4-hfp-6.0.7.a(dw3000_device.c.obj)
 .text.dwt_modify32bitoffsetreg
                0x0001fa38       0x48 ../src/external/decadriver/libdwt_uwb_driver-m4-hfp-6.0.7.a(dw3000_device.c.obj)
 .text._dwt_kick_dgc_on_wakeup
                0x0001fa80       0x3c ../src/external/decadriver/libdwt_uwb_driver-m4-hfp-6.0.7.a(dw3000_device.c.obj)
 .text.ull_enable_rf_tx
                0x0001fabc       0x68 ../src/external/decadriver/libdwt_uwb_driver-m4-hfp-6.0.7.a(dw3000_device.c.obj)
 .text.ull_enable_rftx_blocks
                0x0001fb24       0x24 ../src/external/decadriver/libdwt_uwb_driver-m4-hfp-6.0.7.a(dw3000_device.c.obj)
 .text._dwt_otpprogword32
                0x0001fb48      0x170 ../src/external/decadriver/libdwt_uwb_driver-m4-hfp-6.0.7.a(dw3000_device.c.obj)
 .text.ull_setgpiomode
                0x0001fcb8       0x3c ../src/external/decadriver/libdwt_uwb_driver-m4-hfp-6.0.7.a(dw3000_device.c.obj)
 .text.ull_setinterrupt
                0x0001fcf4       0xb2 ../src/external/decadriver/libdwt_uwb_driver-m4-hfp-6.0.7.a(dw3000_device.c.obj)
 *fill*         0x0001fda6        0x2 
 .text.ull_writetxfctrl
                0x0001fda8       0x4c ../src/external/decadriver/libdwt_uwb_driver-m4-hfp-6.0.7.a(dw3000_device.c.obj)
 .text.prs_sys_status_and_or
                0x0001fdf4       0x18 ../src/external/decadriver/libdwt_uwb_driver-m4-hfp-6.0.7.a(dw3000_device.c.obj)
 .text.dwt_modify8bitoffsetreg
                0x0001fe0c       0x28 ../src/external/decadriver/libdwt_uwb_driver-m4-hfp-6.0.7.a(dw3000_device.c.obj)
 .text.ull_configciadiag
                0x0001fe34       0x6c ../src/external/decadriver/libdwt_uwb_driver-m4-hfp-6.0.7.a(dw3000_device.c.obj)
 .text.ull_calcbandwidthadj
                0x0001fea0       0x84 ../src/external/decadriver/libdwt_uwb_driver-m4-hfp-6.0.7.a(dw3000_device.c.obj)
 .text.ull_configuretxrf
                0x0001ff24       0x34 ../src/external/decadriver/libdwt_uwb_driver-m4-hfp-6.0.7.a(dw3000_device.c.obj)
 .text.ull_repeated_frames
                0x0001ff58       0x30 ../src/external/decadriver/libdwt_uwb_driver-m4-hfp-6.0.7.a(dw3000_device.c.obj)
 .text.ull_setdwstate
                0x0001ff88       0xbc ../src/external/decadriver/libdwt_uwb_driver-m4-hfp-6.0.7.a(dw3000_device.c.obj)
 .text.ull_configureframefilter
                0x00020044       0x46 ../src/external/decadriver/libdwt_uwb_driver-m4-hfp-6.0.7.a(dw3000_device.c.obj)
 *fill*         0x0002008a        0x2 
 .text.ull_run_pgfcal
                0x0002008c       0xc4 ../src/external/decadriver/libdwt_uwb_driver-m4-hfp-6.0.7.a(dw3000_device.c.obj)
 .text.prs_ack_enable
                0x00020150       0x20 ../src/external/decadriver/libdwt_uwb_driver-m4-hfp-6.0.7.a(dw3000_device.c.obj)
 .text.dwt_modify16bitoffsetreg
                0x00020170       0x32 ../src/external/decadriver/libdwt_uwb_driver-m4-hfp-6.0.7.a(dw3000_device.c.obj)
 *fill*         0x000201a2        0x2 
 .text._dwt_prog_ldo_and_bias_tune
                0x000201a4       0x38 ../src/external/decadriver/libdwt_uwb_driver-m4-hfp-6.0.7.a(dw3000_device.c.obj)
 .text.ull_setleds
                0x000201dc       0x9c ../src/external/decadriver/libdwt_uwb_driver-m4-hfp-6.0.7.a(dw3000_device.c.obj)
 .text.ull_pgf_cal
                0x00020278       0x60 ../src/external/decadriver/libdwt_uwb_driver-m4-hfp-6.0.7.a(dw3000_device.c.obj)
 .text.ull_setgpiovalue
                0x000202d8       0x30 ../src/external/decadriver/libdwt_uwb_driver-m4-hfp-6.0.7.a(dw3000_device.c.obj)
 .text.ull_readaccdata
                0x00020308       0x88 ../src/external/decadriver/libdwt_uwb_driver-m4-hfp-6.0.7.a(dw3000_device.c.obj)
 .text.ull_repeated_cw
                0x00020390       0x54 ../src/external/decadriver/libdwt_uwb_driver-m4-hfp-6.0.7.a(dw3000_device.c.obj)
 .text.ull_configure
                0x000203e4      0x454 ../src/external/decadriver/libdwt_uwb_driver-m4-hfp-6.0.7.a(dw3000_device.c.obj)
 .text.dwt_ioctl
                0x00020838     0x1f00 ../src/external/decadriver/libdwt_uwb_driver-m4-hfp-6.0.7.a(dw3000_device.c.obj)
 .text.ull_initialise
                0x00022738      0x124 ../src/external/decadriver/libdwt_uwb_driver-m4-hfp-6.0.7.a(dw3000_device.c.obj)
 .text._init    0x0002285c      0x1b0 ../src/external/decadriver/libdwt_uwb_driver-m4-hfp-6.0.7.a(dw3000_device.c.obj)
 .text.dwt_dbg_fn
                0x00022a0c       0x10 ../src/external/decadriver/libdwt_uwb_driver-m4-hfp-6.0.7.a(dw3700_device.c.obj)
 .text._deinit  0x00022a1c        0x2 ../src/external/decadriver/libdwt_uwb_driver-m4-hfp-6.0.7.a(dw3700_device.c.obj)
 .text.dwt_xfer3xxx
                0x00022a1e       0xfc ../src/external/decadriver/libdwt_uwb_driver-m4-hfp-6.0.7.a(dw3700_device.c.obj)
 .text.dwt_readfromdevice
                0x00022b1a       0x14 ../src/external/decadriver/libdwt_uwb_driver-m4-hfp-6.0.7.a(dw3700_device.c.obj)
 .text.dwt_read32bitoffsetreg
                0x00022b2e       0x2c ../src/external/decadriver/libdwt_uwb_driver-m4-hfp-6.0.7.a(dw3700_device.c.obj)
 .text.dwt_read16bitoffsetreg
                0x00022b5a       0x24 ../src/external/decadriver/libdwt_uwb_driver-m4-hfp-6.0.7.a(dw3700_device.c.obj)
 .text.dwt_read8bitoffsetreg
                0x00022b7e       0x1c ../src/external/decadriver/libdwt_uwb_driver-m4-hfp-6.0.7.a(dw3700_device.c.obj)
 .text.ull_readdiagnostics
                0x00022b9a      0x768 ../src/external/decadriver/libdwt_uwb_driver-m4-hfp-6.0.7.a(dw3700_device.c.obj)
 *fill*         0x00023302        0x2 
 .text.ull_readrxtimestamp
                0x00023304       0x44 ../src/external/decadriver/libdwt_uwb_driver-m4-hfp-6.0.7.a(dw3700_device.c.obj)
 .text.dwt_writetodevice
                0x00023348       0x16 ../src/external/decadriver/libdwt_uwb_driver-m4-hfp-6.0.7.a(dw3700_device.c.obj)
 .text.dwt_write16bitoffsetreg
                0x0002335e       0x20 ../src/external/decadriver/libdwt_uwb_driver-m4-hfp-6.0.7.a(dw3700_device.c.obj)
 *fill*         0x0002337e        0x2 
 .text.ull_force_clocks
                0x00023380       0x2c ../src/external/decadriver/libdwt_uwb_driver-m4-hfp-6.0.7.a(dw3700_device.c.obj)
 .text.__dwt_otp_write_wdata_id_reg
                0x000233ac       0x26 ../src/external/decadriver/libdwt_uwb_driver-m4-hfp-6.0.7.a(dw3700_device.c.obj)
 *fill*         0x000233d2        0x2 
 .text._dwt_otpread
                0x000233d4       0x44 ../src/external/decadriver/libdwt_uwb_driver-m4-hfp-6.0.7.a(dw3700_device.c.obj)
 .text.dwt_write32bitoffsetreg
                0x00023418       0x2a ../src/external/decadriver/libdwt_uwb_driver-m4-hfp-6.0.7.a(dw3700_device.c.obj)
 .text._dwt_adjust_delaytime
                0x00023442       0x4c ../src/external/decadriver/libdwt_uwb_driver-m4-hfp-6.0.7.a(dw3700_device.c.obj)
 .text.ull_setrxaftertxdelay
                0x0002348e       0x28 ../src/external/decadriver/libdwt_uwb_driver-m4-hfp-6.0.7.a(dw3700_device.c.obj)
 .text.ull_setlnapamode
                0x000234b6       0x40 ../src/external/decadriver/libdwt_uwb_driver-m4-hfp-6.0.7.a(dw3700_device.c.obj)
 *fill*         0x000234f6        0x2 
 .text.ull_configurestskey
                0x000234f8       0x48 ../src/external/decadriver/libdwt_uwb_driver-m4-hfp-6.0.7.a(dw3700_device.c.obj)
 .text.ull_configurestsiv
                0x00023540       0x48 ../src/external/decadriver/libdwt_uwb_driver-m4-hfp-6.0.7.a(dw3700_device.c.obj)
 .text.ull_configmrxlut
                0x00023588       0xf0 ../src/external/decadriver/libdwt_uwb_driver-m4-hfp-6.0.7.a(dw3700_device.c.obj)
 .text.ull_disable_rftx_blocks
                0x00023678       0x14 ../src/external/decadriver/libdwt_uwb_driver-m4-hfp-6.0.7.a(dw3700_device.c.obj)
 .text.ull_disable_rf_tx
                0x0002368c       0x3c ../src/external/decadriver/libdwt_uwb_driver-m4-hfp-6.0.7.a(dw3700_device.c.obj)
 .text.ull_readrxdata
                0x000236c8       0x6c ../src/external/decadriver/libdwt_uwb_driver-m4-hfp-6.0.7.a(dw3700_device.c.obj)
 .text.dwt_write8bitoffsetreg
                0x00023734       0x18 ../src/external/decadriver/libdwt_uwb_driver-m4-hfp-6.0.7.a(dw3700_device.c.obj)
 .text.ull_getframelength
                0x0002374c       0x64 ../src/external/decadriver/libdwt_uwb_driver-m4-hfp-6.0.7.a(dw3700_device.c.obj)
 .text._dwt_clear_db_events
                0x000237b0       0x34 ../src/external/decadriver/libdwt_uwb_driver-m4-hfp-6.0.7.a(dw3700_device.c.obj)
 .text.ull_clearaonconfig
                0x000237e4       0x40 ../src/external/decadriver/libdwt_uwb_driver-m4-hfp-6.0.7.a(dw3700_device.c.obj)
 .text.ull_configeventcounters
                0x00023824       0x26 ../src/external/decadriver/libdwt_uwb_driver-m4-hfp-6.0.7.a(dw3700_device.c.obj)
 *fill*         0x0002384a        0x2 
 .text.ull_aon_read
                0x0002384c       0x40 ../src/external/decadriver/libdwt_uwb_driver-m4-hfp-6.0.7.a(dw3700_device.c.obj)
 .text.ull_aon_write
                0x0002388c       0x50 ../src/external/decadriver/libdwt_uwb_driver-m4-hfp-6.0.7.a(dw3700_device.c.obj)
 .text.ull_configuresleep
                0x000238dc       0x54 ../src/external/decadriver/libdwt_uwb_driver-m4-hfp-6.0.7.a(dw3700_device.c.obj)
 .text.ull_writetxdata
                0x00023930       0x64 ../src/external/decadriver/libdwt_uwb_driver-m4-hfp-6.0.7.a(dw3700_device.c.obj)
 .text.ull_signal_rx_buff_free
                0x00023994       0x28 ../src/external/decadriver/libdwt_uwb_driver-m4-hfp-6.0.7.a(dw3700_device.c.obj)
 .text.ull_isr  0x000239bc      0x300 ../src/external/decadriver/libdwt_uwb_driver-m4-hfp-6.0.7.a(dw3700_device.c.obj)
 .text.dwt_modify32bitoffsetreg
                0x00023cbc       0x48 ../src/external/decadriver/libdwt_uwb_driver-m4-hfp-6.0.7.a(dw3700_device.c.obj)
 .text.ull_enable_rf_tx
                0x00023d04       0x68 ../src/external/decadriver/libdwt_uwb_driver-m4-hfp-6.0.7.a(dw3700_device.c.obj)
 .text.ull_enable_rftx_blocks
                0x00023d6c       0x24 ../src/external/decadriver/libdwt_uwb_driver-m4-hfp-6.0.7.a(dw3700_device.c.obj)
 .text._dwt_otpprogword32
                0x00023d90      0x170 ../src/external/decadriver/libdwt_uwb_driver-m4-hfp-6.0.7.a(dw3700_device.c.obj)
 .text.ull_setgpiomode
                0x00023f00       0x3c ../src/external/decadriver/libdwt_uwb_driver-m4-hfp-6.0.7.a(dw3700_device.c.obj)
 .text.ull_writetxfctrl
                0x00023f3c       0x4c ../src/external/decadriver/libdwt_uwb_driver-m4-hfp-6.0.7.a(dw3700_device.c.obj)
 .text.prs_sys_status_and_or
                0x00023f88       0x18 ../src/external/decadriver/libdwt_uwb_driver-m4-hfp-6.0.7.a(dw3700_device.c.obj)
 .text.dwt_modify8bitoffsetreg
                0x00023fa0       0x28 ../src/external/decadriver/libdwt_uwb_driver-m4-hfp-6.0.7.a(dw3700_device.c.obj)
 .text.ull_configciadiag
                0x00023fc8       0x6c ../src/external/decadriver/libdwt_uwb_driver-m4-hfp-6.0.7.a(dw3700_device.c.obj)
 .text.ull_calcbandwidthadj
                0x00024034       0x84 ../src/external/decadriver/libdwt_uwb_driver-m4-hfp-6.0.7.a(dw3700_device.c.obj)
 .text.ull_configuretxrf
                0x000240b8       0x34 ../src/external/decadriver/libdwt_uwb_driver-m4-hfp-6.0.7.a(dw3700_device.c.obj)
 .text.ull_repeated_frames
                0x000240ec       0x30 ../src/external/decadriver/libdwt_uwb_driver-m4-hfp-6.0.7.a(dw3700_device.c.obj)
 .text.ull_setdwstate
                0x0002411c       0xb8 ../src/external/decadriver/libdwt_uwb_driver-m4-hfp-6.0.7.a(dw3700_device.c.obj)
 .text.ull_configureframefilter
                0x000241d4       0x46 ../src/external/decadriver/libdwt_uwb_driver-m4-hfp-6.0.7.a(dw3700_device.c.obj)
 *fill*         0x0002421a        0x2 
 .text.ull_run_pgfcal
                0x0002421c       0xc4 ../src/external/decadriver/libdwt_uwb_driver-m4-hfp-6.0.7.a(dw3700_device.c.obj)
 .text.ull_setinterrupt
                0x000242e0       0xd8 ../src/external/decadriver/libdwt_uwb_driver-m4-hfp-6.0.7.a(dw3700_device.c.obj)
 .text.prs_ack_enable
                0x000243b8       0x20 ../src/external/decadriver/libdwt_uwb_driver-m4-hfp-6.0.7.a(dw3700_device.c.obj)
 .text.dwt_modify16bitoffsetreg
                0x000243d8       0x32 ../src/external/decadriver/libdwt_uwb_driver-m4-hfp-6.0.7.a(dw3700_device.c.obj)
 *fill*         0x0002440a        0x2 
 .text.ull_setleds
                0x0002440c       0x9c ../src/external/decadriver/libdwt_uwb_driver-m4-hfp-6.0.7.a(dw3700_device.c.obj)
 .text.ull_pgf_cal
                0x000244a8       0x60 ../src/external/decadriver/libdwt_uwb_driver-m4-hfp-6.0.7.a(dw3700_device.c.obj)
 .text.ull_setgpiovalue
                0x00024508       0x30 ../src/external/decadriver/libdwt_uwb_driver-m4-hfp-6.0.7.a(dw3700_device.c.obj)
 .text.ull_readaccdata
                0x00024538       0x88 ../src/external/decadriver/libdwt_uwb_driver-m4-hfp-6.0.7.a(dw3700_device.c.obj)
 .text.ull_repeated_cw
                0x000245c0       0x54 ../src/external/decadriver/libdwt_uwb_driver-m4-hfp-6.0.7.a(dw3700_device.c.obj)
 .text.ull_configure
                0x00024614      0x480 ../src/external/decadriver/libdwt_uwb_driver-m4-hfp-6.0.7.a(dw3700_device.c.obj)
 .text.ull_initialise
                0x00024a94      0x128 ../src/external/decadriver/libdwt_uwb_driver-m4-hfp-6.0.7.a(dw3700_device.c.obj)
 .text.ull_rxenable
                0x00024bbc       0xe0 ../src/external/decadriver/libdwt_uwb_driver-m4-hfp-6.0.7.a(dw3700_device.c.obj)
 .text.ull_softreset_no_sema_fcmd
                0x00024c9c       0x28 ../src/external/decadriver/libdwt_uwb_driver-m4-hfp-6.0.7.a(dw3700_device.c.obj)
 .text.ull_softreset_fcmd
                0x00024cc4       0x28 ../src/external/decadriver/libdwt_uwb_driver-m4-hfp-6.0.7.a(dw3700_device.c.obj)
 .text.dwt_ioctl
                0x00024cec     0x20ec ../src/external/decadriver/libdwt_uwb_driver-m4-hfp-6.0.7.a(dw3700_device.c.obj)
 .text._init    0x00026dd8      0x1b0 ../src/external/decadriver/libdwt_uwb_driver-m4-hfp-6.0.7.a(dw3700_device.c.obj)
 .text.ull_wakeup_ic
                0x00026f88        0x8 ../src/external/decadriver/libdwt_uwb_driver-m4-hfp-6.0.7.a(dw3720_device.c.obj)
 .text.get_sts_mnth
                0x00026f90       0x28 ../src/external/decadriver/libdwt_uwb_driver-m4-hfp-6.0.7.a(dw3720_device.c.obj)
 .text.dwt_dbg_fn
                0x00026fb8       0x10 ../src/external/decadriver/libdwt_uwb_driver-m4-hfp-6.0.7.a(dw3720_device.c.obj)
 .text._deinit  0x00026fc8        0x2 ../src/external/decadriver/libdwt_uwb_driver-m4-hfp-6.0.7.a(dw3720_device.c.obj)
 .text.dwt_xfer3xxx
                0x00026fca       0xfc ../src/external/decadriver/libdwt_uwb_driver-m4-hfp-6.0.7.a(dw3720_device.c.obj)
 .text.dwt_readfromdevice
                0x000270c6       0x14 ../src/external/decadriver/libdwt_uwb_driver-m4-hfp-6.0.7.a(dw3720_device.c.obj)
 .text.dwt_read32bitoffsetreg
                0x000270da       0x2c ../src/external/decadriver/libdwt_uwb_driver-m4-hfp-6.0.7.a(dw3720_device.c.obj)
 .text.dwt_read16bitoffsetreg
                0x00027106       0x24 ../src/external/decadriver/libdwt_uwb_driver-m4-hfp-6.0.7.a(dw3720_device.c.obj)
 .text.ull_getrxantennadelay
                0x0002712a        0xe ../src/external/decadriver/libdwt_uwb_driver-m4-hfp-6.0.7.a(dw3720_device.c.obj)
 .text.ull_gettxantennadelay
                0x00027138        0xc ../src/external/decadriver/libdwt_uwb_driver-m4-hfp-6.0.7.a(dw3720_device.c.obj)
 .text.ull_readclockoffset
                0x00027144       0x40 ../src/external/decadriver/libdwt_uwb_driver-m4-hfp-6.0.7.a(dw3720_device.c.obj)
 .text.dwt_read8bitoffsetreg
                0x00027184       0x1c ../src/external/decadriver/libdwt_uwb_driver-m4-hfp-6.0.7.a(dw3720_device.c.obj)
 .text.ull_readcarrierintegrator
                0x000271a0       0x40 ../src/external/decadriver/libdwt_uwb_driver-m4-hfp-6.0.7.a(dw3720_device.c.obj)
 .text.ull_readdiagnostics
                0x000271e0      0x786 ../src/external/decadriver/libdwt_uwb_driver-m4-hfp-6.0.7.a(dw3720_device.c.obj)
 *fill*         0x00027966        0x2 
 .text.ull_readrxtimestamp
                0x00027968       0x44 ../src/external/decadriver/libdwt_uwb_driver-m4-hfp-6.0.7.a(dw3720_device.c.obj)
 .text.dwt_writetodevice
                0x000279ac       0x16 ../src/external/decadriver/libdwt_uwb_driver-m4-hfp-6.0.7.a(dw3720_device.c.obj)
 .text.dwt_write16bitoffsetreg
                0x000279c2       0x20 ../src/external/decadriver/libdwt_uwb_driver-m4-hfp-6.0.7.a(dw3720_device.c.obj)
 .text.ull_setrxantennadelay
                0x000279e2       0x10 ../src/external/decadriver/libdwt_uwb_driver-m4-hfp-6.0.7.a(dw3720_device.c.obj)
 .text.ull_settxantennadelay
                0x000279f2        0xe ../src/external/decadriver/libdwt_uwb_driver-m4-hfp-6.0.7.a(dw3720_device.c.obj)
 .text.ull_force_clocks
                0x00027a00       0x2c ../src/external/decadriver/libdwt_uwb_driver-m4-hfp-6.0.7.a(dw3720_device.c.obj)
 .text.__dwt_otp_write_wdata_id_reg
                0x00027a2c       0x26 ../src/external/decadriver/libdwt_uwb_driver-m4-hfp-6.0.7.a(dw3720_device.c.obj)
 *fill*         0x00027a52        0x2 
 .text._dwt_otpread
                0x00027a54       0x44 ../src/external/decadriver/libdwt_uwb_driver-m4-hfp-6.0.7.a(dw3720_device.c.obj)
 .text.dwt_write32bitoffsetreg
                0x00027a98       0x2a ../src/external/decadriver/libdwt_uwb_driver-m4-hfp-6.0.7.a(dw3720_device.c.obj)
 .text._dwt_adjust_delaytime
                0x00027ac2       0x4c ../src/external/decadriver/libdwt_uwb_driver-m4-hfp-6.0.7.a(dw3720_device.c.obj)
 .text.ull_setrxaftertxdelay
                0x00027b0e       0x28 ../src/external/decadriver/libdwt_uwb_driver-m4-hfp-6.0.7.a(dw3720_device.c.obj)
 *fill*         0x00027b36        0x2 
 .text.ull_setfinegraintxseq
                0x00027b38       0x28 ../src/external/decadriver/libdwt_uwb_driver-m4-hfp-6.0.7.a(dw3720_device.c.obj)
 .text.ull_setlnapamode
                0x00027b60       0x40 ../src/external/decadriver/libdwt_uwb_driver-m4-hfp-6.0.7.a(dw3720_device.c.obj)
 .text.ull_configurestskey
                0x00027ba0       0x48 ../src/external/decadriver/libdwt_uwb_driver-m4-hfp-6.0.7.a(dw3720_device.c.obj)
 .text.ull_configurestsiv
                0x00027be8       0x48 ../src/external/decadriver/libdwt_uwb_driver-m4-hfp-6.0.7.a(dw3720_device.c.obj)
 .text.ull_configmrxlut
                0x00027c30      0x12c ../src/external/decadriver/libdwt_uwb_driver-m4-hfp-6.0.7.a(dw3720_device.c.obj)
 .text.ull_disable_rftx_blocks
                0x00027d5c       0x14 ../src/external/decadriver/libdwt_uwb_driver-m4-hfp-6.0.7.a(dw3720_device.c.obj)
 .text.ull_disable_rf_tx
                0x00027d70       0x3c ../src/external/decadriver/libdwt_uwb_driver-m4-hfp-6.0.7.a(dw3720_device.c.obj)
 .text.ull_repeated_cw
                0x00027dac       0x48 ../src/external/decadriver/libdwt_uwb_driver-m4-hfp-6.0.7.a(dw3720_device.c.obj)
 .text.ull_readrxdata
                0x00027df4       0x6c ../src/external/decadriver/libdwt_uwb_driver-m4-hfp-6.0.7.a(dw3720_device.c.obj)
 .text.dwt_write8bitoffsetreg
                0x00027e60       0x18 ../src/external/decadriver/libdwt_uwb_driver-m4-hfp-6.0.7.a(dw3720_device.c.obj)
 .text.ull_getframelength
                0x00027e78       0x64 ../src/external/decadriver/libdwt_uwb_driver-m4-hfp-6.0.7.a(dw3720_device.c.obj)
 .text._dwt_clear_db_events
                0x00027edc       0x34 ../src/external/decadriver/libdwt_uwb_driver-m4-hfp-6.0.7.a(dw3720_device.c.obj)
 .text.ull_clearaonconfig
                0x00027f10       0x40 ../src/external/decadriver/libdwt_uwb_driver-m4-hfp-6.0.7.a(dw3720_device.c.obj)
 .text.ull_configeventcounters
                0x00027f50       0x26 ../src/external/decadriver/libdwt_uwb_driver-m4-hfp-6.0.7.a(dw3720_device.c.obj)
 *fill*         0x00027f76        0x2 
 .text.ull_aon_read
                0x00027f78       0x40 ../src/external/decadriver/libdwt_uwb_driver-m4-hfp-6.0.7.a(dw3720_device.c.obj)
 .text.ull_aon_write
                0x00027fb8       0x50 ../src/external/decadriver/libdwt_uwb_driver-m4-hfp-6.0.7.a(dw3720_device.c.obj)
 .text.ull_configuresleep
                0x00028008       0x64 ../src/external/decadriver/libdwt_uwb_driver-m4-hfp-6.0.7.a(dw3720_device.c.obj)
 .text.ull_setplenfine
                0x0002806c        0xe ../src/external/decadriver/libdwt_uwb_driver-m4-hfp-6.0.7.a(dw3720_device.c.obj)
 *fill*         0x0002807a        0x2 
 .text.ull_update_nonce_GCM
                0x0002807c       0x1c ../src/external/decadriver/libdwt_uwb_driver-m4-hfp-6.0.7.a(dw3720_device.c.obj)
 .text.ull_update_nonce_CCM
                0x00028098       0x7c ../src/external/decadriver/libdwt_uwb_driver-m4-hfp-6.0.7.a(dw3720_device.c.obj)
 .text.ull_writetxdata
                0x00028114       0x64 ../src/external/decadriver/libdwt_uwb_driver-m4-hfp-6.0.7.a(dw3720_device.c.obj)
 .text.ull_signal_rx_buff_free
                0x00028178       0x28 ../src/external/decadriver/libdwt_uwb_driver-m4-hfp-6.0.7.a(dw3720_device.c.obj)
 .text.ull_isr  0x000281a0      0x304 ../src/external/decadriver/libdwt_uwb_driver-m4-hfp-6.0.7.a(dw3720_device.c.obj)
 .text.dwt_modify32bitoffsetreg
                0x000284a4       0x48 ../src/external/decadriver/libdwt_uwb_driver-m4-hfp-6.0.7.a(dw3720_device.c.obj)
 .text.ull_enablegpioclocks
                0x000284ec       0x20 ../src/external/decadriver/libdwt_uwb_driver-m4-hfp-6.0.7.a(dw3720_device.c.obj)
 .text.ull_enable_rf_tx
                0x0002850c       0x68 ../src/external/decadriver/libdwt_uwb_driver-m4-hfp-6.0.7.a(dw3720_device.c.obj)
 .text.ull_enable_rftx_blocks
                0x00028574       0x24 ../src/external/decadriver/libdwt_uwb_driver-m4-hfp-6.0.7.a(dw3720_device.c.obj)
 .text._dwt_otpprogword32
                0x00028598      0x170 ../src/external/decadriver/libdwt_uwb_driver-m4-hfp-6.0.7.a(dw3720_device.c.obj)
 .text.ull_setgpiomode
                0x00028708       0x3c ../src/external/decadriver/libdwt_uwb_driver-m4-hfp-6.0.7.a(dw3720_device.c.obj)
 .text.ull_writetxfctrl
                0x00028744       0x28 ../src/external/decadriver/libdwt_uwb_driver-m4-hfp-6.0.7.a(dw3720_device.c.obj)
 .text.prs_sys_status_and_or
                0x0002876c       0x18 ../src/external/decadriver/libdwt_uwb_driver-m4-hfp-6.0.7.a(dw3720_device.c.obj)
 .text.dwt_modify8bitoffsetreg
                0x00028784       0x28 ../src/external/decadriver/libdwt_uwb_driver-m4-hfp-6.0.7.a(dw3720_device.c.obj)
 .text.ull_enablespicrccheck
                0x000287ac       0x36 ../src/external/decadriver/libdwt_uwb_driver-m4-hfp-6.0.7.a(dw3720_device.c.obj)
 *fill*         0x000287e2        0x2 
 .text.ull_configciadiag
                0x000287e4       0x6c ../src/external/decadriver/libdwt_uwb_driver-m4-hfp-6.0.7.a(dw3720_device.c.obj)
 .text.ull_configurestsloadiv
                0x00028850       0x1c ../src/external/decadriver/libdwt_uwb_driver-m4-hfp-6.0.7.a(dw3720_device.c.obj)
 .text.ull_adcoffsetscalibration
                0x0002886c      0x230 ../src/external/decadriver/libdwt_uwb_driver-m4-hfp-6.0.7.a(dw3720_device.c.obj)
 .text.ull_restoreconfig
                0x00028a9c       0x60 ../src/external/decadriver/libdwt_uwb_driver-m4-hfp-6.0.7.a(dw3720_device.c.obj)
 .text.ull_calcbandwidthadj
                0x00028afc       0x84 ../src/external/decadriver/libdwt_uwb_driver-m4-hfp-6.0.7.a(dw3720_device.c.obj)
 .text.ull_configuretxrf
                0x00028b80       0x34 ../src/external/decadriver/libdwt_uwb_driver-m4-hfp-6.0.7.a(dw3720_device.c.obj)
 .text.ull_repeated_frames
                0x00028bb4       0x30 ../src/external/decadriver/libdwt_uwb_driver-m4-hfp-6.0.7.a(dw3720_device.c.obj)
 .text.ull_setdwstate
                0x00028be4       0xbc ../src/external/decadriver/libdwt_uwb_driver-m4-hfp-6.0.7.a(dw3720_device.c.obj)
 .text.ull_configureframefilter
                0x00028ca0       0x46 ../src/external/decadriver/libdwt_uwb_driver-m4-hfp-6.0.7.a(dw3720_device.c.obj)
 *fill*         0x00028ce6        0x2 
 .text.ull_run_pgfcal
                0x00028ce8       0xc4 ../src/external/decadriver/libdwt_uwb_driver-m4-hfp-6.0.7.a(dw3720_device.c.obj)
 .text.ull_setinterrupt
                0x00028dac       0xd8 ../src/external/decadriver/libdwt_uwb_driver-m4-hfp-6.0.7.a(dw3720_device.c.obj)
 .text.prs_ack_enable
                0x00028e84       0x20 ../src/external/decadriver/libdwt_uwb_driver-m4-hfp-6.0.7.a(dw3720_device.c.obj)
 .text.dwt_modify16bitoffsetreg
                0x00028ea4       0x32 ../src/external/decadriver/libdwt_uwb_driver-m4-hfp-6.0.7.a(dw3720_device.c.obj)
 *fill*         0x00028ed6        0x2 
 .text.ull_configurestsmode
                0x00028ed8       0x48 ../src/external/decadriver/libdwt_uwb_driver-m4-hfp-6.0.7.a(dw3720_device.c.obj)
 .text.ull_setleds
                0x00028f20       0x9c ../src/external/decadriver/libdwt_uwb_driver-m4-hfp-6.0.7.a(dw3720_device.c.obj)
 .text.ull_pgf_cal
                0x00028fbc       0x60 ../src/external/decadriver/libdwt_uwb_driver-m4-hfp-6.0.7.a(dw3720_device.c.obj)
 .text.ull_setgpiovalue
                0x0002901c       0x30 ../src/external/decadriver/libdwt_uwb_driver-m4-hfp-6.0.7.a(dw3720_device.c.obj)
 .text.ull_readaccdata
                0x0002904c       0x88 ../src/external/decadriver/libdwt_uwb_driver-m4-hfp-6.0.7.a(dw3720_device.c.obj)
 .text.ull_configure
                0x000290d4      0x49c ../src/external/decadriver/libdwt_uwb_driver-m4-hfp-6.0.7.a(dw3720_device.c.obj)
 .text.ull_initialise
                0x00029570      0x13c ../src/external/decadriver/libdwt_uwb_driver-m4-hfp-6.0.7.a(dw3720_device.c.obj)
 .text.ull_rxenable
                0x000296ac       0xe0 ../src/external/decadriver/libdwt_uwb_driver-m4-hfp-6.0.7.a(dw3720_device.c.obj)
 .text.ull_softreset_no_sema_fcmd
                0x0002978c       0x28 ../src/external/decadriver/libdwt_uwb_driver-m4-hfp-6.0.7.a(dw3720_device.c.obj)
 .text.ull_softreset_fcmd
                0x000297b4       0x28 ../src/external/decadriver/libdwt_uwb_driver-m4-hfp-6.0.7.a(dw3720_device.c.obj)
 .text.dwt_ioctl
                0x000297dc     0x2044 ../src/external/decadriver/libdwt_uwb_driver-m4-hfp-6.0.7.a(dw3720_device.c.obj)
 .text._init    0x0002b820      0x198 ../src/external/decadriver/libdwt_uwb_driver-m4-hfp-6.0.7.a(dw3720_device.c.obj)
 *(.rodata)
 .rodata        0x0002b9b8       0x1a bin/wsf_buf.o
 *fill*         0x0002b9d2        0x2 
 .rodata        0x0002b9d4       0x49 bin/wsf_trace.o
 *fill*         0x0002ba1d        0x3 
 .rodata        0x0002ba20       0x34 bin/imu.o
 .rodata        0x0002ba54      0x1d8 bin/logging.o
 .rodata        0x0002bc2c       0x22 bin/system.o
 *fill*         0x0002bc4e        0x2 
 .rodata        0x0002bc50       0x40 bin/test_imu.o
 *(.rodata*)
 .rodata.ui32MCUAllowed
                0x0002bc90       0x14 bin/am_resources.o
                0x0002bc90                ui32MCUAllowed
 .rodata.ui32DSP0Allowed
                0x0002bca4       0x14 bin/am_resources.o
                0x0002bca4                ui32DSP0Allowed
 .rodata.ui32DSP1Allowed
                0x0002bcb8       0x14 bin/am_resources.o
                0x0002bcb8                ui32DSP1Allowed
 .rodata.ui32SharedAccess
                0x0002bccc       0x14 bin/am_resources.o
                0x0002bccc                ui32SharedAccess
 .rodata.sGlobalAccess
                0x0002bce0       0x1c bin/am_resources.o
                0x0002bce0                sGlobalAccess
 .rodata.am_hal_daxi_defaults
                0x0002bcfc        0x5 ../AmbiqSDK/mcu/apollo4p/hal/mcu/gcc/bin/libam_hal.a(am_hal_cachectrl.o)
                0x0002bcfc                am_hal_daxi_defaults
 *fill*         0x0002bd01        0x3 
 .rodata.am_hal_gpio_pincfg_input
                0x0002bd04        0x4 ../AmbiqSDK/mcu/apollo4p/hal/mcu/gcc/bin/libam_hal.a(am_hal_gpio.o)
                0x0002bd04                am_hal_gpio_pincfg_input
 .rodata.am_hal_gpio_pincfg_output
                0x0002bd08        0x4 ../AmbiqSDK/mcu/apollo4p/hal/mcu/gcc/bin/libam_hal.a(am_hal_gpio.o)
                0x0002bd08                am_hal_gpio_pincfg_output
 .rodata.g_ui32DSpintbl
                0x0002bd0c       0x10 ../AmbiqSDK/mcu/apollo4p/hal/mcu/gcc/bin/libam_hal.a(am_hal_gpio.o)
 .rodata.am_hal_pwrctrl_peripheral_control
                0x0002bd1c      0x220 ../AmbiqSDK/mcu/apollo4p/hal/mcu/gcc/bin/libam_hal.a(am_hal_pwrctrl.o)
                0x0002bd1c                am_hal_pwrctrl_peripheral_control
 .rodata.g_DefaultMcuMemCfg
                0x0002bf3c        0x6 ../AmbiqSDK/mcu/apollo4p/hal/mcu/gcc/bin/libam_hal.a(am_hal_pwrctrl.o)
                0x0002bf3c                g_DefaultMcuMemCfg
 *fill*         0x0002bf42        0x2 
 .rodata.g_DefaultSRAMCfg
                0x0002bf44        0x6 ../AmbiqSDK/mcu/apollo4p/hal/mcu/gcc/bin/libam_hal.a(am_hal_pwrctrl.o)
                0x0002bf44                g_DefaultSRAMCfg
 *fill*         0x0002bf4a        0x2 
 .rodata.g_am_hal_bootrom_helper
                0x0002bf4c       0x28 ../AmbiqSDK/mcu/apollo4p/hal/mcu/gcc/bin/libam_hal.a(am_hal_bootrom_helper.o)
                0x0002bf4c                g_am_hal_bootrom_helper
 .rodata.gAmHalCmdQReg
                0x0002bf74      0x1b8 ../AmbiqSDK/mcu/apollo4p/hal/mcu/gcc/bin/libam_hal.a(am_hal_cmdq.o)
 .rodata.crcTable
                0x0002c12c      0x100 ../src/external/decadriver/libdwt_uwb_driver-m4-hfp-6.0.7.a(deca_compat.c.obj)
                0x0002c12c                crcTable
 .rodata.dw3000_mcps_ops
                0x0002c22c       0x3c ../src/external/decadriver/libdwt_uwb_driver-m4-hfp-6.0.7.a(dw3000_device.c.obj)
                0x0002c22c                dw3000_mcps_ops
 .rodata.dw3000_ops
                0x0002c268       0x38 ../src/external/decadriver/libdwt_uwb_driver-m4-hfp-6.0.7.a(dw3000_device.c.obj)
                0x0002c268                dw3000_ops
 .rodata.fine_gain_lut_chan5
                0x0002c2a0       0x40 ../src/external/decadriver/libdwt_uwb_driver-m4-hfp-6.0.7.a(dw3000_device.c.obj)
 .rodata.fine_gain_lut_chan9
                0x0002c2e0       0x40 ../src/external/decadriver/libdwt_uwb_driver-m4-hfp-6.0.7.a(dw3000_device.c.obj)
 .rodata.lut_coarse_gain
                0x0002c320        0x3 ../src/external/decadriver/libdwt_uwb_driver-m4-hfp-6.0.7.a(dw3000_device.c.obj)
 *fill*         0x0002c323        0x1 
 .rodata.regNames
                0x0002c324        0x8 ../src/external/decadriver/libdwt_uwb_driver-m4-hfp-6.0.7.a(dw3000_device.c.obj)
 .rodata.str1.4
                0x0002c32c       0x2e ../src/external/decadriver/libdwt_uwb_driver-m4-hfp-6.0.7.a(dw3000_device.c.obj)
 *fill*         0x0002c35a        0x2 
 .rodata.sts_length_factors
                0x0002c35c        0xe ../src/external/decadriver/libdwt_uwb_driver-m4-hfp-6.0.7.a(dw3000_device.c.obj)
 *fill*         0x0002c36a        0x2 
 .rodata.dw3700_mcps_ops
                0x0002c36c       0x3c ../src/external/decadriver/libdwt_uwb_driver-m4-hfp-6.0.7.a(dw3700_device.c.obj)
                0x0002c36c                dw3700_mcps_ops
 .rodata.dw3700_ops
                0x0002c3a8       0x38 ../src/external/decadriver/libdwt_uwb_driver-m4-hfp-6.0.7.a(dw3700_device.c.obj)
                0x0002c3a8                dw3700_ops
 .rodata.fine_gain_lut_chan5
                0x0002c3e0       0x40 ../src/external/decadriver/libdwt_uwb_driver-m4-hfp-6.0.7.a(dw3700_device.c.obj)
 .rodata.fine_gain_lut_chan9
                0x0002c420       0x40 ../src/external/decadriver/libdwt_uwb_driver-m4-hfp-6.0.7.a(dw3700_device.c.obj)
 .rodata.lut_coarse_gain
                0x0002c460        0x3 ../src/external/decadriver/libdwt_uwb_driver-m4-hfp-6.0.7.a(dw3700_device.c.obj)
 *fill*         0x0002c463        0x1 
 .rodata.regNames
                0x0002c464        0x8 ../src/external/decadriver/libdwt_uwb_driver-m4-hfp-6.0.7.a(dw3700_device.c.obj)
 .rodata.str1.4
                0x0002c46c       0x2e ../src/external/decadriver/libdwt_uwb_driver-m4-hfp-6.0.7.a(dw3700_device.c.obj)
 .rodata.sts_length_factors
                0x0002c46c        0xe ../src/external/decadriver/libdwt_uwb_driver-m4-hfp-6.0.7.a(dw3700_device.c.obj)
 *fill*         0x0002c47a        0x2 
 .rodata.dw3720_mcps_ops
                0x0002c47c       0x3c ../src/external/decadriver/libdwt_uwb_driver-m4-hfp-6.0.7.a(dw3720_device.c.obj)
                0x0002c47c                dw3720_mcps_ops
 .rodata.dw3720_ops
                0x0002c4b8       0x38 ../src/external/decadriver/libdwt_uwb_driver-m4-hfp-6.0.7.a(dw3720_device.c.obj)
                0x0002c4b8                dw3720_ops
 .rodata.fine_gain_lut_chan5
                0x0002c4f0       0x40 ../src/external/decadriver/libdwt_uwb_driver-m4-hfp-6.0.7.a(dw3720_device.c.obj)
 .rodata.fine_gain_lut_chan9
                0x0002c530       0x40 ../src/external/decadriver/libdwt_uwb_driver-m4-hfp-6.0.7.a(dw3720_device.c.obj)
 .rodata.lut_coarse_gain
                0x0002c570        0x3 ../src/external/decadriver/libdwt_uwb_driver-m4-hfp-6.0.7.a(dw3720_device.c.obj)
 *fill*         0x0002c573        0x1 
 .rodata.regNames
                0x0002c574        0x8 ../src/external/decadriver/libdwt_uwb_driver-m4-hfp-6.0.7.a(dw3720_device.c.obj)
 .rodata.str1.4
                0x0002c57c       0x2e ../src/external/decadriver/libdwt_uwb_driver-m4-hfp-6.0.7.a(dw3720_device.c.obj)
 .rodata.sts_length_factors
                0x0002c57c        0xe ../src/external/decadriver/libdwt_uwb_driver-m4-hfp-6.0.7.a(dw3720_device.c.obj)
                0x0002c5ac                        . = ALIGN (0x4)
 *fill*         0x0002c58a        0x2 
                0x0002c594                        _etext = .

.glue_7         0x0002c58c        0x0
 .glue_7        0x0002c58c        0x0 linker stubs

.glue_7t        0x0002c58c        0x0
 .glue_7t       0x0002c58c        0x0 linker stubs

.vfp11_veneer   0x0002c58c        0x0
 .vfp11_veneer  0x0002c58c        0x0 linker stubs

.v4_bx          0x0002c58c        0x0
 .v4_bx         0x0002c58c        0x0 linker stubs

.iplt           0x0002c58c        0x0
 .iplt          0x0002c58c        0x0 bin/am_resources.o

.ARM.exidx      0x0002c58c        0x8
                0x0002c58c                        __exidx_start = .
 *(.ARM.exidx* .gnu.linkonce.armexidx.*)
 .ARM.exidx     0x0002c58c        0x8 /Applications/ArmGNUToolchain/12.3.rel1/arm-none-eabi/bin/../lib/gcc/arm-none-eabi/12.3.1/../../../../arm-none-eabi/lib/thumb/v7e-m+fp/hard/libc.a(libc_a-memcpy.o)
 .ARM.exidx.text.__udivmoddi4
                0x0002c594        0x0 /Applications/ArmGNUToolchain/12.3.rel1/arm-none-eabi/bin/../lib/gcc/arm-none-eabi/12.3.1/thumb/v7e-m+fp/hard/libgcc.a(_udivmoddi4.o)
                                  0x8 (size before relaxing)
                0x0002c594                        __exidx_end = .
                0x0002c594                        _etext = .

.rel.dyn        0x0002c594        0x0
 .rel.iplt      0x0002c594        0x0 bin/am_resources.o

.stack          0x10000000     0x2b00
                0x10000000                        . = ALIGN (0x8)
 *(.stack)
 .stack         0x10000000     0x2b00 bin/startup_gcc.o
 *(.stack*)
                0x10002b00                        . = ALIGN (0x8)

.heap           0x10002b00        0x0
                0x10002b00                        __heap_start__ = .
                0x10002b00                        end = __heap_start__
                0x10002b00                        _end = end
                0x10002b00                        __end = end
 *(.heap)
 .heap          0x10002b00        0x0 bin/startup_gcc.o
                0x10002b00                        __heap_end__ = .
                0x10002b00                        __HeapLimit = __heap_end__

.data           0x10002b00      0x57c load address 0x0002c594
                0x10002b00                        . = ALIGN (0x4)
                0x10002b00                        _sdata = .
 *(.data)
 *(.data*)
 .data.uxCriticalNesting
                0x10002b00        0x4 bin/port.o
 .data._impure_ptr
                0x10002b04        0x4 /Applications/ArmGNUToolchain/12.3.rel1/arm-none-eabi/bin/../lib/gcc/arm-none-eabi/12.3.1/../../../../arm-none-eabi/lib/thumb/v7e-m+fp/hard/libc.a(libc_a-impure.o)
                0x10002b04                _impure_ptr
 .data._impure_data
                0x10002b08      0x120 /Applications/ArmGNUToolchain/12.3.rel1/arm-none-eabi/bin/../lib/gcc/arm-none-eabi/12.3.1/../../../../arm-none-eabi/lib/thumb/v7e-m+fp/hard/libc.a(libc_a-impure.o)
                0x10002b08                _impure_data
 .data.__malloc_sbrk_base
                0x10002c28        0x4 /Applications/ArmGNUToolchain/12.3.rel1/arm-none-eabi/bin/../lib/gcc/arm-none-eabi/12.3.1/../../../../arm-none-eabi/lib/thumb/v7e-m+fp/hard/libc.a(libc_a-mallocr.o)
                0x10002c28                __malloc_sbrk_base
 .data.__malloc_trim_threshold
                0x10002c2c        0x4 /Applications/ArmGNUToolchain/12.3.rel1/arm-none-eabi/bin/../lib/gcc/arm-none-eabi/12.3.1/../../../../arm-none-eabi/lib/thumb/v7e-m+fp/hard/libc.a(libc_a-mallocr.o)
                0x10002c2c                __malloc_trim_threshold
 .data.__malloc_av_
                0x10002c30      0x408 /Applications/ArmGNUToolchain/12.3.rel1/arm-none-eabi/bin/../lib/gcc/arm-none-eabi/12.3.1/../../../../arm-none-eabi/lib/thumb/v7e-m+fp/hard/libc.a(libc_a-mallocr.o)
                0x10002c30                __malloc_av_
 .data.g_AM_BSP_GPIO_IOM0_SCL
                0x10003038        0x4 ../AmbiqSDK/bsp/apollo4_blue_pro/gcc/bin/libam_bsp.a(am_bsp_pins.o)
                0x10003038                g_AM_BSP_GPIO_IOM0_SCL
 .data.g_AM_BSP_GPIO_IOM0_SDA
                0x1000303c        0x4 ../AmbiqSDK/bsp/apollo4_blue_pro/gcc/bin/libam_bsp.a(am_bsp_pins.o)
                0x1000303c                g_AM_BSP_GPIO_IOM0_SDA
 .data.g_AM_BSP_GPIO_ITM_SWO
                0x10003040        0x4 ../AmbiqSDK/bsp/apollo4_blue_pro/gcc/bin/libam_bsp.a(am_bsp_pins.o)
                0x10003040                g_AM_BSP_GPIO_ITM_SWO
 .data.gDaxiConfig
                0x10003044        0x5 ../AmbiqSDK/mcu/apollo4p/hal/mcu/gcc/bin/libam_hal.a(am_hal_cachectrl.o)
                0x10003044                gDaxiConfig
 *fill*         0x10003049        0x3 
 .data.gpDcuEnable
                0x1000304c        0x4 ../AmbiqSDK/mcu/apollo4p/hal/mcu/gcc/bin/libam_hal.a(am_hal_dcu.o)
                0x1000304c                gpDcuEnable
 .data.gpDcuLock
                0x10003050        0x4 ../AmbiqSDK/mcu/apollo4p/hal/mcu/gcc/bin/libam_hal.a(am_hal_dcu.o)
                0x10003050                gpDcuLock
 .data.g_ui32TrimVer
                0x10003054        0x4 ../AmbiqSDK/mcu/apollo4p/hal/mcu/gcc/bin/libam_hal.a(am_hal_pwrctrl.o)
                0x10003054                g_ui32TrimVer
 .data.g_ui32origSimobuckVDDStrim
                0x10003058        0x4 ../AmbiqSDK/mcu/apollo4p/hal/mcu/gcc/bin/libam_hal.a(am_hal_pwrctrl.o)
                0x10003058                g_ui32origSimobuckVDDStrim
 .data.g_lastStimer
                0x1000305c       0x20 ../AmbiqSDK/mcu/apollo4p/hal/mcu/gcc/bin/libam_hal.a(am_hal_stimer.o)
 *(.ramfunc)
                0x1000307c                        . = ALIGN (0x4)
                0x1000307c                        _edata = .
                0x0002c594                        _init_data = LOADADDR (.data)

.igot.plt       0x1000307c        0x0 load address 0x0002cb10
 .igot.plt      0x1000307c        0x0 bin/am_resources.o

.bss            0x1000307c     0x5694 load address 0x0002cb10
                0x1000307c                        . = ALIGN (0x4)
                0x1000307c                        _sbss = .
 *(.bss)
 *(.bss*)
 .bss.g_pfnCharPrint
                0x1000307c        0x4 bin/am_util_stdio.o
                0x1000307c                g_pfnCharPrint
 .bss.g_prfbuf  0x10003080      0x400 bin/am_util_stdio.o
 .bss.g_bTxtXlate
                0x10003480        0x1 bin/am_util_stdio.o
 *fill*         0x10003481        0x3 
 .bss.dmCb      0x10003484       0x18 bin/dm_main.o
                0x10003484                dmCb
 .bss.g_lastSTimerVal
                0x1000349c        0x4 bin/port.o
 .bss.ulTimerCountsForOneTick
                0x100034a0        0x4 bin/port.o
                0x100034a0                ulTimerCountsForOneTick
 .bss.gNumCmpB  0x100034a4        0x4 bin/port.o
                0x100034a4                gNumCmpB
 .bss.pxCurrentTCB
                0x100034a8        0x4 bin/tasks.o
                0x100034a8                pxCurrentTCB
 .bss.pxReadyTasksLists
                0x100034ac       0x78 bin/tasks.o
 .bss.pxDelayedTaskList
                0x10003524        0x4 bin/tasks.o
 .bss.pxOverflowDelayedTaskList
                0x10003528        0x4 bin/tasks.o
 .bss.xPendingReadyList
                0x1000352c       0x14 bin/tasks.o
 .bss.uxCurrentNumberOfTasks
                0x10003540        0x4 bin/tasks.o
 .bss.xTickCount
                0x10003544        0x4 bin/tasks.o
 .bss.uxTopReadyPriority
                0x10003548        0x4 bin/tasks.o
 .bss.xPendedTicks
                0x1000354c        0x4 bin/tasks.o
 .bss.xYieldPending
                0x10003550        0x4 bin/tasks.o
 .bss.xNumOfOverflows
                0x10003554        0x4 bin/tasks.o
 .bss.xNextTaskUnblockTime
                0x10003558        0x4 bin/tasks.o
 .bss.uxSchedulerSuspended
                0x1000355c        0x4 bin/tasks.o
 .bss.xTimerQueue
                0x10003560        0x4 bin/timers.o
 .bss.wsfBufNumPools
                0x10003564        0x1 bin/wsf_buf.o
                0x10003564                wsfBufNumPools
 *fill*         0x10003565        0x3 
 .bss.wsfBufMem
                0x10003568        0x4 bin/wsf_buf.o
                0x10003568                wsfBufMem
 .bss.csNesting
                0x1000356c        0x1 bin/wsf_os.o
                0x1000356c                csNesting
 *fill*         0x1000356d        0x3 
 .bss.wsfOs     0x10003570       0x40 bin/wsf_os.o
                0x10003570                wsfOs
 .bss.xRadioTaskEventObject
                0x100035b0        0x4 bin/wsf_os.o
                0x100035b0                xRadioTaskEventObject
 .bss.battery_voltage_code
                0x100035b4        0x4 bin/battery.o
 .bss.conversion_complete
                0x100035b8        0x1 bin/battery.o
 *fill*         0x100035b9        0x3 
 .bss.adc_handle
                0x100035bc        0x4 bin/battery.o
 .bss.status.3  0x100035c0        0x4 bin/battery.o
 .bss.sample.2  0x100035c4        0x8 bin/battery.o
 .bss.expected_scanning
                0x100035cc        0x1 bin/bluetooth.o
 .bss.is_initialized
                0x100035cd        0x1 bin/bluetooth.o
 *fill*         0x100035ce        0x2 
 .bss.timer_config
                0x100035d0       0x14 bin/buzzer.o
 .bss.current_frequency
                0x100035e4        0x4 bin/buzzer.o
 .bss.current_duration
                0x100035e8        0x4 bin/buzzer.o
 .bss.interrupt_counter_index
                0x100035ec        0x4 bin/buzzer.o
 .bss.interrupt_counter_max
                0x100035f0        0x4 bin/buzzer.o
 .bss.buzzer_clock_hz
                0x100035f4        0x4 bin/buzzer.o
 .bss.i2c_handle
                0x100035f8        0x4 bin/imu.o
 .bss.previously_in_motion
                0x100035fc        0x1 bin/imu.o
 *fill*         0x100035fd        0x3 
 .bss.motion_change_callback
                0x10003600        0x4 bin/imu.o
 .bss.readBuffer.2
                0x10003604        0x4 bin/imu.o
 .bss.accel_data.0
                0x10003608        0x6 bin/imu.o
 *fill*         0x1000360e        0x2 
 .bss.status.4  0x10003610        0x4 bin/system.o
 .bss.status.3  0x10003614        0x4 bin/system.o
 .bss.status.2  0x10003618        0x4 bin/system.o
 .bss.status.1  0x1000361c        0x4 bin/system.o
 .bss.repeat_interval.0
                0x10003620        0x1 bin/system.o
 *fill*         0x10003621        0x3 
 .bss.app_task_handle
                0x10003624        0x4 bin/app_task_ranging.o
 .bss.notification_handle
                0x10003628        0x4 bin/scheduler.o
 .bss.__lock___malloc_recursive_mutex
                0x1000362c        0x1 /Applications/ArmGNUToolchain/12.3.rel1/arm-none-eabi/bin/../lib/gcc/arm-none-eabi/12.3.1/../../../../arm-none-eabi/lib/thumb/v7e-m+fp/hard/libc.a(libc_a-lock.o)
                0x1000362c                __lock___malloc_recursive_mutex
 *fill*         0x1000362d        0x3 
 .bss.__malloc_current_mallinfo
                0x10003630       0x28 /Applications/ArmGNUToolchain/12.3.rel1/arm-none-eabi/bin/../lib/gcc/arm-none-eabi/12.3.1/../../../../arm-none-eabi/lib/thumb/v7e-m+fp/hard/libc.a(libc_a-mallocr.o)
                0x10003630                __malloc_current_mallinfo
 .bss.__malloc_max_total_mem
                0x10003658        0x4 /Applications/ArmGNUToolchain/12.3.rel1/arm-none-eabi/bin/../lib/gcc/arm-none-eabi/12.3.1/../../../../arm-none-eabi/lib/thumb/v7e-m+fp/hard/libc.a(libc_a-mallocr.o)
                0x10003658                __malloc_max_total_mem
 .bss.__malloc_max_sbrked_mem
                0x1000365c        0x4 /Applications/ArmGNUToolchain/12.3.rel1/arm-none-eabi/bin/../lib/gcc/arm-none-eabi/12.3.1/../../../../arm-none-eabi/lib/thumb/v7e-m+fp/hard/libc.a(libc_a-mallocr.o)
                0x1000365c                __malloc_max_sbrked_mem
 .bss.__malloc_top_pad
                0x10003660        0x4 /Applications/ArmGNUToolchain/12.3.rel1/arm-none-eabi/bin/../lib/gcc/arm-none-eabi/12.3.1/../../../../arm-none-eabi/lib/thumb/v7e-m+fp/hard/libc.a(libc_a-mallocr.o)
                0x10003660                __malloc_top_pad
 .bss.__sf      0x10003664      0x138 /Applications/ArmGNUToolchain/12.3.rel1/arm-none-eabi/bin/../lib/gcc/arm-none-eabi/12.3.1/../../../../arm-none-eabi/lib/thumb/v7e-m+fp/hard/libc.a(libc_a-findfp.o)
                0x10003664                __sf
 .bss.errno     0x1000379c        0x4 /Applications/ArmGNUToolchain/12.3.rel1/arm-none-eabi/bin/../lib/gcc/arm-none-eabi/12.3.1/../../../../arm-none-eabi/lib/thumb/v7e-m+fp/hard/libc.a(libc_a-reent.o)
                0x1000379c                errno
 .bss.heap_end.0
                0x100037a0        0x4 /Applications/ArmGNUToolchain/12.3.rel1/arm-none-eabi/bin/../lib/gcc/arm-none-eabi/12.3.1/../../../../arm-none-eabi/lib/thumb/v7e-m+fp/hard/libnosys.a(sbrk.o)
 .bss.g_IOMhandles
                0x100037a4     0x4540 ../AmbiqSDK/mcu/apollo4p/hal/mcu/gcc/bin/libam_hal.a(am_hal_iom.o)
                0x100037a4                g_IOMhandles
 .bss.gAmHalResetStatus
                0x10007ce4        0x4 ../AmbiqSDK/mcu/apollo4p/hal/mcu/gcc/bin/libam_hal.a(am_hal_reset.o)
                0x10007ce4                gAmHalResetStatus
 .bss.g_bDoADCadjust
                0x10007ce8        0x1 ../AmbiqSDK/mcu/apollo4p/hal/mcu/gcc/bin/libam_hal.a(am_hal_adc.o)
                0x10007ce8                g_bDoADCadjust
 *fill*         0x10007ce9        0x3 
 .bss.priv_correction_trims
                0x10007cec        0xc ../AmbiqSDK/mcu/apollo4p/hal/mcu/gcc/bin/libam_hal.a(am_hal_adc.o)
 .bss.gStartOff
                0x10007cf8        0x4 ../AmbiqSDK/mcu/apollo4p/hal/mcu/gcc/bin/libam_hal.a(am_hal_dcu.o)
                0x10007cf8                gStartOff
 .bss.gpio_ppfnHandlers
                0x10007cfc      0x400 ../AmbiqSDK/mcu/apollo4p/hal/mcu/gcc/bin/libam_hal.a(am_hal_gpio.o)
 .bss.gpio_pppvIrqArgs
                0x100080fc      0x400 ../AmbiqSDK/mcu/apollo4p/hal/mcu/gcc/bin/libam_hal.a(am_hal_gpio.o)
 .bss.g_bBoostForCryptoApplied
                0x100084fc        0x1 ../AmbiqSDK/mcu/apollo4p/hal/mcu/gcc/bin/libam_hal.a(am_hal_pwrctrl.o)
 .bss.g_bOrigTrimsStored
                0x100084fd        0x1 ../AmbiqSDK/mcu/apollo4p/hal/mcu/gcc/bin/libam_hal.a(am_hal_pwrctrl.o)
 *fill*         0x100084fe        0x2 
 .bss.g_i32LatestLDOActTrim
                0x10008500        0x4 ../AmbiqSDK/mcu/apollo4p/hal/mcu/gcc/bin/libam_hal.a(am_hal_pwrctrl.o)
 .bss.g_i32LatestVddfActTrim
                0x10008504        0x4 ../AmbiqSDK/mcu/apollo4p/hal/mcu/gcc/bin/libam_hal.a(am_hal_pwrctrl.o)
 .bss.g_orig_ACTTRIMVDDF
                0x10008508        0x4 ../AmbiqSDK/mcu/apollo4p/hal/mcu/gcc/bin/libam_hal.a(am_hal_pwrctrl.o)
 .bss.g_orig_CORELDOACTIVETRIM
                0x1000850c        0x4 ../AmbiqSDK/mcu/apollo4p/hal/mcu/gcc/bin/libam_hal.a(am_hal_pwrctrl.o)
 .bss.g_orig_LPTRIMVDDF
                0x10008510        0x4 ../AmbiqSDK/mcu/apollo4p/hal/mcu/gcc/bin/libam_hal.a(am_hal_pwrctrl.o)
 .bss.g_orig_MEMLDOACTIVETRIM
                0x10008514        0x4 ../AmbiqSDK/mcu/apollo4p/hal/mcu/gcc/bin/libam_hal.a(am_hal_pwrctrl.o)
 .bss.g_orig_MEMLPLDOTRIM
                0x10008518        0x4 ../AmbiqSDK/mcu/apollo4p/hal/mcu/gcc/bin/libam_hal.a(am_hal_pwrctrl.o)
 .bss.g_orig_TVRGVREFTRIM
                0x1000851c        0x4 ../AmbiqSDK/mcu/apollo4p/hal/mcu/gcc/bin/libam_hal.a(am_hal_pwrctrl.o)
 .bss.g_pfTempMeasured
                0x10008520        0x4 ../AmbiqSDK/mcu/apollo4p/hal/mcu/gcc/bin/libam_hal.a(am_hal_pwrctrl.o)
 .bss.g_ui32VDDFAdjustCodes
                0x10008524        0x4 ../AmbiqSDK/mcu/apollo4p/hal/mcu/gcc/bin/libam_hal.a(am_hal_pwrctrl.o)
 .bss.gAmHalCmdq
                0x10008528      0x1e4 ../AmbiqSDK/mcu/apollo4p/hal/mcu/gcc/bin/libam_hal.a(am_hal_cmdq.o)
 .bss.dw        0x1000870c        0x4 ../src/external/decadriver/libdwt_uwb_driver-m4-hfp-6.0.7.a(deca_compat.c.obj)
 *(COMMON)
                0x10008710                        . = ALIGN (0x4)
                0x10008710                        _ebss = .

.shared         0x10060000       0x40 load address 0x0002cb10
                0x10060000                        . = ALIGN (0x4)
 *(.resource_table)
 .resource_table
                0x10060000        0x4 bin/am_resources.o
                0x10060000                psGlobalAccessPtr
 *(.shared)
 .shared        0x10060004       0x3c bin/am_resources.o
                0x10060004                ui32MCUClaimed
                0x10060018                ui32DSP0Claimed
                0x1006002c                ui32DSP1Claimed
                0x10060040                        . = ALIGN (0x4)

.ARM.attributes
                0x00000000       0x32
 *(.ARM.attributes)
 .ARM.attributes
                0x00000000       0x34 bin/am_resources.o
 .ARM.attributes
                0x00000034       0x34 bin/am_util_delay.o
 .ARM.attributes
                0x00000068       0x34 bin/am_util_stdio.o
 .ARM.attributes
                0x0000009c       0x34 bin/dm_main.o
 .ARM.attributes
                0x000000d0       0x34 bin/dm_scan.o
 .ARM.attributes
                0x00000104       0x34 bin/event_groups.o
 .ARM.attributes
                0x00000138       0x34 bin/port.o
 .ARM.attributes
                0x0000016c       0x34 bin/queue.o
 .ARM.attributes
                0x000001a0       0x34 bin/startup_gcc.o
 .ARM.attributes
                0x000001d4       0x34 bin/tasks.o
 .ARM.attributes
                0x00000208       0x34 bin/timers.o
 .ARM.attributes
                0x0000023c       0x34 bin/wsf_assert.o
 .ARM.attributes
                0x00000270       0x34 bin/wsf_buf.o
 .ARM.attributes
                0x000002a4       0x34 bin/wsf_msg.o
 .ARM.attributes
                0x000002d8       0x34 bin/wsf_os.o
 .ARM.attributes
                0x0000030c       0x34 bin/wsf_queue.o
 .ARM.attributes
                0x00000340       0x34 bin/wsf_trace.o
 .ARM.attributes
                0x00000374       0x34 bin/battery.o
 .ARM.attributes
                0x000003a8       0x34 bin/bluetooth.o
 .ARM.attributes
                0x000003dc       0x34 bin/buzzer.o
 .ARM.attributes
                0x00000410       0x34 bin/imu.o
 .ARM.attributes
                0x00000444       0x34 bin/logging.o
 .ARM.attributes
                0x00000478       0x34 bin/ranging.o
 .ARM.attributes
                0x000004ac       0x34 bin/system.o
 .ARM.attributes
                0x000004e0       0x34 bin/app_task_ranging.o
 .ARM.attributes
                0x00000514       0x34 bin/scheduler.o
 .ARM.attributes
                0x00000548       0x34 bin/test_imu.o
 .ARM.attributes
                0x0000057c       0x34 /Applications/ArmGNUToolchain/12.3.rel1/arm-none-eabi/bin/../lib/gcc/arm-none-eabi/12.3.1/../../../../arm-none-eabi/lib/thumb/v7e-m+fp/hard/libc.a(libc_a-impure.o)
 .ARM.attributes
                0x000005b0       0x34 /Applications/ArmGNUToolchain/12.3.rel1/arm-none-eabi/bin/../lib/gcc/arm-none-eabi/12.3.1/../../../../arm-none-eabi/lib/thumb/v7e-m+fp/hard/libc.a(libc_a-errno.o)
 .ARM.attributes
                0x000005e4       0x34 /Applications/ArmGNUToolchain/12.3.rel1/arm-none-eabi/bin/../lib/gcc/arm-none-eabi/12.3.1/../../../../arm-none-eabi/lib/thumb/v7e-m+fp/hard/libc.a(libc_a-lock.o)
 .ARM.attributes
                0x00000618       0x20 /Applications/ArmGNUToolchain/12.3.rel1/arm-none-eabi/bin/../lib/gcc/arm-none-eabi/12.3.1/../../../../arm-none-eabi/lib/thumb/v7e-m+fp/hard/libc.a(libc_a-memcpy.o)
 .ARM.attributes
                0x00000638       0x34 /Applications/ArmGNUToolchain/12.3.rel1/arm-none-eabi/bin/../lib/gcc/arm-none-eabi/12.3.1/../../../../arm-none-eabi/lib/thumb/v7e-m+fp/hard/libc.a(libc_a-malloc.o)
 .ARM.attributes
                0x0000066c       0x34 /Applications/ArmGNUToolchain/12.3.rel1/arm-none-eabi/bin/../lib/gcc/arm-none-eabi/12.3.1/../../../../arm-none-eabi/lib/thumb/v7e-m+fp/hard/libc.a(libc_a-mallocr.o)
 .ARM.attributes
                0x000006a0       0x34 /Applications/ArmGNUToolchain/12.3.rel1/arm-none-eabi/bin/../lib/gcc/arm-none-eabi/12.3.1/../../../../arm-none-eabi/lib/thumb/v7e-m+fp/hard/libc.a(libc_a-mlock.o)
 .ARM.attributes
                0x000006d4       0x34 /Applications/ArmGNUToolchain/12.3.rel1/arm-none-eabi/bin/../lib/gcc/arm-none-eabi/12.3.1/../../../../arm-none-eabi/lib/thumb/v7e-m+fp/hard/libc.a(libc_a-findfp.o)
 .ARM.attributes
                0x00000708       0x34 /Applications/ArmGNUToolchain/12.3.rel1/arm-none-eabi/bin/../lib/gcc/arm-none-eabi/12.3.1/../../../../arm-none-eabi/lib/thumb/v7e-m+fp/hard/libc.a(libc_a-reent.o)
 .ARM.attributes
                0x0000073c       0x34 /Applications/ArmGNUToolchain/12.3.rel1/arm-none-eabi/bin/../lib/gcc/arm-none-eabi/12.3.1/../../../../arm-none-eabi/lib/thumb/v7e-m+fp/hard/libc.a(libc_a-sbrkr.o)
 .ARM.attributes
                0x00000770       0x34 /Applications/ArmGNUToolchain/12.3.rel1/arm-none-eabi/bin/../lib/gcc/arm-none-eabi/12.3.1/../../../../arm-none-eabi/lib/thumb/v7e-m+fp/hard/libc.a(libc_a-sysconf.o)
 .ARM.attributes
                0x000007a4       0x34 /Applications/ArmGNUToolchain/12.3.rel1/arm-none-eabi/bin/../lib/gcc/arm-none-eabi/12.3.1/../../../../arm-none-eabi/lib/thumb/v7e-m+fp/hard/libc.a(libc_a-freer.o)
 .ARM.attributes
                0x000007d8       0x22 /Applications/ArmGNUToolchain/12.3.rel1/arm-none-eabi/bin/../lib/gcc/arm-none-eabi/12.3.1/thumb/v7e-m+fp/hard/libgcc.a(_arm_truncdfsf2.o)
 .ARM.attributes
                0x000007fa       0x22 /Applications/ArmGNUToolchain/12.3.rel1/arm-none-eabi/bin/../lib/gcc/arm-none-eabi/12.3.1/thumb/v7e-m+fp/hard/libgcc.a(_aeabi_uldivmod.o)
 .ARM.attributes
                0x0000081c       0x34 /Applications/ArmGNUToolchain/12.3.rel1/arm-none-eabi/bin/../lib/gcc/arm-none-eabi/12.3.1/thumb/v7e-m+fp/hard/libgcc.a(_udivmoddi4.o)
 .ARM.attributes
                0x00000850       0x22 /Applications/ArmGNUToolchain/12.3.rel1/arm-none-eabi/bin/../lib/gcc/arm-none-eabi/12.3.1/thumb/v7e-m+fp/hard/libgcc.a(_dvmd_tls.o)
 .ARM.attributes