Archive member included to satisfy reference by file (symbol)

/usr/local/Cellar/arm-none-eabi-gcc/9-2019-q4-major/gcc/bin/../lib/gcc/arm-none-eabi/9.2.1/../../../../arm-none-eabi/lib/thumb/v7e-m+fp/hard/libm.a(lib_a-wf_log10.o)
                              bin/ranging.o (log10f)
/usr/local/Cellar/arm-none-eabi-gcc/9-2019-q4-major/gcc/bin/../lib/gcc/arm-none-eabi/9.2.1/../../../../arm-none-eabi/lib/thumb/v7e-m+fp/hard/libm.a(lib_a-ef_log10.o)
                              /usr/local/Cellar/arm-none-eabi-gcc/9-2019-q4-major/gcc/bin/../lib/gcc/arm-none-eabi/9.2.1/../../../../arm-none-eabi/lib/thumb/v7e-m+fp/hard/libm.a(lib_a-wf_log10.o) (__ieee754_log10f)
/usr/local/Cellar/arm-none-eabi-gcc/9-2019-q4-major/gcc/bin/../lib/gcc/arm-none-eabi/9.2.1/../../../../arm-none-eabi/lib/thumb/v7e-m+fp/hard/libm.a(lib_a-s_lib_ver.o)
                              /usr/local/Cellar/arm-none-eabi-gcc/9-2019-q4-major/gcc/bin/../lib/gcc/arm-none-eabi/9.2.1/../../../../arm-none-eabi/lib/thumb/v7e-m+fp/hard/libm.a(lib_a-wf_log10.o) (__fdlib_version)
/usr/local/Cellar/arm-none-eabi-gcc/9-2019-q4-major/gcc/bin/../lib/gcc/arm-none-eabi/9.2.1/../../../../arm-none-eabi/lib/thumb/v7e-m+fp/hard/libm.a(lib_a-s_matherr.o)
                              /usr/local/Cellar/arm-none-eabi-gcc/9-2019-q4-major/gcc/bin/../lib/gcc/arm-none-eabi/9.2.1/../../../../arm-none-eabi/lib/thumb/v7e-m+fp/hard/libm.a(lib_a-wf_log10.o) (matherr)
/usr/local/Cellar/arm-none-eabi-gcc/9-2019-q4-major/gcc/bin/../lib/gcc/arm-none-eabi/9.2.1/../../../../arm-none-eabi/lib/thumb/v7e-m+fp/hard/libm.a(lib_a-s_nan.o)
                              /usr/local/Cellar/arm-none-eabi-gcc/9-2019-q4-major/gcc/bin/../lib/gcc/arm-none-eabi/9.2.1/../../../../arm-none-eabi/lib/thumb/v7e-m+fp/hard/libm.a(lib_a-wf_log10.o) (nan)
/usr/local/Cellar/arm-none-eabi-gcc/9-2019-q4-major/gcc/bin/../lib/gcc/arm-none-eabi/9.2.1/../../../../arm-none-eabi/lib/thumb/v7e-m+fp/hard/libm.a(lib_a-ef_log.o)
                              /usr/local/Cellar/arm-none-eabi-gcc/9-2019-q4-major/gcc/bin/../lib/gcc/arm-none-eabi/9.2.1/../../../../arm-none-eabi/lib/thumb/v7e-m+fp/hard/libm.a(lib_a-ef_log10.o) (__ieee754_logf)
/usr/local/Cellar/arm-none-eabi-gcc/9-2019-q4-major/gcc/bin/../lib/gcc/arm-none-eabi/9.2.1/../../../../arm-none-eabi/lib/thumb/v7e-m+fp/hard/libc.a(lib_a-errno.o)
                              /usr/local/Cellar/arm-none-eabi-gcc/9-2019-q4-major/gcc/bin/../lib/gcc/arm-none-eabi/9.2.1/../../../../arm-none-eabi/lib/thumb/v7e-m+fp/hard/libm.a(lib_a-wf_log10.o) (__errno)
/usr/local/Cellar/arm-none-eabi-gcc/9-2019-q4-major/gcc/bin/../lib/gcc/arm-none-eabi/9.2.1/../../../../arm-none-eabi/lib/thumb/v7e-m+fp/hard/libc.a(lib_a-gmtime.o)
                              bin/rtc.o (gmtime)
/usr/local/Cellar/arm-none-eabi-gcc/9-2019-q4-major/gcc/bin/../lib/gcc/arm-none-eabi/9.2.1/../../../../arm-none-eabi/lib/thumb/v7e-m+fp/hard/libc.a(lib_a-gmtime_r.o)
                              /usr/local/Cellar/arm-none-eabi-gcc/9-2019-q4-major/gcc/bin/../lib/gcc/arm-none-eabi/9.2.1/../../../../arm-none-eabi/lib/thumb/v7e-m+fp/hard/libc.a(lib_a-gmtime.o) (gmtime_r)
/usr/local/Cellar/arm-none-eabi-gcc/9-2019-q4-major/gcc/bin/../lib/gcc/arm-none-eabi/9.2.1/../../../../arm-none-eabi/lib/thumb/v7e-m+fp/hard/libc.a(lib_a-impure.o)
                              /usr/local/Cellar/arm-none-eabi-gcc/9-2019-q4-major/gcc/bin/../lib/gcc/arm-none-eabi/9.2.1/../../../../arm-none-eabi/lib/thumb/v7e-m+fp/hard/libc.a(lib_a-errno.o) (_impure_ptr)
/usr/local/Cellar/arm-none-eabi-gcc/9-2019-q4-major/gcc/bin/../lib/gcc/arm-none-eabi/9.2.1/../../../../arm-none-eabi/lib/thumb/v7e-m+fp/hard/libc.a(lib_a-memcmp.o)
                              bin/app_db.o (memcmp)
/usr/local/Cellar/arm-none-eabi-gcc/9-2019-q4-major/gcc/bin/../lib/gcc/arm-none-eabi/9.2.1/../../../../arm-none-eabi/lib/thumb/v7e-m+fp/hard/libc.a(lib_a-memcpy.o)
                              bin/am_devices_cooper.o (memcpy)
/usr/local/Cellar/arm-none-eabi-gcc/9-2019-q4-major/gcc/bin/../lib/gcc/arm-none-eabi/9.2.1/../../../../arm-none-eabi/lib/thumb/v7e-m+fp/hard/libc.a(lib_a-memmove.o)
                              bin/dm_adv.o (memmove)
/usr/local/Cellar/arm-none-eabi-gcc/9-2019-q4-major/gcc/bin/../lib/gcc/arm-none-eabi/9.2.1/../../../../arm-none-eabi/lib/thumb/v7e-m+fp/hard/libc.a(lib_a-memset.o)
                              bin/am_devices_cooper.o (memset)
/usr/local/Cellar/arm-none-eabi-gcc/9-2019-q4-major/gcc/bin/../lib/gcc/arm-none-eabi/9.2.1/../../../../arm-none-eabi/lib/thumb/v7e-m+fp/hard/libc.a(lib_a-mktime.o)
                              bin/rtc.o (mktime)
/usr/local/Cellar/arm-none-eabi-gcc/9-2019-q4-major/gcc/bin/../lib/gcc/arm-none-eabi/9.2.1/../../../../arm-none-eabi/lib/thumb/v7e-m+fp/hard/libc.a(lib_a-strlen.o)
                              bin/SEGGER_RTT.o (strlen)
/usr/local/Cellar/arm-none-eabi-gcc/9-2019-q4-major/gcc/bin/../lib/gcc/arm-none-eabi/9.2.1/../../../../arm-none-eabi/lib/thumb/v7e-m+fp/hard/libc.a(lib_a-tzcalc_limits.o)
[...]
Memory Configuration

Name             Origin             Length             Attributes
MCU_MRAM         0x0000000000018000 0x00000000001e7ff8 xr
UID              0x00000000001ffff8 0x0000000000000008 r
MCU_TCM          0x0000000010000000 0x0000000000060000 xrw
SHARED_SRAM      0x0000000010060000 0x0000000000100000 xrw
EXTENDED_SRAM    0x0000000010160000 0x0000000000060000 xrw
SHARED_SRAM2     0x00000000101c0000 0x0000000000100000 xrw
*default*        0x0000000000000000 0xffffffffffffffff

Linker script and memory map

                0x00000000001e8000                MCU_MRAM_SIZE = 0x1e8000
                0x0000000000060000                MCU_TCM_SIZE = 0x60000
                0x0000000000100000                SHARED_SRAM_SIZE = 0x100000
                0x0000000000060000                EXTENDED_SRAM_SIZE = 0x60000
                0x0000000000100000                SHARED_SRAM2_SIZE = 0x100000
                0x0000000000000008                UID_SIZE = 0x8

.text           0x0000000000018000    0x1486c
                0x0000000000018000                . = ALIGN (0x4)
 *(.isr_vector)
 .isr_vector    0x0000000000018000      0x190 bin/startup_gcc.o
                0x0000000000018000                g_am_pfnVectors
 *(.patch)
 .patch         0x0000000000018190       0x70 bin/startup_gcc.o
                0x0000000000018190                __Patchable
                0x0000000000018200                . = ALIGN (0x4)
                0x0000000000018200                __dw_drivers_start = .
 *(.dw_drivers)
 .dw_drivers    0x0000000000018200       0x1c ../src/external/decadriver/libdwt_uwb_driver-m4-hfp-6.0.7.a(dw3000_device.c.obj)
                0x0000000000018200                dw3000_driver
 .dw_drivers    0x000000000001821c       0x1c ../src/external/decadriver/libdwt_uwb_driver-m4-hfp-6.0.7.a(dw3700_device.c.obj)
                0x000000000001821c                dw3700_driver
 .dw_drivers    0x0000000000018238       0x1c ../src/external/decadriver/libdwt_uwb_driver-m4-hfp-6.0.7.a(dw3720_device.c.obj)
                0x0000000000018238                dw3720_driver
                0x0000000000018254                __dw_drivers_end = .
                0x0000000000018254                . = ALIGN (0x4)
 *(.text)
 .text          0x0000000000018254      0x134 /usr/local/Cellar/arm-none-eabi-gcc/9-2019-q4-major/gcc/bin/../lib/gcc/arm-none-eabi/9.2.1/../../../../arm-none-eabi/lib/thumb/v7e-m+fp/hard/libc.a(lib_a-memcpy.o)
                0x0000000000018254                memcpy
 .text          0x0000000000018388      0x378 /usr/local/Cellar/arm-none-eabi-gcc/9-2019-q4-major/gcc/bin/../lib/gcc/arm-none-eabi/9.2.1/thumb/v7e-m+fp/hard/libgcc.a(_arm_addsubdf3.o)
                0x0000000000018388                __aeabi_drsub
                0x0000000000018390                __subdf3
                0x0000000000018390                __aeabi_dsub
                0x0000000000018394                __aeabi_dadd
                0x0000000000018394                __adddf3
                0x000000000001860c                __aeabi_ui2d
                0x000000000001860c                __floatunsidf
                0x000000000001862c                __floatsidf
                0x000000000001862c                __aeabi_i2d
                0x0000000000018650                __extendsfdf2
                0x0000000000018650                __aeabi_f2d
                0x0000000000018694                __aeabi_ul2d
                0x0000000000018694                __floatundidf
                0x00000000000186a4                __aeabi_l2d
                0x00000000000186a4                __floatdidf
 .text          0x0000000000018700      0x424 /usr/local/Cellar/arm-none-eabi-gcc/9-2019-q4-major/gcc/bin/../lib/gcc/arm-none-eabi/9.2.1/thumb/v7e-m+fp/hard/libgcc.a(_arm_muldivdf3.o)
                0x0000000000018700                __aeabi_dmul
                0x0000000000018700                __muldf3
                0x0000000000018954                __aeabi_ddiv
                0x0000000000018954                __divdf3
 .text          0x0000000000018b24       0x40 /usr/local/Cellar/arm-none-eabi-gcc/9-2019-q4-major/gcc/bin/../lib/gcc/arm-none-eabi/9.2.1/thumb/v7e-m+fp/hard/libgcc.a(_arm_fixunsdfsi.o)
                0x0000000000018b24                __fixunsdfsi
                0x0000000000018b24                __aeabi_d2uiz
 .text          0x0000000000018b64       0x30 /usr/local/Cellar/arm-none-eabi-gcc/9-2019-q4-major/gcc/bin/../lib/gcc/arm-none-eabi/9.2.1/thumb/v7e-m+fp/hard/libgcc.a(_aeabi_uldivmod.o)
                0x0000000000018b64                __aeabi_uldivmod
 .text          0x0000000000018b94      0x2c4 /usr/local/Cellar/arm-none-eabi-gcc/9-2019-q4-major/gcc/bin/../lib/gcc/arm-none-eabi/9.2.1/thumb/v7e-m+fp/hard/libgcc.a(_udivmoddi4.o)
                0x0000000000018b94                __udivmoddi4
 .text          0x0000000000018e58        0x4 /usr/local/Cellar/arm-none-eabi-gcc/9-2019-q4-major/gcc/bin/../lib/gcc/arm-none-eabi/9.2.1/thumb/v7e-m+fp/hard/libgcc.a(_dvmd_tls.o)
                0x0000000000018e58                __aeabi_ldiv0
                0x0000000000018e58                __aeabi_idiv0
 *(.text*)
 .text.vListInsertEnd
                0x0000000000018e5c       0x48 bin/list.o
                0x0000000000018e5c                vListInsertEnd
 .text.uxListRemove
                0x0000000000018ea4       0x54 bin/list.o
                0x0000000000018ea4                uxListRemove
 *fill*         0x0000000000018ef8        0x8 
 .text.SVC_Handler
                0x0000000000018f00       0x28 bin/port.o
                0x0000000000018f00                SVC_Handler
 .text.vPortEnterCritical
                0x0000000000018f28       0x34 bin/port.o
                0x0000000000018f28                vPortEnterCritical
 .text.vPortExitCritical
                0x0000000000018f5c       0x34 bin/port.o
                0x0000000000018f5c                vPortExitCritical
 .text.PendSV_Handler
                0x0000000000018f90       0x68 bin/port.o
                0x0000000000018f90                PendSV_Handler
 .text.SysTick_Handler
                0x0000000000018ff8       0x44 bin/port.o
                0x0000000000018ff8                SysTick_Handler
 .text.xPortStimerTickHandler
                0x000000000001903c       0xd0 bin/port.o
                0x000000000001903c                xPortStimerTickHandler
 .text.am_stimer_cmpr0_isr
                0x000000000001910c       0x2c bin/port.o
                0x000000000001910c                am_stimer_cmpr0_isr
 .text.am_stimer_cmpr1_isr
                0x0000000000019138       0x3c bin/port.o
                0x0000000000019138                am_stimer_cmpr1_isr
 .text._DoInit  0x0000000000019174       0xb4 bin/SEGGER_RTT.o
 .text._WriteBlocking
                0x0000000000019228       0xba bin/SEGGER_RTT.o
 .text._WriteNoCheck
                0x00000000000192e2       0x90 bin/SEGGER_RTT.o
 .text._GetAvailWriteSpace
                0x0000000000019372       0x46 bin/SEGGER_RTT.o
 .text.SEGGER_RTT_WriteNoLock
                0x00000000000193b8       0xa0 bin/SEGGER_RTT.o
                0x00000000000193b8                SEGGER_RTT_WriteNoLock
 .text.SEGGER_RTT_Write
                0x0000000000019458       0x4c bin/SEGGER_RTT.o
                0x0000000000019458                SEGGER_RTT_Write
 .text.SEGGER_RTT_ConfigUpBuffer
                0x00000000000194a4       0x94 bin/SEGGER_RTT.o
                0x00000000000194a4                SEGGER_RTT_ConfigUpBuffer
 .text._StoreChar
                0x0000000000019538       0x7c bin/SEGGER_RTT_printf.o
 .text._PrintUnsigned
                0x00000000000195b4      0x158 bin/SEGGER_RTT_printf.o
 .text._PrintInt
                0x000000000001970c      0x14e bin/SEGGER_RTT_printf.o
 *fill*         0x000000000001985a        0x2 
 .text.SEGGER_RTT_vprintf
                0x000000000001985c      0x3a8 bin/SEGGER_RTT_printf.o
                0x000000000001985c                SEGGER_RTT_vprintf
 .text.SEGGER_RTT_printf
                0x0000000000019c04       0x30 bin/SEGGER_RTT_printf.o
                0x0000000000019c04                SEGGER_RTT_printf
 .text.Reset_Handler
                0x0000000000019c34       0x68 bin/startup_gcc.o
                0x0000000000019c34                Reset_Handler
 .text.NMI_Handler
                0x0000000000019c9c        0x6 bin/startup_gcc.o
                0x0000000000019c9c                NMI_Handler
 .text.HardFault_Handler
                0x0000000000019ca2        0x6 bin/startup_gcc.o
                0x0000000000019ca2                UsageFault_Handler
                0x0000000000019ca2                MemManage_Handler
                0x0000000000019ca2                BusFault_Handler
 .text.am_default_isr
                0x0000000000019ca8        0x6 bin/startup_gcc.o
                0x0000000000019ca8                am_gpu_isr
                0x0000000000019ca8                DebugMon_Handler
                0x0000000000019ca8                am_iomaster4_isr
                0x0000000000019ca8                am_gpio1_203f_isr
                0x0000000000019ca8                am_dspi2s1_isr
                0x0000000000019ca8                am_stimer_cmpr3_isr
                0x0000000000019ca8                am_dspi2s3_isr
                0x0000000000019ca8                am_iomaster3_isr
                0x0000000000019ca8                am_clkgen_isr
                0x0000000000019ca8                am_stimerof_isr
                0x0000000000019ca8                am_timer14_isr
                0x0000000000019ca8                am_pdm3_isr
                0x0000000000019ca8                am_cachecpu_isr
                0x0000000000019ca8                am_dspi2s0_isr
                0x0000000000019ca8                am_stimer_cmpr5_isr
                0x0000000000019ca8                am_iomaster5_isr
                0x0000000000019ca8                am_pdm0_isr
                0x0000000000019ca8                am_uart_isr
                0x0000000000019ca8                am_ctimer_isr
                0x0000000000019ca8                am_gpio1_607f_isr
                0x0000000000019ca8                am_dsi_isr
                0x0000000000019ca8                am_timer01_isr
                0x0000000000019ca8                am_disp_isr
                0x0000000000019ca8                am_audadc0_isr
                0x0000000000019ca8                am_pdm1_isr
                0x0000000000019ca8                am_ioslave_acc_isr
                0x0000000000019ca8                am_mspi0_isr
                0x0000000000019ca8                am_timer10_isr
                0x0000000000019ca8                am_timer05_isr
                0x0000000000019ca8                am_usb_isr
                0x0000000000019ca8                am_stimer_cmpr6_isr
                0x0000000000019ca8                am_gpio1_405f_isr
                0x0000000000019ca8                am_iomaster7_isr
                0x0000000000019ca8                am_iomaster1_isr
                0x0000000000019ca8                am_timer06_isr
                0x0000000000019ca8                am_timer03_isr
                0x0000000000019ca8                am_brownout_isr
                0x0000000000019ca8                am_timer13_isr
                0x0000000000019ca8                am_vcomp_isr
                0x0000000000019ca8                am_timer07_isr
                0x0000000000019ca8                am_cryptosec_isr
                0x0000000000019ca8                am_uart2_isr
                0x0000000000019ca8                am_iomaster2_isr
                0x0000000000019ca8                am_mspi2_isr
                0x0000000000019ca8                am_iomaster6_isr
                0x0000000000019ca8                am_timer11_isr
                0x0000000000019ca8                am_stimer_cmpr2_isr
                0x0000000000019ca8                am_ioslave_ios_isr
                0x0000000000019ca8                am_timer15_isr
                0x0000000000019ca8                am_mspi1_isr
                0x0000000000019ca8                am_gpio1_001f_isr
                0x0000000000019ca8                am_uart1_isr
                0x0000000000019ca8                am_stimer_cmpr7_isr
                0x0000000000019ca8                am_dspi2s2_isr
                0x0000000000019ca8                am_uart3_isr
                0x0000000000019ca8                am_watchdog_isr
                0x0000000000019ca8                am_timer12_isr
                0x0000000000019ca8                am_sdio_isr
                0x0000000000019ca8                am_iomaster0_isr
                0x0000000000019ca8                am_timer09_isr
                0x0000000000019ca8                am_stimer_cmpr4_isr
                0x0000000000019ca8                am_default_isr
                0x0000000000019ca8                am_pdm2_isr
                0x0000000000019ca8                am_timer08_isr
 *fill*         0x0000000000019cae        0x2 
 .text.xTaskIncrementTick
                0x0000000000019cb0      0x134 bin/tasks.o
                0x0000000000019cb0                xTaskIncrementTick
 .text.vTaskSwitchContext
                0x0000000000019de4       0xa0 bin/tasks.o
                0x0000000000019de4                vTaskSwitchContext
 .text.prvResetNextTaskUnblockTime
                0x0000000000019e84       0x40 bin/tasks.o
 .text.xTaskGenericNotifyFromISR
                0x0000000000019ec4      0x154 bin/tasks.o
                0x0000000000019ec4                xTaskGenericNotifyFromISR
 .text.am_adc_isr
                0x000000000001a018       0x8c bin/battery.o
                0x000000000001a018                am_adc_isr
 .text.continue_current_sequence
                0x000000000001a0a4       0xf8 bin/buzzer.o
 .text.am_timer00_isr
                0x000000000001a19c       0x2c bin/buzzer.o
                0x000000000001a19c                am_timer00_isr
 .text.logging_init
                0x000000000001a1c8       0x1c bin/logging.o
                0x000000000001a1c8                logging_init
 .text.print_reset_reason
                0x000000000001a1e4      0x124 bin/logging.o
                0x000000000001a1e4                print_reset_reason
 .text.__NVIC_EnableIRQ
                0x000000000001a308       0x3c bin/ranging.o
 .text.__NVIC_SetPriority
                0x000000000001a344       0x54 bin/ranging.o
 .text.ranging_radio_spi_ready
                0x000000000001a398       0x30 bin/ranging.o
 .text.ranging_radio_isr
                0x000000000001a3c8       0x2c bin/ranging.o
 .text.ranging_radio_spi_slow
                0x000000000001a3f4       0x34 bin/ranging.o
 .text.ranging_radio_spi_fast
                0x000000000001a428       0x34 bin/ranging.o
 .text.readfromspi
                0x000000000001a45c       0xac bin/ranging.o
 .text.writetospi
                0x000000000001a508       0xac bin/ranging.o
 .text.decamutexon
                0x000000000001a5b4        0xe bin/ranging.o
                0x000000000001a5b4                decamutexon
 .text.decamutexoff
                0x000000000001a5c2       0x18 bin/ranging.o
                0x000000000001a5c2                decamutexoff
 .text.deca_sleep
                0x000000000001a5da       0x20 bin/ranging.o
                0x000000000001a5da                deca_sleep
 .text.deca_usleep
                0x000000000001a5fa       0x16 bin/ranging.o
                0x000000000001a5fa                deca_usleep
 .text.ranging_radio_init_cw
                0x000000000001a610      0x390 bin/ranging.o
                0x000000000001a610                ranging_radio_init_cw
 .text.ranging_radio_register_callbacks
                0x000000000001a9a0       0x34 bin/ranging.o
                0x000000000001a9a0                ranging_radio_register_callbacks
 .text.ranging_radio_choose_channel
                0x000000000001a9d4       0x58 bin/ranging.o
                0x000000000001a9d4                ranging_radio_choose_channel
 .text.ranging_radio_choose_antenna
                0x000000000001aa2c       0x6c bin/ranging.o
                0x000000000001aa2c                ranging_radio_choose_antenna
 .text.ranging_radio_disable
                0x000000000001aa98        0xc bin/ranging.o
                0x000000000001aa98                ranging_radio_disable
 .text.ranging_radio_rxenable
                0x000000000001aaa4       0x22 bin/ranging.o
                0x000000000001aaa4                ranging_radio_rxenable
 *fill*         0x000000000001aac6        0x2 
 .text.ranging_radio_readrxtimestamp
                0x000000000001aac8       0x1c bin/ranging.o
                0x000000000001aac8                ranging_radio_readrxtimestamp
 .text.ranging_radio_readtxtimestamp
                0x000000000001aae4       0x1c bin/ranging.o
                0x000000000001aae4                ranging_radio_readtxtimestamp
 .text.am_gpio0_001f_isr
                0x000000000001ab00       0x44 bin/system.o
                0x000000000001ab00                am_gpio0_001f_isr
 .text.am_gpio0_203f_isr
                0x000000000001ab44       0x44 bin/system.o
                0x000000000001ab44                am_gpio0_203f_isr
 .text.am_gpio0_405f_isr
                0x000000000001ab88       0x44 bin/system.o
                0x000000000001ab88                am_gpio0_405f_isr
 .text.am_gpio0_607f_isr
                0x000000000001abcc       0x44 bin/system.o
                0x000000000001abcc                am_gpio0_607f_isr
 .text.am_rtc_isr
                0x000000000001ac10       0x3c bin/system.o
                0x000000000001ac10                am_rtc_isr
 .text.system_hard_fault_handler
                0x000000000001ac4c       0x28 bin/system.o
                0x000000000001ac4c                system_hard_fault_handler
 .text.HardFault_Handler
                0x000000000001ac74       0x20 bin/system.o
                0x000000000001ac74                HardFault_Handler
 .text.vAssertCalled
                0x000000000001ac94       0x26 bin/system.o
                0x000000000001ac94                vAssertCalled
 *fill*         0x000000000001acba        0x2 
 .text.setup_hardware
                0x000000000001acbc       0xfc bin/system.o
                0x000000000001acbc                setup_hardware
 .text.system_enable_interrupts
                0x000000000001adb8       0x22 bin/system.o
                0x000000000001adb8                system_enable_interrupts
 *fill*         0x000000000001adda        0x2 
 .text.system_read_UID
                0x000000000001addc       0x44 bin/system.o
                0x000000000001addc                system_read_UID
 .text.am_timer04_isr
                0x000000000001ae20       0x4c bin/app_task_ranging.o
                0x000000000001ae20                am_timer04_isr
 .text.am_timer02_isr
                0x000000000001ae6c       0x48 bin/scheduler.o
                0x000000000001ae6c                am_timer02_isr
 .text.scheduler_rtc_isr
                0x000000000001aeb4       0x44 bin/scheduler.o
                0x000000000001aeb4                scheduler_rtc_isr
 .text.tx_callback
                0x000000000001aef8       0x90 bin/test_cw.o
 .text.rx_done_callback
                0x000000000001af88      0x100 bin/test_cw.o
 .text.rx_error_callback
                0x000000000001b088       0xd4 bin/test_cw.o
 *fill*         0x000000000001b15c        0x4 
 .text.rx_timeout_callback
                0x000000000001b160       0xd4 bin/test_cw.o
 .text.cw_tx_test
                0x000000000001b234       0x48 bin/test_cw.o
                0x000000000001b234                cw_tx_test
 .text.main     0x000000000001b27c       0x64 bin/test_cw.o
                0x000000000001b27c                main
 .text.memset   0x000000000001b2e0       0xa0 /usr/local/Cellar/arm-none-eabi-gcc/9-2019-q4-major/gcc/bin/../lib/gcc/arm-none-eabi/9.2.1/../../../../arm-none-eabi/lib/thumb/v7e-m+fp/hard/libc.a(lib_a-memset.o)
                0x000000000001b2e0                memset
 .text.__retarget_lock_acquire_recursive
                0x000000000001b380        0x4 /usr/local/Cellar/arm-none-eabi-gcc/9-2019-q4-major/gcc/bin/../lib/gcc/arm-none-eabi/9.2.1/../../../../arm-none-eabi/lib/thumb/v7e-m+fp/hard/libc.a(lib_a-lock.o)
                0x000000000001b380                __retarget_lock_acquire_recursive
 .text.__retarget_lock_release_recursive
                0x000000000001b384        0x4 /usr/local/Cellar/arm-none-eabi-gcc/9-2019-q4-major/gcc/bin/../lib/gcc/arm-none-eabi/9.2.1/../../../../arm-none-eabi/lib/thumb/v7e-m+fp/hard/libc.a(lib_a-lock.o)
                0x000000000001b384                __retarget_lock_release_recursive
 .text.malloc   0x000000000001b388       0x10 /usr/local/Cellar/arm-none-eabi-gcc/9-2019-q4-major/gcc/bin/../lib/gcc/arm-none-eabi/9.2.1/../../../../arm-none-eabi/lib/thumb/v7e-m+fp/hard/libc.a(lib_a-malloc.o)
                0x000000000001b388                malloc
 .text._malloc_r
                0x000000000001b398      0x574 /usr/local/Cellar/arm-none-eabi-gcc/9-2019-q4-major/gcc/bin/../lib/gcc/arm-none-eabi/9.2.1/../../../../arm-none-eabi/lib/thumb/v7e-m+fp/hard/libc.a(lib_a-mallocr.o)
                0x000000000001b398                _malloc_r
 .text.__malloc_lock
                0x000000000001b90c        0xc /usr/local/Cellar/arm-none-eabi-gcc/9-2019-q4-major/gcc/bin/../lib/gcc/arm-none-eabi/9.2.1/../../../../arm-none-eabi/lib/thumb/v7e-m+fp/hard/libc.a(lib_a-mlock.o)
                0x000000000001b90c                __malloc_lock
 .text.__malloc_unlock
                0x000000000001b918        0xc /usr/local/Cellar/arm-none-eabi-gcc/9-2019-q4-major/gcc/bin/../lib/gcc/arm-none-eabi/9.2.1/../../../../arm-none-eabi/lib/thumb/v7e-m+fp/hard/libc.a(lib_a-mlock.o)
                0x000000000001b918                __malloc_unlock
 .text._sbrk_r  0x000000000001b924       0x24 /usr/local/Cellar/arm-none-eabi-gcc/9-2019-q4-major/gcc/bin/../lib/gcc/arm-none-eabi/9.2.1/../../../../arm-none-eabi/lib/thumb/v7e-m+fp/hard/libc.a(lib_a-sbrkr.o)
                0x000000000001b924                _sbrk_r
 .text._malloc_trim_r
                0x000000000001b948       0xa0 /usr/local/Cellar/arm-none-eabi-gcc/9-2019-q4-major/gcc/bin/../lib/gcc/arm-none-eabi/9.2.1/../../../../arm-none-eabi/lib/thumb/v7e-m+fp/hard/libc.a(lib_a-freer.o)
                0x000000000001b948                _malloc_trim_r
 .text._free_r  0x000000000001b9e8      0x208 /usr/local/Cellar/arm-none-eabi-gcc/9-2019-q4-major/gcc/bin/../lib/gcc/arm-none-eabi/9.2.1/../../../../arm-none-eabi/lib/thumb/v7e-m+fp/hard/libc.a(lib_a-freer.o)
                0x000000000001b9e8                _free_r
 .text._sbrk    0x000000000001bbf0       0x1c /usr/local/Cellar/arm-none-eabi-gcc/9-2019-q4-major/gcc/bin/../lib/gcc/arm-none-eabi/9.2.1/../../../../arm-none-eabi/lib/thumb/v7e-m+fp/hard/libnosys.a(sbrk.o)
                0x000000000001bbf0                _sbrk
 .text.am_hal_cachectrl_config
                0x000000000001bc0c       0x44 ../AmbiqSDK/mcu/apollo4p/hal/mcu/gcc/bin/libam_hal.a(am_hal_cachectrl.o)
                0x000000000001bc0c                am_hal_cachectrl_config
 .text.am_hal_cachectrl_enable
                0x000000000001bc50       0x18 ../AmbiqSDK/mcu/apollo4p/hal/mcu/gcc/bin/libam_hal.a(am_hal_cachectrl.o)
                0x000000000001bc50                am_hal_cachectrl_enable
 .text.am_hal_daxi_config
                0x000000000001bc68       0x94 ../AmbiqSDK/mcu/apollo4p/hal/mcu/gcc/bin/libam_hal.a(am_hal_cachectrl.o)
                0x000000000001bc68                am_hal_daxi_config
 .text.am_hal_daxi_control
                0x000000000001bcfc       0xe4 ../AmbiqSDK/mcu/apollo4p/hal/mcu/gcc/bin/libam_hal.a(am_hal_cachectrl.o)
                0x000000000001bcfc                am_hal_daxi_control
 .text.am_hal_interrupt_master_enable
                0x000000000001bde0        0x8 ../AmbiqSDK/mcu/apollo4p/hal/mcu/gcc/bin/libam_hal.a(am_hal_interrupt.o)
                0x000000000001bde0                am_hal_interrupt_master_enable
 .text.am_hal_interrupt_master_disable
                0x000000000001bde8        0x8 ../AmbiqSDK/mcu/apollo4p/hal/mcu/gcc/bin/libam_hal.a(am_hal_interrupt.o)
                0x000000000001bde8                am_hal_interrupt_master_disable
 .text.am_hal_interrupt_master_set
                0x000000000001bdf0        0x8 ../AmbiqSDK/mcu/apollo4p/hal/mcu/gcc/bin/libam_hal.a(am_hal_interrupt.o)
                0x000000000001bdf0                am_hal_interrupt_master_set
 .text.internal_iom_reset_on_error
                0x000000000001bdf8      0x108 ../AmbiqSDK/mcu/apollo4p/hal/mcu/gcc/bin/libam_hal.a(am_hal_iom.o)
 .text.am_hal_iom_initialize
                0x000000000001bf00       0x50 ../AmbiqSDK/mcu/apollo4p/hal/mcu/gcc/bin/libam_hal.a(am_hal_iom.o)
                0x000000000001bf00                am_hal_iom_initialize
 .text.am_hal_iom_enable
                0x000000000001bf50       0xf0 ../AmbiqSDK/mcu/apollo4p/hal/mcu/gcc/bin/libam_hal.a(am_hal_iom.o)
                0x000000000001bf50                am_hal_iom_enable
 .text.am_hal_iom_power_ctrl
                0x000000000001c040      0x1e0 ../AmbiqSDK/mcu/apollo4p/hal/mcu/gcc/bin/libam_hal.a(am_hal_iom.o)
                0x000000000001c040                am_hal_iom_power_ctrl
 .text.am_hal_iom_configure
                0x000000000001c220      0x2d8 ../AmbiqSDK/mcu/apollo4p/hal/mcu/gcc/bin/libam_hal.a(am_hal_iom.o)
                0x000000000001c220                am_hal_iom_configure
 .text.am_hal_iom_blocking_transfer
                0x000000000001c4f8      0x39c ../AmbiqSDK/mcu/apollo4p/hal/mcu/gcc/bin/libam_hal.a(am_hal_iom.o)
                0x000000000001c4f8                am_hal_iom_blocking_transfer
 .text.am_hal_mram_info_read
                0x000000000001c894       0x64 ../AmbiqSDK/mcu/apollo4p/hal/mcu/gcc/bin/libam_hal.a(am_hal_mram.o)
                0x000000000001c894                am_hal_mram_info_read
 .text.am_hal_reset_status_get
                0x000000000001c8f8       0x84 ../AmbiqSDK/mcu/apollo4p/hal/mcu/gcc/bin/libam_hal.a(am_hal_reset.o)
                0x000000000001c8f8                am_hal_reset_status_get
 .text.am_hal_rtc_alarm_get
                0x000000000001c97c       0xe8 ../AmbiqSDK/mcu/apollo4p/hal/mcu/gcc/bin/libam_hal.a(am_hal_rtc.o)
                0x000000000001c97c                am_hal_rtc_alarm_get
 .text.am_hal_rtc_interrupt_clear
                0x000000000001ca64       0x10 ../AmbiqSDK/mcu/apollo4p/hal/mcu/gcc/bin/libam_hal.a(am_hal_rtc.o)
                0x000000000001ca64                am_hal_rtc_interrupt_clear
 .text.am_hal_sysctrl_fpu_enable
                0x000000000001ca74       0x10 ../AmbiqSDK/mcu/apollo4p/hal/mcu/gcc/bin/libam_hal.a(am_hal_sysctrl.o)
                0x000000000001ca74                am_hal_sysctrl_fpu_enable
 .text.am_hal_sysctrl_fpu_stacking_enable
                0x000000000001ca84       0x34 ../AmbiqSDK/mcu/apollo4p/hal/mcu/gcc/bin/libam_hal.a(am_hal_sysctrl.o)
                0x000000000001ca84                am_hal_sysctrl_fpu_stacking_enable
 .text.am_hal_delay_us
                0x000000000001cab8       0x30 ../AmbiqSDK/mcu/apollo4p/hal/mcu/gcc/bin/libam_hal.a(am_hal_utils.o)
                0x000000000001cab8                am_hal_delay_us
 .text.am_hal_delay_us_status_change
                0x000000000001cae8       0x58 ../AmbiqSDK/mcu/apollo4p/hal/mcu/gcc/bin/libam_hal.a(am_hal_utils.o)
                0x000000000001cae8                am_hal_delay_us_status_change
 .text.am_hal_delay_us_status_check
                0x000000000001cb40       0x7c ../AmbiqSDK/mcu/apollo4p/hal/mcu/gcc/bin/libam_hal.a(am_hal_utils.o)
                0x000000000001cb40                am_hal_delay_us_status_check
 .text.am_hal_adc_interrupt_status
                0x000000000001cbbc       0x48 ../AmbiqSDK/mcu/apollo4p/hal/mcu/gcc/bin/libam_hal.a(am_hal_adc.o)
                0x000000000001cbbc                am_hal_adc_interrupt_status
 .text.am_hal_adc_interrupt_clear
                0x000000000001cc04       0x20 ../AmbiqSDK/mcu/apollo4p/hal/mcu/gcc/bin/libam_hal.a(am_hal_adc.o)
                0x000000000001cc04                am_hal_adc_interrupt_clear
 .text.am_hal_adc_samples_read
                0x000000000001cc24      0x364 ../AmbiqSDK/mcu/apollo4p/hal/mcu/gcc/bin/libam_hal.a(am_hal_adc.o)
                0x000000000001cc24                am_hal_adc_samples_read
 .text.am_hal_gpio_pinconfig
                0x000000000001cf88       0x58 ../AmbiqSDK/mcu/apollo4p/hal/mcu/gcc/bin/libam_hal.a(am_hal_gpio.o)
                0x000000000001cf88                am_hal_gpio_pinconfig
 .text.am_hal_gpio_state_read
                0x000000000001cfe0       0x50 ../AmbiqSDK/mcu/apollo4p/hal/mcu/gcc/bin/libam_hal.a(am_hal_gpio.o)
                0x000000000001cfe0                am_hal_gpio_state_read
 .text.am_hal_gpio_interrupt_control
                0x000000000001d030      0x198 ../AmbiqSDK/mcu/apollo4p/hal/mcu/gcc/bin/libam_hal.a(am_hal_gpio.o)
                0x000000000001d030                am_hal_gpio_interrupt_control
 .text.am_hal_gpio_interrupt_irq_status_get
                0x000000000001d1c8       0x74 ../AmbiqSDK/mcu/apollo4p/hal/mcu/gcc/bin/libam_hal.a(am_hal_gpio.o)
                0x000000000001d1c8                am_hal_gpio_interrupt_irq_status_get
 .text.am_hal_gpio_interrupt_irq_clear
                0x000000000001d23c       0x18 ../AmbiqSDK/mcu/apollo4p/hal/mcu/gcc/bin/libam_hal.a(am_hal_gpio.o)
                0x000000000001d23c                am_hal_gpio_interrupt_irq_clear
 .text.am_hal_gpio_interrupt_register
                0x000000000001d254       0x84 ../AmbiqSDK/mcu/apollo4p/hal/mcu/gcc/bin/libam_hal.a(am_hal_gpio.o)
                0x000000000001d254                am_hal_gpio_interrupt_register
 .text.am_hal_gpio_interrupt_service
                0x000000000001d2d8       0x70 ../AmbiqSDK/mcu/apollo4p/hal/mcu/gcc/bin/libam_hal.a(am_hal_gpio.o)
                0x000000000001d2d8                am_hal_gpio_interrupt_service
 .text.am_hal_pwrctrl_mcu_memory_config
                0x000000000001d348      0x15c ../AmbiqSDK/mcu/apollo4p/hal/mcu/gcc/bin/libam_hal.a(am_hal_pwrctrl.o)
                0x000000000001d348                am_hal_pwrctrl_mcu_memory_config
 .text.am_hal_pwrctrl_sram_config
                0x000000000001d4a4       0xb0 ../AmbiqSDK/mcu/apollo4p/hal/mcu/gcc/bin/libam_hal.a(am_hal_pwrctrl.o)
                0x000000000001d4a4                am_hal_pwrctrl_sram_config
 .text.am_hal_pwrctrl_dsp_memory_config
                0x000000000001d554      0x1cc ../AmbiqSDK/mcu/apollo4p/hal/mcu/gcc/bin/libam_hal.a(am_hal_pwrctrl.o)
                0x000000000001d554                am_hal_pwrctrl_dsp_memory_config
 .text.am_hal_pwrctrl_periph_enable
                0x000000000001d720      0x1a0 ../AmbiqSDK/mcu/apollo4p/hal/mcu/gcc/bin/libam_hal.a(am_hal_pwrctrl.o)
                0x000000000001d720                am_hal_pwrctrl_periph_enable
 .text.am_hal_pwrctrl_periph_disable
                0x000000000001d8c0      0x184 ../AmbiqSDK/mcu/apollo4p/hal/mcu/gcc/bin/libam_hal.a(am_hal_pwrctrl.o)
                0x000000000001d8c0                am_hal_pwrctrl_periph_disable
 .text.am_hal_pwrctrl_low_power_init
                0x000000000001da44      0x184 ../AmbiqSDK/mcu/apollo4p/hal/mcu/gcc/bin/libam_hal.a(am_hal_pwrctrl.o)
                0x000000000001da44                am_hal_pwrctrl_low_power_init
 .text.am_hal_pwrctrl_control
                0x000000000001dbc8      0x274 ../AmbiqSDK/mcu/apollo4p/hal/mcu/gcc/bin/libam_hal.a(am_hal_pwrctrl.o)
                0x000000000001dbc8                am_hal_pwrctrl_control
 .text.am_hal_stimer_counter_get
                0x000000000001de3c       0x20 ../AmbiqSDK/mcu/apollo4p/hal/mcu/gcc/bin/libam_hal.a(am_hal_stimer.o)
                0x000000000001de3c                am_hal_stimer_counter_get
 .text.am_hal_stimer_compare_delta_set
                0x000000000001de5c       0xe0 ../AmbiqSDK/mcu/apollo4p/hal/mcu/gcc/bin/libam_hal.a(am_hal_stimer.o)
                0x000000000001de5c                am_hal_stimer_compare_delta_set
 .text.am_hal_stimer_int_clear
                0x000000000001df3c        0xc ../AmbiqSDK/mcu/apollo4p/hal/mcu/gcc/bin/libam_hal.a(am_hal_stimer.o)
                0x000000000001df3c                am_hal_stimer_int_clear
 .text.am_hal_stimer_int_status_get
                0x000000000001df48       0x18 ../AmbiqSDK/mcu/apollo4p/hal/mcu/gcc/bin/libam_hal.a(am_hal_stimer.o)
                0x000000000001df48                am_hal_stimer_int_status_get
 .text.am_hal_timer_config
                0x000000000001df60       0xa0 ../AmbiqSDK/mcu/apollo4p/hal/mcu/gcc/bin/libam_hal.a(am_hal_timer.o)
                0x000000000001df60                am_hal_timer_config
 .text.am_hal_timer_disable
                0x000000000001e000       0x30 ../AmbiqSDK/mcu/apollo4p/hal/mcu/gcc/bin/libam_hal.a(am_hal_timer.o)
                0x000000000001e000                am_hal_timer_disable
 .text.am_hal_timer_clear
                0x000000000001e030       0x54 ../AmbiqSDK/mcu/apollo4p/hal/mcu/gcc/bin/libam_hal.a(am_hal_timer.o)
                0x000000000001e030                am_hal_timer_clear
 .text.am_hal_timer_interrupt_clear
                0x000000000001e084        0xc ../AmbiqSDK/mcu/apollo4p/hal/mcu/gcc/bin/libam_hal.a(am_hal_timer.o)
                0x000000000001e084                am_hal_timer_interrupt_clear
 .text.am_hal_cmdq_init
                0x000000000001e090       0xb0 ../AmbiqSDK/mcu/apollo4p/hal/mcu/gcc/bin/libam_hal.a(am_hal_cmdq.o)
                0x000000000001e090                am_hal_cmdq_init
 .text.am_hal_cmdq_enable
                0x000000000001e140       0x58 ../AmbiqSDK/mcu/apollo4p/hal/mcu/gcc/bin/libam_hal.a(am_hal_cmdq.o)
                0x000000000001e140                am_hal_cmdq_enable
 .text.am_hal_cmdq_disable
                0x000000000001e198       0x38 ../AmbiqSDK/mcu/apollo4p/hal/mcu/gcc/bin/libam_hal.a(am_hal_cmdq.o)
                0x000000000001e198                am_hal_cmdq_disable
 .text.am_hal_triple_read
                0x000000000001e1d0       0x1c ../AmbiqSDK/mcu/apollo4p/hal/mcu/gcc/bin/libam_hal.a(am_hal_global.o)
                0x000000000001e1d0                am_hal_triple_read
 .text.interface_tx_frame
                0x000000000001e1ec       0x92 ../src/external/decadriver/libdwt_uwb_driver-m4-hfp-6.0.7.a(deca_interface.c.obj)
                0x000000000001e1ec                interface_tx_frame
 .text.interface_get_timestamp
                0x000000000001e27e       0x22 ../src/external/decadriver/libdwt_uwb_driver-m4-hfp-6.0.7.a(deca_interface.c.obj)
                0x000000000001e27e                interface_get_timestamp
 .text.interface_rx_disable
                0x000000000001e2a0       0x12 ../src/external/decadriver/libdwt_uwb_driver-m4-hfp-6.0.7.a(deca_interface.c.obj)
                0x000000000001e2a0                interface_rx_disable
 *fill*         0x000000000001e2b2        0x2 
 .text.interface_rx_enable
                0x000000000001e2b4      0x1d8 ../src/external/decadriver/libdwt_uwb_driver-m4-hfp-6.0.7.a(deca_interface.c.obj)
                0x000000000001e2b4                interface_rx_enable
 .text.interface_read_rx_frame
                0x000000000001e48c       0x20 ../src/external/decadriver/libdwt_uwb_driver-m4-hfp-6.0.7.a(deca_interface.c.obj)
                0x000000000001e48c                interface_read_rx_frame
 .text.dwt_probe
                0x000000000001e4ac       0x98 ../src/external/decadriver/libdwt_uwb_driver-m4-hfp-6.0.7.a(deca_compat.c.obj)
                0x000000000001e4ac                dwt_probe
 .text.dwt_initialise
                0x000000000001e544       0x18 ../src/external/decadriver/libdwt_uwb_driver-m4-hfp-6.0.7.a(deca_compat.c.obj)
                0x000000000001e544                dwt_initialise
 .text.dwt_configure
                0x000000000001e55c       0x18 ../src/external/decadriver/libdwt_uwb_driver-m4-hfp-6.0.7.a(deca_compat.c.obj)
                0x000000000001e55c                dwt_configure
 .text.dwt_configuretxrf
                0x000000000001e574       0x18 ../src/external/decadriver/libdwt_uwb_driver-m4-hfp-6.0.7.a(deca_compat.c.obj)
                0x000000000001e574                dwt_configuretxrf
 .text.dwt_configmrxlut
                0x000000000001e58c       0x1c ../src/external/decadriver/libdwt_uwb_driver-m4-hfp-6.0.7.a(deca_compat.c.obj)
                0x000000000001e58c                dwt_configmrxlut
 .text.dwt_setrxantennadelay
                0x000000000001e5a8       0x24 ../src/external/decadriver/libdwt_uwb_driver-m4-hfp-6.0.7.a(deca_compat.c.obj)
                0x000000000001e5a8                dwt_setrxantennadelay
 .text.dwt_settxantennadelay
                0x000000000001e5cc       0x24 ../src/external/decadriver/libdwt_uwb_driver-m4-hfp-6.0.7.a(deca_compat.c.obj)
                0x000000000001e5cc                dwt_settxantennadelay
 .text.dwt_readtxtimestamp
                0x000000000001e5f0       0x1c ../src/external/decadriver/libdwt_uwb_driver-m4-hfp-6.0.7.a(deca_compat.c.obj)
                0x000000000001e5f0                dwt_readtxtimestamp
 .text.dwt_readrxtimestamp
                0x000000000001e60c       0x18 ../src/external/decadriver/libdwt_uwb_driver-m4-hfp-6.0.7.a(deca_compat.c.obj)
                0x000000000001e60c                dwt_readrxtimestamp
 .text.dwt_forcetrxoff
                0x000000000001e624       0x1c ../src/external/decadriver/libdwt_uwb_driver-m4-hfp-6.0.7.a(deca_compat.c.obj)
                0x000000000001e624                dwt_forcetrxoff
 .text.dwt_rxenable
                0x000000000001e640       0x18 ../src/external/decadriver/libdwt_uwb_driver-m4-hfp-6.0.7.a(deca_compat.c.obj)
                0x000000000001e640                dwt_rxenable
 .text.dwt_setdblrxbuffmode
                0x000000000001e658       0x28 ../src/external/decadriver/libdwt_uwb_driver-m4-hfp-6.0.7.a(deca_compat.c.obj)
                0x000000000001e658                dwt_setdblrxbuffmode
 .text.dwt_setrxtimeout
                0x000000000001e680       0x24 ../src/external/decadriver/libdwt_uwb_driver-m4-hfp-6.0.7.a(deca_compat.c.obj)
                0x000000000001e680                dwt_setrxtimeout
 .text.dwt_setcallbacks
                0x000000000001e6a4       0x24 ../src/external/decadriver/libdwt_uwb_driver-m4-hfp-6.0.7.a(deca_compat.c.obj)
                0x000000000001e6a4                dwt_setcallbacks
 .text.dwt_isr  0x000000000001e6c8       0x14 ../src/external/decadriver/libdwt_uwb_driver-m4-hfp-6.0.7.a(deca_compat.c.obj)
                0x000000000001e6c8                dwt_isr
 .text.dwt_setinterrupt
                0x000000000001e6dc       0x1c ../src/external/decadriver/libdwt_uwb_driver-m4-hfp-6.0.7.a(deca_compat.c.obj)
                0x000000000001e6dc                dwt_setinterrupt
 .text.dwt_generatecrc8
                0x000000000001e6f8       0x28 ../src/external/decadriver/libdwt_uwb_driver-m4-hfp-6.0.7.a(deca_compat.c.obj)
                0x000000000001e6f8                dwt_generatecrc8
 .text.dwt_enableautoack
                0x000000000001e720       0x24 ../src/external/decadriver/libdwt_uwb_driver-m4-hfp-6.0.7.a(deca_compat.c.obj)
                0x000000000001e720                dwt_enableautoack
 .text.dwt_readrxdata
                0x000000000001e744       0x1c ../src/external/decadriver/libdwt_uwb_driver-m4-hfp-6.0.7.a(deca_compat.c.obj)
                0x000000000001e744                dwt_readrxdata
 .text.dwt_configciadiag
                0x000000000001e760       0x24 ../src/external/decadriver/libdwt_uwb_driver-m4-hfp-6.0.7.a(deca_compat.c.obj)
                0x000000000001e760                dwt_configciadiag
 .text.dwt_readdiagnostics
                0x000000000001e784       0x1c ../src/external/decadriver/libdwt_uwb_driver-m4-hfp-6.0.7.a(deca_compat.c.obj)
                0x000000000001e784                dwt_readdiagnostics
 .text.dwt_setxtaltrim
                0x000000000001e7a0       0x24 ../src/external/decadriver/libdwt_uwb_driver-m4-hfp-6.0.7.a(deca_compat.c.obj)
                0x000000000001e7a0                dwt_setxtaltrim
 .text.dwt_getxtaltrim
                0x000000000001e7c4       0x28 ../src/external/decadriver/libdwt_uwb_driver-m4-hfp-6.0.7.a(deca_compat.c.obj)
                0x000000000001e7c4                dwt_getxtaltrim
 .text.dwt_configcwmode
                0x000000000001e7ec       0x1c ../src/external/decadriver/libdwt_uwb_driver-m4-hfp-6.0.7.a(deca_compat.c.obj)
                0x000000000001e7ec                dwt_configcwmode
 .text.dwt_writesysstatuslo
                0x000000000001e808       0x24 ../src/external/decadriver/libdwt_uwb_driver-m4-hfp-6.0.7.a(deca_compat.c.obj)
                0x000000000001e808                dwt_writesysstatuslo
 .text.dwt_readsysstatuslo
                0x000000000001e82c       0x24 ../src/external/decadriver/libdwt_uwb_driver-m4-hfp-6.0.7.a(deca_compat.c.obj)
                0x000000000001e82c                dwt_readsysstatuslo
 .text.dwt_readsysstatushi
                0x000000000001e850       0x24 ../src/external/decadriver/libdwt_uwb_driver-m4-hfp-6.0.7.a(deca_compat.c.obj)
                0x000000000001e850                dwt_readsysstatushi
 .text.dwt_dbg_fn
                0x000000000001e874       0x10 ../src/external/decadriver/libdwt_uwb_driver-m4-hfp-6.0.7.a(dw3000_device.c.obj)
 .text._deinit  0x000000000001e884        0x2 ../src/external/decadriver/libdwt_uwb_driver-m4-hfp-6.0.7.a(dw3000_device.c.obj)
 .text.dwt_xfer3xxx
                0x000000000001e886      0x106 ../src/external/decadriver/libdwt_uwb_driver-m4-hfp-6.0.7.a(dw3000_device.c.obj)
 .text.dwt_readfromdevice
                0x000000000001e98c       0x14 ../src/external/decadriver/libdwt_uwb_driver-m4-hfp-6.0.7.a(dw3000_device.c.obj)
 .text.dwt_read32bitoffsetreg
                0x000000000001e9a0       0x2c ../src/external/decadriver/libdwt_uwb_driver-m4-hfp-6.0.7.a(dw3000_device.c.obj)
 .text.dwt_read16bitoffsetreg
                0x000000000001e9cc       0x24 ../src/external/decadriver/libdwt_uwb_driver-m4-hfp-6.0.7.a(dw3000_device.c.obj)
 .text.dwt_read8bitoffsetreg
                0x000000000001e9f0       0x1c ../src/external/decadriver/libdwt_uwb_driver-m4-hfp-6.0.7.a(dw3000_device.c.obj)
 .text.ull_readdiagnostics
                0x000000000001ea0c      0x718 ../src/external/decadriver/libdwt_uwb_driver-m4-hfp-6.0.7.a(dw3000_device.c.obj)
 .text.ull_readrxtimestamp
                0x000000000001f124       0x44 ../src/external/decadriver/libdwt_uwb_driver-m4-hfp-6.0.7.a(dw3000_device.c.obj)
 .text.dwt_writetodevice
                0x000000000001f168       0x16 ../src/external/decadriver/libdwt_uwb_driver-m4-hfp-6.0.7.a(dw3000_device.c.obj)
 .text.dwt_write8bitoffsetreg
                0x000000000001f17e       0x18 ../src/external/decadriver/libdwt_uwb_driver-m4-hfp-6.0.7.a(dw3000_device.c.obj)
 *fill*         0x000000000001f196        0x2 
 .text.ull_getframelength
                0x000000000001f198       0x64 ../src/external/decadriver/libdwt_uwb_driver-m4-hfp-6.0.7.a(dw3000_device.c.obj)
 .text.ull_configeventcounters
                0x000000000001f1fc       0x26 ../src/external/decadriver/libdwt_uwb_driver-m4-hfp-6.0.7.a(dw3000_device.c.obj)
 .text.dwt_write16bitoffsetreg
                0x000000000001f222       0x20 ../src/external/decadriver/libdwt_uwb_driver-m4-hfp-6.0.7.a(dw3000_device.c.obj)
 *fill*         0x000000000001f242        0x2 
 .text.ull_clearaonconfig
                0x000000000001f244       0x40 ../src/external/decadriver/libdwt_uwb_driver-m4-hfp-6.0.7.a(dw3000_device.c.obj)
 .text.ull_force_clocks
                0x000000000001f284       0x2c ../src/external/decadriver/libdwt_uwb_driver-m4-hfp-6.0.7.a(dw3000_device.c.obj)
 .text.__dwt_otp_write_wdata_id_reg
                0x000000000001f2b0       0x26 ../src/external/decadriver/libdwt_uwb_driver-m4-hfp-6.0.7.a(dw3000_device.c.obj)
 *fill*         0x000000000001f2d6        0x2 
 .text._dwt_otpread
                0x000000000001f2d8       0x44 ../src/external/decadriver/libdwt_uwb_driver-m4-hfp-6.0.7.a(dw3000_device.c.obj)
 .text.ull_aon_read
                0x000000000001f31c       0x40 ../src/external/decadriver/libdwt_uwb_driver-m4-hfp-6.0.7.a(dw3000_device.c.obj)
 .text.ull_aon_write
                0x000000000001f35c       0x50 ../src/external/decadriver/libdwt_uwb_driver-m4-hfp-6.0.7.a(dw3000_device.c.obj)
 .text.ull_configuresleep
                0x000000000001f3ac       0x54 ../src/external/decadriver/libdwt_uwb_driver-m4-hfp-6.0.7.a(dw3000_device.c.obj)
 .text.ull_signal_rx_buff_free
                0x000000000001f400       0x24 ../src/external/decadriver/libdwt_uwb_driver-m4-hfp-6.0.7.a(dw3000_device.c.obj)
 .text.dwt_write32bitoffsetreg
                0x000000000001f424       0x2a ../src/external/decadriver/libdwt_uwb_driver-m4-hfp-6.0.7.a(dw3000_device.c.obj)
 *fill*         0x000000000001f44e        0x2 
 .text.ull_isr  0x000000000001f450      0x2bc ../src/external/decadriver/libdwt_uwb_driver-m4-hfp-6.0.7.a(dw3000_device.c.obj)
 .text._dwt_adjust_delaytime
                0x000000000001f70c       0x50 ../src/external/decadriver/libdwt_uwb_driver-m4-hfp-6.0.7.a(dw3000_device.c.obj)
 .text.ull_setrxaftertxdelay
                0x000000000001f75c       0x2c ../src/external/decadriver/libdwt_uwb_driver-m4-hfp-6.0.7.a(dw3000_device.c.obj)
 .text.ull_setlnapamode
                0x000000000001f788       0x44 ../src/external/decadriver/libdwt_uwb_driver-m4-hfp-6.0.7.a(dw3000_device.c.obj)
 .text.ull_configurestskey
                0x000000000001f7cc       0x48 ../src/external/decadriver/libdwt_uwb_driver-m4-hfp-6.0.7.a(dw3000_device.c.obj)
 .text.ull_configurestsiv
                0x000000000001f814       0x48 ../src/external/decadriver/libdwt_uwb_driver-m4-hfp-6.0.7.a(dw3000_device.c.obj)
 .text.ull_configmrxlut
                0x000000000001f85c      0x104 ../src/external/decadriver/libdwt_uwb_driver-m4-hfp-6.0.7.a(dw3000_device.c.obj)
 .text.ull_disable_rftx_blocks
                0x000000000001f960       0x14 ../src/external/decadriver/libdwt_uwb_driver-m4-hfp-6.0.7.a(dw3000_device.c.obj)
 .text.ull_disable_rf_tx
                0x000000000001f974       0x3c ../src/external/decadriver/libdwt_uwb_driver-m4-hfp-6.0.7.a(dw3000_device.c.obj)
 .text.ull_readrxdata
                0x000000000001f9b0       0x6c ../src/external/decadriver/libdwt_uwb_driver-m4-hfp-6.0.7.a(dw3000_device.c.obj)
 .text.ull_rxenable
                0x000000000001fa1c       0xc8 ../src/external/decadriver/libdwt_uwb_driver-m4-hfp-6.0.7.a(dw3000_device.c.obj)
 .text.ull_writetxdata
                0x000000000001fae4       0x64 ../src/external/decadriver/libdwt_uwb_driver-m4-hfp-6.0.7.a(dw3000_device.c.obj)
 .text.dwt_modify32bitoffsetreg
                0x000000000001fb48       0x48 ../src/external/decadriver/libdwt_uwb_driver-m4-hfp-6.0.7.a(dw3000_device.c.obj)
 .text._dwt_kick_dgc_on_wakeup
                0x000000000001fb90       0x3c ../src/external/decadriver/libdwt_uwb_driver-m4-hfp-6.0.7.a(dw3000_device.c.obj)
 .text.ull_enable_rf_tx
                0x000000000001fbcc       0x68 ../src/external/decadriver/libdwt_uwb_driver-m4-hfp-6.0.7.a(dw3000_device.c.obj)
 .text.ull_enable_rftx_blocks
                0x000000000001fc34       0x24 ../src/external/decadriver/libdwt_uwb_driver-m4-hfp-6.0.7.a(dw3000_device.c.obj)
 .text._dwt_otpprogword32
                0x000000000001fc58      0x170 ../src/external/decadriver/libdwt_uwb_driver-m4-hfp-6.0.7.a(dw3000_device.c.obj)
 .text.ull_setgpiomode
                0x000000000001fdc8       0x3c ../src/external/decadriver/libdwt_uwb_driver-m4-hfp-6.0.7.a(dw3000_device.c.obj)
 .text.ull_setinterrupt
                0x000000000001fe04       0xb2 ../src/external/decadriver/libdwt_uwb_driver-m4-hfp-6.0.7.a(dw3000_device.c.obj)
 *fill*         0x000000000001feb6        0x2 
 .text.ull_writetxfctrl
                0x000000000001feb8       0x4c ../src/external/decadriver/libdwt_uwb_driver-m4-hfp-6.0.7.a(dw3000_device.c.obj)
 .text.prs_sys_status_and_or
                0x000000000001ff04       0x18 ../src/external/decadriver/libdwt_uwb_driver-m4-hfp-6.0.7.a(dw3000_device.c.obj)
 .text.dwt_modify8bitoffsetreg
                0x000000000001ff1c       0x28 ../src/external/decadriver/libdwt_uwb_driver-m4-hfp-6.0.7.a(dw3000_device.c.obj)
 .text.ull_configciadiag
                0x000000000001ff44       0x6c ../src/external/decadriver/libdwt_uwb_driver-m4-hfp-6.0.7.a(dw3000_device.c.obj)
 .text.ull_calcbandwidthadj
                0x000000000001ffb0       0x84 ../src/external/decadriver/libdwt_uwb_driver-m4-hfp-6.0.7.a(dw3000_device.c.obj)
 .text.ull_configuretxrf
                0x0000000000020034       0x34 ../src/external/decadriver/libdwt_uwb_driver-m4-hfp-6.0.7.a(dw3000_device.c.obj)
 .text.ull_repeated_frames
                0x0000000000020068       0x30 ../src/external/decadriver/libdwt_uwb_driver-m4-hfp-6.0.7.a(dw3000_device.c.obj)
 .text.ull_setdwstate
                0x0000000000020098       0xbc ../src/external/decadriver/libdwt_uwb_driver-m4-hfp-6.0.7.a(dw3000_device.c.obj)
 .text.ull_configureframefilter
                0x0000000000020154       0x46 ../src/external/decadriver/libdwt_uwb_driver-m4-hfp-6.0.7.a(dw3000_device.c.obj)
 *fill*         0x000000000002019a        0x2 
 .text.ull_run_pgfcal
                0x000000000002019c       0xc4 ../src/external/decadriver/libdwt_uwb_driver-m4-hfp-6.0.7.a(dw3000_device.c.obj)
 .text.prs_ack_enable
                0x0000000000020260       0x20 ../src/external/decadriver/libdwt_uwb_driver-m4-hfp-6.0.7.a(dw3000_device.c.obj)
 .text.dwt_modify16bitoffsetreg
                0x0000000000020280       0x32 ../src/external/decadriver/libdwt_uwb_driver-m4-hfp-6.0.7.a(dw3000_device.c.obj)
 *fill*         0x00000000000202b2        0x2 
 .text._dwt_prog_ldo_and_bias_tune
                0x00000000000202b4       0x38 ../src/external/decadriver/libdwt_uwb_driver-m4-hfp-6.0.7.a(dw3000_device.c.obj)
 .text.ull_setleds
                0x00000000000202ec       0x9c ../src/external/decadriver/libdwt_uwb_driver-m4-hfp-6.0.7.a(dw3000_device.c.obj)
 .text.ull_pgf_cal
                0x0000000000020388       0x60 ../src/external/decadriver/libdwt_uwb_driver-m4-hfp-6.0.7.a(dw3000_device.c.obj)
 .text.ull_setgpiovalue
                0x00000000000203e8       0x30 ../src/external/decadriver/libdwt_uwb_driver-m4-hfp-6.0.7.a(dw3000_device.c.obj)
 .text.ull_readaccdata
                0x0000000000020418       0x88 ../src/external/decadriver/libdwt_uwb_driver-m4-hfp-6.0.7.a(dw3000_device.c.obj)
 .text.ull_repeated_cw
                0x00000000000204a0       0x54 ../src/external/decadriver/libdwt_uwb_driver-m4-hfp-6.0.7.a(dw3000_device.c.obj)
 .text.ull_configure
                0x00000000000204f4      0x454 ../src/external/decadriver/libdwt_uwb_driver-m4-hfp-6.0.7.a(dw3000_device.c.obj)
 .text.dwt_ioctl
                0x0000000000020948     0x1f00 ../src/external/decadriver/libdwt_uwb_driver-m4-hfp-6.0.7.a(dw3000_device.c.obj)
 .text.ull_initialise
                0x0000000000022848      0x124 ../src/external/decadriver/libdwt_uwb_driver-m4-hfp-6.0.7.a(dw3000_device.c.obj)
 .text._init    0x000000000002296c      0x1b0 ../src/external/decadriver/libdwt_uwb_driver-m4-hfp-6.0.7.a(dw3000_device.c.obj)
 .text.dwt_dbg_fn
                0x0000000000022b1c       0x10 ../src/external/decadriver/libdwt_uwb_driver-m4-hfp-6.0.7.a(dw3700_device.c.obj)
 .text._deinit  0x0000000000022b2c        0x2 ../src/external/decadriver/libdwt_uwb_driver-m4-hfp-6.0.7.a(dw3700_device.c.obj)
 .text.dwt_xfer3xxx
                0x0000000000022b2e       0xfc ../src/external/decadriver/libdwt_uwb_driver-m4-hfp-6.0.7.a(dw3700_device.c.obj)
 .text.dwt_readfromdevice
                0x0000000000022c2a       0x14 ../src/external/decadriver/libdwt_uwb_driver-m4-hfp-6.0.7.a(dw3700_device.c.obj)
 .text.dwt_read32bitoffsetreg
                0x0000000000022c3e       0x2c ../src/external/decadriver/libdwt_uwb_driver-m4-hfp-6.0.7.a(dw3700_device.c.obj)
 .text.dwt_read16bitoffsetreg
                0x0000000000022c6a       0x24 ../src/external/decadriver/libdwt_uwb_driver-m4-hfp-6.0.7.a(dw3700_device.c.obj)
 .text.dwt_read8bitoffsetreg
                0x0000000000022c8e       0x1c ../src/external/decadriver/libdwt_uwb_driver-m4-hfp-6.0.7.a(dw3700_device.c.obj)
 .text.ull_readdiagnostics
                0x0000000000022caa      0x768 ../src/external/decadriver/libdwt_uwb_driver-m4-hfp-6.0.7.a(dw3700_device.c.obj)
 *fill*         0x0000000000023412        0x2 
 .text.ull_readrxtimestamp
                0x0000000000023414       0x44 ../src/external/decadriver/libdwt_uwb_driver-m4-hfp-6.0.7.a(dw3700_device.c.obj)
 .text.dwt_writetodevice
                0x0000000000023458       0x16 ../src/external/decadriver/libdwt_uwb_driver-m4-hfp-6.0.7.a(dw3700_device.c.obj)
 .text.dwt_write16bitoffsetreg
                0x000000000002346e       0x20 ../src/external/decadriver/libdwt_uwb_driver-m4-hfp-6.0.7.a(dw3700_device.c.obj)
 *fill*         0x000000000002348e        0x2 
 .text.ull_force_clocks
                0x0000000000023490       0x2c ../src/external/decadriver/libdwt_uwb_driver-m4-hfp-6.0.7.a(dw3700_device.c.obj)
 .text.__dwt_otp_write_wdata_id_reg
                0x00000000000234bc       0x26 ../src/external/decadriver/libdwt_uwb_driver-m4-hfp-6.0.7.a(dw3700_device.c.obj)
 *fill*         0x00000000000234e2        0x2 
 .text._dwt_otpread
                0x00000000000234e4       0x44 ../src/external/decadriver/libdwt_uwb_driver-m4-hfp-6.0.7.a(dw3700_device.c.obj)
 .text.dwt_write32bitoffsetreg
                0x0000000000023528       0x2a ../src/external/decadriver/libdwt_uwb_driver-m4-hfp-6.0.7.a(dw3700_device.c.obj)
 .text._dwt_adjust_delaytime
                0x0000000000023552       0x4c ../src/external/decadriver/libdwt_uwb_driver-m4-hfp-6.0.7.a(dw3700_device.c.obj)
 .text.ull_setrxaftertxdelay
                0x000000000002359e       0x28 ../src/external/decadriver/libdwt_uwb_driver-m4-hfp-6.0.7.a(dw3700_device.c.obj)
 .text.ull_setlnapamode
                0x00000000000235c6       0x40 ../src/external/decadriver/libdwt_uwb_driver-m4-hfp-6.0.7.a(dw3700_device.c.obj)
 *fill*         0x0000000000023606        0x2 
 .text.ull_configurestskey
                0x0000000000023608       0x48 ../src/external/decadriver/libdwt_uwb_driver-m4-hfp-6.0.7.a(dw3700_device.c.obj)
 .text.ull_configurestsiv
                0x0000000000023650       0x48 ../src/external/decadriver/libdwt_uwb_driver-m4-hfp-6.0.7.a(dw3700_device.c.obj)
 .text.ull_configmrxlut
                0x0000000000023698       0xf0 ../src/external/decadriver/libdwt_uwb_driver-m4-hfp-6.0.7.a(dw3700_device.c.obj)
 .text.ull_disable_rftx_blocks
                0x0000000000023788       0x14 ../src/external/decadriver/libdwt_uwb_driver-m4-hfp-6.0.7.a(dw3700_device.c.obj)
 .text.ull_disable_rf_tx
                0x000000000002379c       0x3c ../src/external/decadriver/libdwt_uwb_driver-m4-hfp-6.0.7.a(dw3700_device.c.obj)
 .text.ull_readrxdata
                0x00000000000237d8       0x6c ../src/external/decadriver/libdwt_uwb_driver-m4-hfp-6.0.7.a(dw3700_device.c.obj)
 .text.dwt_write8bitoffsetreg
                0x0000000000023844       0x18 ../src/external/decadriver/libdwt_uwb_driver-m4-hfp-6.0.7.a(dw3700_device.c.obj)
 .text.ull_getframelength
                0x000000000002385c       0x64 ../src/external/decadriver/libdwt_uwb_driver-m4-hfp-6.0.7.a(dw3700_device.c.obj)
 .text._dwt_clear_db_events
                0x00000000000238c0       0x34 ../src/external/decadriver/libdwt_uwb_driver-m4-hfp-6.0.7.a(dw3700_device.c.obj)
 .text.ull_clearaonconfig
                0x00000000000238f4       0x40 ../src/external/decadriver/libdwt_uwb_driver-m4-hfp-6.0.7.a(dw3700_device.c.obj)
 .text.ull_configeventcounters
                0x0000000000023934       0x26 ../src/external/decadriver/libdwt_uwb_driver-m4-hfp-6.0.7.a(dw3700_device.c.obj)
 *fill*         0x000000000002395a        0x2 
 .text.ull_aon_read
                0x000000000002395c       0x40 ../src/external/decadriver/libdwt_uwb_driver-m4-hfp-6.0.7.a(dw3700_device.c.obj)
 .text.ull_aon_write
                0x000000000002399c       0x50 ../src/external/decadriver/libdwt_uwb_driver-m4-hfp-6.0.7.a(dw3700_device.c.obj)
 .text.ull_configuresleep
                0x00000000000239ec       0x54 ../src/external/decadriver/libdwt_uwb_driver-m4-hfp-6.0.7.a(dw3700_device.c.obj)
 .text.ull_writetxdata
                0x0000000000023a40       0x64 ../src/external/decadriver/libdwt_uwb_driver-m4-hfp-6.0.7.a(dw3700_device.c.obj)
 .text.ull_signal_rx_buff_free
                0x0000000000023aa4       0x28 ../src/external/decadriver/libdwt_uwb_driver-m4-hfp-6.0.7.a(dw3700_device.c.obj)
 .text.ull_isr  0x0000000000023acc      0x300 ../src/external/decadriver/libdwt_uwb_driver-m4-hfp-6.0.7.a(dw3700_device.c.obj)
 .text.dwt_modify32bitoffsetreg
                0x0000000000023dcc       0x48 ../src/external/decadriver/libdwt_uwb_driver-m4-hfp-6.0.7.a(dw3700_device.c.obj)
 .text.ull_enable_rf_tx
                0x0000000000023e14       0x68 ../src/external/decadriver/libdwt_uwb_driver-m4-hfp-6.0.7.a(dw3700_device.c.obj)
 .text.ull_enable_rftx_blocks
                0x0000000000023e7c       0x24 ../src/external/decadriver/libdwt_uwb_driver-m4-hfp-6.0.7.a(dw3700_device.c.obj)
 .text._dwt_otpprogword32
                0x0000000000023ea0      0x170 ../src/external/decadriver/libdwt_uwb_driver-m4-hfp-6.0.7.a(dw3700_device.c.obj)
 .text.ull_setgpiomode
                0x0000000000024010       0x3c ../src/external/decadriver/libdwt_uwb_driver-m4-hfp-6.0.7.a(dw3700_device.c.obj)
 .text.ull_writetxfctrl
                0x000000000002404c       0x4c ../src/external/decadriver/libdwt_uwb_driver-m4-hfp-6.0.7.a(dw3700_device.c.obj)
 .text.prs_sys_status_and_or
                0x0000000000024098       0x18 ../src/external/decadriver/libdwt_uwb_driver-m4-hfp-6.0.7.a(dw3700_device.c.obj)
 .text.dwt_modify8bitoffsetreg
                0x00000000000240b0       0x28 ../src/external/decadriver/libdwt_uwb_driver-m4-hfp-6.0.7.a(dw3700_device.c.obj)
 .text.ull_configciadiag
                0x00000000000240d8       0x6c ../src/external/decadriver/libdwt_uwb_driver-m4-hfp-6.0.7.a(dw3700_device.c.obj)
 .text.ull_calcbandwidthadj
                0x0000000000024144       0x84 ../src/external/decadriver/libdwt_uwb_driver-m4-hfp-6.0.7.a(dw3700_device.c.obj)
 .text.ull_configuretxrf
                0x00000000000241c8       0x34 ../src/external/decadriver/libdwt_uwb_driver-m4-hfp-6.0.7.a(dw3700_device.c.obj)
 .text.ull_repeated_frames
                0x00000000000241fc       0x30 ../src/external/decadriver/libdwt_uwb_driver-m4-hfp-6.0.7.a(dw3700_device.c.obj)
 .text.ull_setdwstate
                0x000000000002422c       0xb8 ../src/external/decadriver/libdwt_uwb_driver-m4-hfp-6.0.7.a(dw3700_device.c.obj)
 .text.ull_configureframefilter
                0x00000000000242e4       0x46 ../src/external/decadriver/libdwt_uwb_driver-m4-hfp-6.0.7.a(dw3700_device.c.obj)
 *fill*         0x000000000002432a        0x2 
 .text.ull_run_pgfcal
                0x000000000002432c       0xc4 ../src/external/decadriver/libdwt_uwb_driver-m4-hfp-6.0.7.a(dw3700_device.c.obj)
 .text.ull_setinterrupt
                0x00000000000243f0       0xd8 ../src/external/decadriver/libdwt_uwb_driver-m4-hfp-6.0.7.a(dw3700_device.c.obj)
 .text.prs_ack_enable
                0x00000000000244c8       0x20 ../src/external/decadriver/libdwt_uwb_driver-m4-hfp-6.0.7.a(dw3700_device.c.obj)
 .text.dwt_modify16bitoffsetreg
                0x00000000000244e8       0x32 ../src/external/decadriver/libdwt_uwb_driver-m4-hfp-6.0.7.a(dw3700_device.c.obj)
 *fill*         0x000000000002451a        0x2 
 .text.ull_setleds
                0x000000000002451c       0x9c ../src/external/decadriver/libdwt_uwb_driver-m4-hfp-6.0.7.a(dw3700_device.c.obj)
 .text.ull_pgf_cal
                0x00000000000245b8       0x60 ../src/external/decadriver/libdwt_uwb_driver-m4-hfp-6.0.7.a(dw3700_device.c.obj)
 .text.ull_setgpiovalue
                0x0000000000024618       0x30 ../src/external/decadriver/libdwt_uwb_driver-m4-hfp-6.0.7.a(dw3700_device.c.obj)
 .text.ull_readaccdata
                0x0000000000024648       0x88 ../src/external/decadriver/libdwt_uwb_driver-m4-hfp-6.0.7.a(dw3700_device.c.obj)
 .text.ull_repeated_cw
                0x00000000000246d0       0x54 ../src/external/decadriver/libdwt_uwb_driver-m4-hfp-6.0.7.a(dw3700_device.c.obj)
 .text.ull_configure
                0x0000000000024724      0x480 ../src/external/decadriver/libdwt_uwb_driver-m4-hfp-6.0.7.a(dw3700_device.c.obj)
 .text.ull_initialise
                0x0000000000024ba4      0x128 ../src/external/decadriver/libdwt_uwb_driver-m4-hfp-6.0.7.a(dw3700_device.c.obj)
 .text.ull_rxenable
                0x0000000000024ccc       0xe0 ../src/external/decadriver/libdwt_uwb_driver-m4-hfp-6.0.7.a(dw3700_device.c.obj)
 .text.ull_softreset_no_sema_fcmd
                0x0000000000024dac       0x28 ../src/external/decadriver/libdwt_uwb_driver-m4-hfp-6.0.7.a(dw3700_device.c.obj)
 .text.ull_softreset_fcmd
                0x0000000000024dd4       0x28 ../src/external/decadriver/libdwt_uwb_driver-m4-hfp-6.0.7.a(dw3700_device.c.obj)
 .text.dwt_ioctl
                0x0000000000024dfc     0x20ec ../src/external/decadriver/libdwt_uwb_driver-m4-hfp-6.0.7.a(dw3700_device.c.obj)
 .text._init    0x0000000000026ee8      0x1b0 ../src/external/decadriver/libdwt_uwb_driver-m4-hfp-6.0.7.a(dw3700_device.c.obj)
 .text.ull_wakeup_ic
                0x0000000000027098        0x8 ../src/external/decadriver/libdwt_uwb_driver-m4-hfp-6.0.7.a(dw3720_device.c.obj)
 .text.get_sts_mnth
                0x00000000000270a0       0x28 ../src/external/decadriver/libdwt_uwb_driver-m4-hfp-6.0.7.a(dw3720_device.c.obj)
 .text.dwt_dbg_fn
                0x00000000000270c8       0x10 ../src/external/decadriver/libdwt_uwb_driver-m4-hfp-6.0.7.a(dw3720_device.c.obj)
 .text._deinit  0x00000000000270d8        0x2 ../src/external/decadriver/libdwt_uwb_driver-m4-hfp-6.0.7.a(dw3720_device.c.obj)
 .text.dwt_xfer3xxx
                0x00000000000270da       0xfc ../src/external/decadriver/libdwt_uwb_driver-m4-hfp-6.0.7.a(dw3720_device.c.obj)
 .text.dwt_readfromdevice
                0x00000000000271d6       0x14 ../src/external/decadriver/libdwt_uwb_driver-m4-hfp-6.0.7.a(dw3720_device.c.obj)
 .text.dwt_read32bitoffsetreg
                0x00000000000271ea       0x2c ../src/external/decadriver/libdwt_uwb_driver-m4-hfp-6.0.7.a(dw3720_device.c.obj)
 .text.dwt_read16bitoffsetreg
                0x0000000000027216       0x24 ../src/external/decadriver/libdwt_uwb_driver-m4-hfp-6.0.7.a(dw3720_device.c.obj)
 .text.ull_getrxantennadelay
                0x000000000002723a        0xe ../src/external/decadriver/libdwt_uwb_driver-m4-hfp-6.0.7.a(dw3720_device.c.obj)
 .text.ull_gettxantennadelay
                0x0000000000027248        0xc ../src/external/decadriver/libdwt_uwb_driver-m4-hfp-6.0.7.a(dw3720_device.c.obj)
 .text.ull_readclockoffset
                0x0000000000027254       0x40 ../src/external/decadriver/libdwt_uwb_driver-m4-hfp-6.0.7.a(dw3720_device.c.obj)
 .text.dwt_read8bitoffsetreg
                0x0000000000027294       0x1c ../src/external/decadriver/libdwt_uwb_driver-m4-hfp-6.0.7.a(dw3720_device.c.obj)
 .text.ull_readcarrierintegrator
                0x00000000000272b0       0x40 ../src/external/decadriver/libdwt_uwb_driver-m4-hfp-6.0.7.a(dw3720_device.c.obj)
 .text.ull_readdiagnostics
                0x00000000000272f0      0x786 ../src/external/decadriver/libdwt_uwb_driver-m4-hfp-6.0.7.a(dw3720_device.c.obj)
 *fill*         0x0000000000027a76        0x2 
 .text.ull_readrxtimestamp
                0x0000000000027a78       0x44 ../src/external/decadriver/libdwt_uwb_driver-m4-hfp-6.0.7.a(dw3720_device.c.obj)
 .text.dwt_writetodevice
                0x0000000000027abc       0x16 ../src/external/decadriver/libdwt_uwb_driver-m4-hfp-6.0.7.a(dw3720_device.c.obj)
 .text.dwt_write16bitoffsetreg
                0x0000000000027ad2       0x20 ../src/external/decadriver/libdwt_uwb_driver-m4-hfp-6.0.7.a(dw3720_device.c.obj)
 .text.ull_setrxantennadelay
                0x0000000000027af2       0x10 ../src/external/decadriver/libdwt_uwb_driver-m4-hfp-6.0.7.a(dw3720_device.c.obj)
 .text.ull_settxantennadelay
                0x0000000000027b02        0xe ../src/external/decadriver/libdwt_uwb_driver-m4-hfp-6.0.7.a(dw3720_device.c.obj)
 .text.ull_force_clocks
                0x0000000000027b10       0x2c ../src/external/decadriver/libdwt_uwb_driver-m4-hfp-6.0.7.a(dw3720_device.c.obj)
 .text.__dwt_otp_write_wdata_id_reg
                0x0000000000027b3c       0x26 ../src/external/decadriver/libdwt_uwb_driver-m4-hfp-6.0.7.a(dw3720_device.c.obj)
 *fill*         0x0000000000027b62        0x2 
 .text._dwt_otpread
                0x0000000000027b64       0x44 ../src/external/decadriver/libdwt_uwb_driver-m4-hfp-6.0.7.a(dw3720_device.c.obj)
 .text.dwt_write32bitoffsetreg
                0x0000000000027ba8       0x2a ../src/external/decadriver/libdwt_uwb_driver-m4-hfp-6.0.7.a(dw3720_device.c.obj)
 .text._dwt_adjust_delaytime
                0x0000000000027bd2       0x4c ../src/external/decadriver/libdwt_uwb_driver-m4-hfp-6.0.7.a(dw3720_device.c.obj)
 .text.ull_setrxaftertxdelay
                0x0000000000027c1e       0x28 ../src/external/decadriver/libdwt_uwb_driver-m4-hfp-6.0.7.a(dw3720_device.c.obj)
 *fill*         0x0000000000027c46        0x2 
 .text.ull_setfinegraintxseq
                0x0000000000027c48       0x28 ../src/external/decadriver/libdwt_uwb_driver-m4-hfp-6.0.7.a(dw3720_device.c.obj)
 .text.ull_setlnapamode
                0x0000000000027c70       0x40 ../src/external/decadriver/libdwt_uwb_driver-m4-hfp-6.0.7.a(dw3720_device.c.obj)
 .text.ull_configurestskey
                0x0000000000027cb0       0x48 ../src/external/decadriver/libdwt_uwb_driver-m4-hfp-6.0.7.a(dw3720_device.c.obj)
 .text.ull_configurestsiv
                0x0000000000027cf8       0x48 ../src/external/decadriver/libdwt_uwb_driver-m4-hfp-6.0.7.a(dw3720_device.c.obj)
 .text.ull_configmrxlut
                0x0000000000027d40      0x12c ../src/external/decadriver/libdwt_uwb_driver-m4-hfp-6.0.7.a(dw3720_device.c.obj)
 .text.ull_disable_rftx_blocks
                0x0000000000027e6c       0x14 ../src/external/decadriver/libdwt_uwb_driver-m4-hfp-6.0.7.a(dw3720_device.c.obj)
 .text.ull_disable_rf_tx
                0x0000000000027e80       0x3c ../src/external/decadriver/libdwt_uwb_driver-m4-hfp-6.0.7.a(dw3720_device.c.obj)
 .text.ull_repeated_cw
                0x0000000000027ebc       0x48 ../src/external/decadriver/libdwt_uwb_driver-m4-hfp-6.0.7.a(dw3720_device.c.obj)
 .text.ull_readrxdata
                0x0000000000027f04       0x6c ../src/external/decadriver/libdwt_uwb_driver-m4-hfp-6.0.7.a(dw3720_device.c.obj)
 .text.dwt_write8bitoffsetreg
                0x0000000000027f70       0x18 ../src/external/decadriver/libdwt_uwb_driver-m4-hfp-6.0.7.a(dw3720_device.c.obj)
 .text.ull_getframelength
                0x0000000000027f88       0x64 ../src/external/decadriver/libdwt_uwb_driver-m4-hfp-6.0.7.a(dw3720_device.c.obj)
 .text._dwt_clear_db_events
                0x0000000000027fec       0x34 ../src/external/decadriver/libdwt_uwb_driver-m4-hfp-6.0.7.a(dw3720_device.c.obj)
 .text.ull_clearaonconfig
                0x0000000000028020       0x40 ../src/external/decadriver/libdwt_uwb_driver-m4-hfp-6.0.7.a(dw3720_device.c.obj)
 .text.ull_configeventcounters
                0x0000000000028060       0x26 ../src/external/decadriver/libdwt_uwb_driver-m4-hfp-6.0.7.a(dw3720_device.c.obj)
 *fill*         0x0000000000028086        0x2 
 .text.ull_aon_read
                0x0000000000028088       0x40 ../src/external/decadriver/libdwt_uwb_driver-m4-hfp-6.0.7.a(dw3720_device.c.obj)
 .text.ull_aon_write
                0x00000000000280c8       0x50 ../src/external/decadriver/libdwt_uwb_driver-m4-hfp-6.0.7.a(dw3720_device.c.obj)
 .text.ull_configuresleep
                0x0000000000028118       0x64 ../src/external/decadriver/libdwt_uwb_driver-m4-hfp-6.0.7.a(dw3720_device.c.obj)
 .text.ull_setplenfine
                0x000000000002817c        0xe ../src/external/decadriver/libdwt_uwb_driver-m4-hfp-6.0.7.a(dw3720_device.c.obj)
 *fill*         0x000000000002818a        0x2 
 .text.ull_update_nonce_GCM
                0x000000000002818c       0x1c ../src/external/decadriver/libdwt_uwb_driver-m4-hfp-6.0.7.a(dw3720_device.c.obj)
 .text.ull_update_nonce_CCM
                0x00000000000281a8       0x7c ../src/external/decadriver/libdwt_uwb_driver-m4-hfp-6.0.7.a(dw3720_device.c.obj)
 .text.ull_writetxdata
                0x0000000000028224       0x64 ../src/external/decadriver/libdwt_uwb_driver-m4-hfp-6.0.7.a(dw3720_device.c.obj)
 .text.ull_signal_rx_buff_free
                0x0000000000028288       0x28 ../src/external/decadriver/libdwt_uwb_driver-m4-hfp-6.0.7.a(dw3720_device.c.obj)
 .text.ull_isr  0x00000000000282b0      0x304 ../src/external/decadriver/libdwt_uwb_driver-m4-hfp-6.0.7.a(dw3720_device.c.obj)
 .text.dwt_modify32bitoffsetreg
                0x00000000000285b4       0x48 ../src/external/decadriver/libdwt_uwb_driver-m4-hfp-6.0.7.a(dw3720_device.c.obj)
 .text.ull_enablegpioclocks
                0x00000000000285fc       0x20 ../src/external/decadriver/libdwt_uwb_driver-m4-hfp-6.0.7.a(dw3720_device.c.obj)
 .text.ull_enable_rf_tx
                0x000000000002861c       0x68 ../src/external/decadriver/libdwt_uwb_driver-m4-hfp-6.0.7.a(dw3720_device.c.obj)
 .text.ull_enable_rftx_blocks
                0x0000000000028684       0x24 ../src/external/decadriver/libdwt_uwb_driver-m4-hfp-6.0.7.a(dw3720_device.c.obj)
 .text._dwt_otpprogword32
                0x00000000000286a8      0x170 ../src/external/decadriver/libdwt_uwb_driver-m4-hfp-6.0.7.a(dw3720_device.c.obj)
 .text.ull_setgpiomode
                0x0000000000028818       0x3c ../src/external/decadriver/libdwt_uwb_driver-m4-hfp-6.0.7.a(dw3720_device.c.obj)
 .text.ull_writetxfctrl
                0x0000000000028854       0x28 ../src/external/decadriver/libdwt_uwb_driver-m4-hfp-6.0.7.a(dw3720_device.c.obj)
 .text.prs_sys_status_and_or
                0x000000000002887c       0x18 ../src/external/decadriver/libdwt_uwb_driver-m4-hfp-6.0.7.a(dw3720_device.c.obj)
 .text.dwt_modify8bitoffsetreg
                0x0000000000028894       0x28 ../src/external/decadriver/libdwt_uwb_driver-m4-hfp-6.0.7.a(dw3720_device.c.obj)
 .text.ull_enablespicrccheck
                0x00000000000288bc       0x36 ../src/external/decadriver/libdwt_uwb_driver-m4-hfp-6.0.7.a(dw3720_device.c.obj)
 *fill*         0x00000000000288f2        0x2 
 .text.ull_configciadiag
                0x00000000000288f4       0x6c ../src/external/decadriver/libdwt_uwb_driver-m4-hfp-6.0.7.a(dw3720_device.c.obj)
 .text.ull_configurestsloadiv
                0x0000000000028960       0x1c ../src/external/decadriver/libdwt_uwb_driver-m4-hfp-6.0.7.a(dw3720_device.c.obj)
 .text.ull_adcoffsetscalibration
                0x000000000002897c      0x230 ../src/external/decadriver/libdwt_uwb_driver-m4-hfp-6.0.7.a(dw3720_device.c.obj)
 .text.ull_restoreconfig
                0x0000000000028bac       0x60 ../src/external/decadriver/libdwt_uwb_driver-m4-hfp-6.0.7.a(dw3720_device.c.obj)
 .text.ull_calcbandwidthadj
                0x0000000000028c0c       0x84 ../src/external/decadriver/libdwt_uwb_driver-m4-hfp-6.0.7.a(dw3720_device.c.obj)
 .text.ull_configuretxrf
                0x0000000000028c90       0x34 ../src/external/decadriver/libdwt_uwb_driver-m4-hfp-6.0.7.a(dw3720_device.c.obj)
 .text.ull_repeated_frames
                0x0000000000028cc4       0x30 ../src/external/decadriver/libdwt_uwb_driver-m4-hfp-6.0.7.a(dw3720_device.c.obj)
 .text.ull_setdwstate
                0x0000000000028cf4       0xbc ../src/external/decadriver/libdwt_uwb_driver-m4-hfp-6.0.7.a(dw3720_device.c.obj)
 .text.ull_configureframefilter
                0x0000000000028db0       0x46 ../src/external/decadriver/libdwt_uwb_driver-m4-hfp-6.0.7.a(dw3720_device.c.obj)
 *fill*         0x0000000000028df6        0x2 
 .text.ull_run_pgfcal
                0x0000000000028df8       0xc4 ../src/external/decadriver/libdwt_uwb_driver-m4-hfp-6.0.7.a(dw3720_device.c.obj)
 .text.ull_setinterrupt
                0x0000000000028ebc       0xd8 ../src/external/decadriver/libdwt_uwb_driver-m4-hfp-6.0.7.a(dw3720_device.c.obj)
 .text.prs_ack_enable
                0x0000000000028f94       0x20 ../src/external/decadriver/libdwt_uwb_driver-m4-hfp-6.0.7.a(dw3720_device.c.obj)
 .text.dwt_modify16bitoffsetreg
                0x0000000000028fb4       0x32 ../src/external/decadriver/libdwt_uwb_driver-m4-hfp-6.0.7.a(dw3720_device.c.obj)
 *fill*         0x0000000000028fe6        0x2 
 .text.ull_configurestsmode
                0x0000000000028fe8       0x48 ../src/external/decadriver/libdwt_uwb_driver-m4-hfp-6.0.7.a(dw3720_device.c.obj)
 .text.ull_setleds
                0x0000000000029030       0x9c ../src/external/decadriver/libdwt_uwb_driver-m4-hfp-6.0.7.a(dw3720_device.c.obj)
 .text.ull_pgf_cal
                0x00000000000290cc       0x60 ../src/external/decadriver/libdwt_uwb_driver-m4-hfp-6.0.7.a(dw3720_device.c.obj)
 .text.ull_setgpiovalue
                0x000000000002912c       0x30 ../src/external/decadriver/libdwt_uwb_driver-m4-hfp-6.0.7.a(dw3720_device.c.obj)
 .text.ull_readaccdata
                0x000000000002915c       0x88 ../src/external/decadriver/libdwt_uwb_driver-m4-hfp-6.0.7.a(dw3720_device.c.obj)
 .text.ull_configure
                0x00000000000291e4      0x49c ../src/external/decadriver/libdwt_uwb_driver-m4-hfp-6.0.7.a(dw3720_device.c.obj)
 .text.ull_initialise
                0x0000000000029680      0x13c ../src/external/decadriver/libdwt_uwb_driver-m4-hfp-6.0.7.a(dw3720_device.c.obj)
 .text.ull_rxenable
                0x00000000000297bc       0xe0 ../src/external/decadriver/libdwt_uwb_driver-m4-hfp-6.0.7.a(dw3720_device.c.obj)
 .text.ull_softreset_no_sema_fcmd
                0x000000000002989c       0x28 ../src/external/decadriver/libdwt_uwb_driver-m4-hfp-6.0.7.a(dw3720_device.c.obj)
 .text.ull_softreset_fcmd
                0x00000000000298c4       0x28 ../src/external/decadriver/libdwt_uwb_driver-m4-hfp-6.0.7.a(dw3720_device.c.obj)
 .text.dwt_ioctl
                0x00000000000298ec     0x2044 ../src/external/decadriver/libdwt_uwb_driver-m4-hfp-6.0.7.a(dw3720_device.c.obj)
 .text._init    0x000000000002b930      0x198 ../src/external/decadriver/libdwt_uwb_driver-m4-hfp-6.0.7.a(dw3720_device.c.obj)
 *(.rodata)
 .rodata        0x000000000002bac8        0x9 bin/SEGGER_RTT.o
 *fill*         0x000000000002bad1        0x3 
 .rodata        0x000000000002bad4      0x1b4 bin/logging.o
 .rodata        0x000000000002bc88       0x98 bin/ranging.o
 .rodata        0x000000000002bd20       0x46 bin/system.o
 *fill*         0x000000000002bd66        0x2 
 .rodata        0x000000000002bd68      0x18c bin/test_cw.o
 *(.rodata*)
 .rodata.ui32MCUAllowed
                0x000000000002bef4       0x14 bin/am_resources.o
                0x000000000002bef4                ui32MCUAllowed
 .rodata.ui32DSP0Allowed
                0x000000000002bf08       0x14 bin/am_resources.o
                0x000000000002bf08                ui32DSP0Allowed
 .rodata.ui32DSP1Allowed
                0x000000000002bf1c       0x14 bin/am_resources.o
                0x000000000002bf1c                ui32DSP1Allowed
 .rodata.ui32SharedAccess
                0x000000000002bf30       0x14 bin/am_resources.o
                0x000000000002bf30                ui32SharedAccess
 .rodata.sGlobalAccess
                0x000000000002bf44       0x1c bin/am_resources.o
                0x000000000002bf44                sGlobalAccess
 .rodata._aInitStr.6067
                0x000000000002bf60       0x11 bin/SEGGER_RTT.o
 *fill*         0x000000000002bf71        0x3 
 .rodata._aV2C.5991
                0x000000000002bf74       0x10 bin/SEGGER_RTT_printf.o
 .rodata.tx_config_ch5
                0x000000000002bf84        0x7 bin/ranging.o
 *fill*         0x000000000002bf8b        0x1 
 .rodata.tx_config_ch9
                0x000000000002bf8c        0x7 bin/ranging.o
 *fill*         0x000000000002bf93        0x1 
 .rodata.spi_functions
                0x000000000002bf94       0x14 bin/ranging.o
 .rodata.driver_interface
                0x000000000002bfa8        0xc bin/ranging.o
 .rodata.spi_slow_config.59102
                0x000000000002bfb4       0x14 bin/ranging.o
 .rodata.spi_fast_config.59106
                0x000000000002bfc8       0x14 bin/ranging.o
 .rodata.am_hal_daxi_defaults
                0x000000000002bfdc        0x5 ../AmbiqSDK/mcu/apollo4p/hal/mcu/gcc/bin/libam_hal.a(am_hal_cachectrl.o)
                0x000000000002bfdc                am_hal_daxi_defaults
 *fill*         0x000000000002bfe1        0x3 
 .rodata.am_hal_gpio_pincfg_output
                0x000000000002bfe4        0x4 ../AmbiqSDK/mcu/apollo4p/hal/mcu/gcc/bin/libam_hal.a(am_hal_gpio.o)
                0x000000000002bfe4                am_hal_gpio_pincfg_output
 .rodata.am_hal_gpio_pincfg_tristate
                0x000000000002bfe8        0x4 ../AmbiqSDK/mcu/apollo4p/hal/mcu/gcc/bin/libam_hal.a(am_hal_gpio.o)
                0x000000000002bfe8                am_hal_gpio_pincfg_tristate
 .rodata.g_ui32DSpintbl
                0x000000000002bfec       0x10 ../AmbiqSDK/mcu/apollo4p/hal/mcu/gcc/bin/libam_hal.a(am_hal_gpio.o)
 .rodata.am_hal_pwrctrl_peripheral_control
                0x000000000002bffc      0x220 ../AmbiqSDK/mcu/apollo4p/hal/mcu/gcc/bin/libam_hal.a(am_hal_pwrctrl.o)
                0x000000000002bffc                am_hal_pwrctrl_peripheral_control
 .rodata.g_DefaultMcuMemCfg
                0x000000000002c21c        0x6 ../AmbiqSDK/mcu/apollo4p/hal/mcu/gcc/bin/libam_hal.a(am_hal_pwrctrl.o)
                0x000000000002c21c                g_DefaultMcuMemCfg
 *fill*         0x000000000002c222        0x2 
 .rodata.g_DefaultSRAMCfg
                0x000000000002c224        0x6 ../AmbiqSDK/mcu/apollo4p/hal/mcu/gcc/bin/libam_hal.a(am_hal_pwrctrl.o)
                0x000000000002c224                g_DefaultSRAMCfg
 *fill*         0x000000000002c22a        0x2 
 .rodata.g_am_hal_bootrom_helper
                0x000000000002c22c       0x28 ../AmbiqSDK/mcu/apollo4p/hal/mcu/gcc/bin/libam_hal.a(am_hal_bootrom_helper.o)
                0x000000000002c22c                g_am_hal_bootrom_helper
 .rodata.gAmHalCmdQReg
                0x000000000002c254      0x1b8 ../AmbiqSDK/mcu/apollo4p/hal/mcu/gcc/bin/libam_hal.a(am_hal_cmdq.o)
 .rodata.crcTable
                0x000000000002c40c      0x100 ../src/external/decadriver/libdwt_uwb_driver-m4-hfp-6.0.7.a(deca_compat.c.obj)
                0x000000000002c40c                crcTable
 .rodata.dw3000_mcps_ops
                0x000000000002c50c       0x3c ../src/external/decadriver/libdwt_uwb_driver-m4-hfp-6.0.7.a(dw3000_device.c.obj)
                0x000000000002c50c                dw3000_mcps_ops
 .rodata.dw3000_ops
                0x000000000002c548       0x38 ../src/external/decadriver/libdwt_uwb_driver-m4-hfp-6.0.7.a(dw3000_device.c.obj)
                0x000000000002c548                dw3000_ops
 .rodata.fine_gain_lut_chan5
                0x000000000002c580       0x40 ../src/external/decadriver/libdwt_uwb_driver-m4-hfp-6.0.7.a(dw3000_device.c.obj)
 .rodata.fine_gain_lut_chan9
                0x000000000002c5c0       0x40 ../src/external/decadriver/libdwt_uwb_driver-m4-hfp-6.0.7.a(dw3000_device.c.obj)
 .rodata.lut_coarse_gain
                0x000000000002c600        0x3 ../src/external/decadriver/libdwt_uwb_driver-m4-hfp-6.0.7.a(dw3000_device.c.obj)
 *fill*         0x000000000002c603        0x1 
 .rodata.regNames
                0x000000000002c604        0x8 ../src/external/decadriver/libdwt_uwb_driver-m4-hfp-6.0.7.a(dw3000_device.c.obj)
 .rodata.str1.4
                0x000000000002c60c       0x2e ../src/external/decadriver/libdwt_uwb_driver-m4-hfp-6.0.7.a(dw3000_device.c.obj)
 *fill*         0x000000000002c63a        0x2 
 .rodata.sts_length_factors
                0x000000000002c63c        0xe ../src/external/decadriver/libdwt_uwb_driver-m4-hfp-6.0.7.a(dw3000_device.c.obj)
 *fill*         0x000000000002c64a        0x2 
 .rodata.dw3700_mcps_ops
                0x000000000002c64c       0x3c ../src/external/decadriver/libdwt_uwb_driver-m4-hfp-6.0.7.a(dw3700_device.c.obj)
                0x000000000002c64c                dw3700_mcps_ops
 .rodata.dw3700_ops
                0x000000000002c688       0x38 ../src/external/decadriver/libdwt_uwb_driver-m4-hfp-6.0.7.a(dw3700_device.c.obj)
                0x000000000002c688                dw3700_ops
 .rodata.fine_gain_lut_chan5
                0x000000000002c6c0       0x40 ../src/external/decadriver/libdwt_uwb_driver-m4-hfp-6.0.7.a(dw3700_device.c.obj)
 .rodata.fine_gain_lut_chan9
                0x000000000002c700       0x40 ../src/external/decadriver/libdwt_uwb_driver-m4-hfp-6.0.7.a(dw3700_device.c.obj)
 .rodata.lut_coarse_gain
                0x000000000002c740        0x3 ../src/external/decadriver/libdwt_uwb_driver-m4-hfp-6.0.7.a(dw3700_device.c.obj)
 *fill*         0x000000000002c743        0x1 
 .rodata.regNames
                0x000000000002c744        0x8 ../src/external/decadriver/libdwt_uwb_driver-m4-hfp-6.0.7.a(dw3700_device.c.obj)
 .rodata.str1.4
                0x000000000002c74c       0x2e ../src/external/decadriver/libdwt_uwb_driver-m4-hfp-6.0.7.a(dw3700_device.c.obj)
 .rodata.sts_length_factors
                0x000000000002c74c        0xe ../src/external/decadriver/libdwt_uwb_driver-m4-hfp-6.0.7.a(dw3700_device.c.obj)
 *fill*         0x000000000002c75a        0x2 
 .rodata.dw3720_mcps_ops
                0x000000000002c75c       0x3c ../src/external/decadriver/libdwt_uwb_driver-m4-hfp-6.0.7.a(dw3720_device.c.obj)
                0x000000000002c75c                dw3720_mcps_ops
 .rodata.dw3720_ops
                0x000000000002c798       0x38 ../src/external/decadriver/libdwt_uwb_driver-m4-hfp-6.0.7.a(dw3720_device.c.obj)
                0x000000000002c798                dw3720_ops
 .rodata.fine_gain_lut_chan5
                0x000000000002c7d0       0x40 ../src/external/decadriver/libdwt_uwb_driver-m4-hfp-6.0.7.a(dw3720_device.c.obj)
 .rodata.fine_gain_lut_chan9
                0x000000000002c810       0x40 ../src/external/decadriver/libdwt_uwb_driver-m4-hfp-6.0.7.a(dw3720_device.c.obj)
 .rodata.lut_coarse_gain
                0x000000000002c850        0x3 ../src/external/decadriver/libdwt_uwb_driver-m4-hfp-6.0.7.a(dw3720_device.c.obj)
 *fill*         0x000000000002c853        0x1 
 .rodata.regNames
                0x000000000002c854        0x8 ../src/external/decadriver/libdwt_uwb_driver-m4-hfp-6.0.7.a(dw3720_device.c.obj)
 .rodata.str1.4
                0x000000000002c85c       0x2e ../src/external/decadriver/libdwt_uwb_driver-m4-hfp-6.0.7.a(dw3720_device.c.obj)
 .rodata.sts_length_factors
                0x000000000002c85c        0xe ../src/external/decadriver/libdwt_uwb_driver-m4-hfp-6.0.7.a(dw3720_device.c.obj)
                0x000000000002c88c                . = ALIGN (0x4)
 *fill*         0x000000000002c86a        0x2 
                0x000000000002c86c                _etext = .

.glue_7         0x000000000002c86c        0x0
 .glue_7        0x000000000002c86c        0x0 linker stubs

.glue_7t        0x000000000002c86c        0x0
 .glue_7t       0x000000000002c86c        0x0 linker stubs

.vfp11_veneer   0x000000000002c86c        0x0
 .vfp11_veneer  0x000000000002c86c        0x0 linker stubs

.v4_bx          0x000000000002c86c        0x0
 .v4_bx         0x000000000002c86c        0x0 linker stubs

.iplt           0x000000000002c86c        0x0
 .iplt          0x000000000002c86c        0x0 bin/am_resources.o

.ARM.exidx      0x000000000002c86c        0x8
                0x000000000002c86c                __exidx_start = .
 *(.ARM.exidx* .gnu.linkonce.armexidx.*)
 .ARM.exidx     0x000000000002c86c        0x8 /usr/local/Cellar/arm-none-eabi-gcc/9-2019-q4-major/gcc/bin/../lib/gcc/arm-none-eabi/9.2.1/thumb/v7e-m+fp/hard/libgcc.a(_udivmoddi4.o)
                0x000000000002c874                __exidx_end = .

.rel.dyn        0x000000000002c874        0x0
 .rel.iplt      0x000000000002c874        0x0 bin/am_resources.o

.stack          0x0000000010000000     0x2b00
                0x0000000010000000                . = ALIGN (0x8)
 *(.stack)
 .stack         0x0000000010000000     0x2b00 bin/startup_gcc.o
 *(.stack*)
                0x0000000010002b00                . = ALIGN (0x8)

.heap           0x0000000010002b00        0x0
                0x0000000010002b00                __heap_start__ = .
                0x0000000010002b00                end = __heap_start__
                0x0000000010002b00                _end = end
                0x0000000010002b00                __end = end
 *(.heap)
 .heap          0x0000000010002b00        0x0 bin/startup_gcc.o
                0x0000000010002b00                __heap_end__ = .
                0x0000000010002b00                __HeapLimit = __heap_end__

.data           0x0000000010002b00      0x87c load address 0x000000000002c874
                0x0000000010002b00                . = ALIGN (0x4)
                0x0000000010002b00                _sdata = .
 *(.data)
 *(.data*)
 .data.uxCriticalNesting
                0x0000000010002b00        0x4 bin/port.o
 .data._impure_ptr
                0x0000000010002b04        0x4 /usr/local/Cellar/arm-none-eabi-gcc/9-2019-q4-major/gcc/bin/../lib/gcc/arm-none-eabi/9.2.1/../../../../arm-none-eabi/lib/thumb/v7e-m+fp/hard/libc.a(lib_a-impure.o)
                0x0000000010002b04                _impure_ptr
 .data.impure_data
                0x0000000010002b08      0x428 /usr/local/Cellar/arm-none-eabi-gcc/9-2019-q4-major/gcc/bin/../lib/gcc/arm-none-eabi/9.2.1/../../../../arm-none-eabi/lib/thumb/v7e-m+fp/hard/libc.a(lib_a-impure.o)
 .data.__malloc_av_
                0x0000000010002f30      0x408 /usr/local/Cellar/arm-none-eabi-gcc/9-2019-q4-major/gcc/bin/../lib/gcc/arm-none-eabi/9.2.1/../../../../arm-none-eabi/lib/thumb/v7e-m+fp/hard/libc.a(lib_a-mallocr.o)
                0x0000000010002f30                __malloc_av_
 .data.__malloc_sbrk_base
                0x0000000010003338        0x4 /usr/local/Cellar/arm-none-eabi-gcc/9-2019-q4-major/gcc/bin/../lib/gcc/arm-none-eabi/9.2.1/../../../../arm-none-eabi/lib/thumb/v7e-m+fp/hard/libc.a(lib_a-mallocr.o)
                0x0000000010003338                __malloc_sbrk_base
 .data.__malloc_trim_threshold
                0x000000001000333c        0x4 /usr/local/Cellar/arm-none-eabi-gcc/9-2019-q4-major/gcc/bin/../lib/gcc/arm-none-eabi/9.2.1/../../../../arm-none-eabi/lib/thumb/v7e-m+fp/hard/libc.a(lib_a-mallocr.o)
                0x000000001000333c                __malloc_trim_threshold
 .data.g_AM_BSP_GPIO_IOM0_CS
                0x0000000010003340        0x4 ../AmbiqSDK/bsp/apollo4_blue_pro/gcc/bin/libam_bsp.a(am_bsp_pins.o)
                0x0000000010003340                g_AM_BSP_GPIO_IOM0_CS
 .data.g_AM_BSP_GPIO_IOM0_MOSI
                0x0000000010003344        0x4 ../AmbiqSDK/bsp/apollo4_blue_pro/gcc/bin/libam_bsp.a(am_bsp_pins.o)
                0x0000000010003344                g_AM_BSP_GPIO_IOM0_MOSI
 .data.g_AM_BSP_GPIO_IOM0_SCK
                0x0000000010003348        0x4 ../AmbiqSDK/bsp/apollo4_blue_pro/gcc/bin/libam_bsp.a(am_bsp_pins.o)
                0x0000000010003348                g_AM_BSP_GPIO_IOM0_SCK
 .data.gDaxiConfig
                0x000000001000334c        0x5 ../AmbiqSDK/mcu/apollo4p/hal/mcu/gcc/bin/libam_hal.a(am_hal_cachectrl.o)
                0x000000001000334c                gDaxiConfig
 *fill*         0x0000000010003351        0x3 
 .data.g_ui32TrimVer
                0x0000000010003354        0x4 ../AmbiqSDK/mcu/apollo4p/hal/mcu/gcc/bin/libam_hal.a(am_hal_pwrctrl.o)
                0x0000000010003354                g_ui32TrimVer
 .data.g_ui32origSimobuckVDDStrim
                0x0000000010003358        0x4 ../AmbiqSDK/mcu/apollo4p/hal/mcu/gcc/bin/libam_hal.a(am_hal_pwrctrl.o)
                0x0000000010003358                g_ui32origSimobuckVDDStrim
 .data.g_lastStimer
                0x000000001000335c       0x20 ../AmbiqSDK/mcu/apollo4p/hal/mcu/gcc/bin/libam_hal.a(am_hal_stimer.o)
                0x000000001000337c                . = ALIGN (0x4)
                0x000000001000337c                _edata = .
                0x000000000002c874                _init_data = LOADADDR (.data)

.igot.plt       0x000000001000337c        0x0 load address 0x000000000002d0f0
 .igot.plt      0x000000001000337c        0x0 bin/am_resources.o

.bss            0x0000000010003380     0x59c0 load address 0x000000000002d0f0
                0x0000000010003380                . = ALIGN (0x4)
                0x0000000010003380                _sbss = .
 *(.bss)
 *(.bss*)
 .bss.g_lastSTimerVal
                0x0000000010003380        0x4 bin/port.o
 .bss.ulTimerCountsForOneTick
                0x0000000010003384        0x4 bin/port.o
                0x0000000010003384                ulTimerCountsForOneTick
 .bss.gNumCmpB  0x0000000010003388        0x4 bin/port.o
                0x0000000010003388                gNumCmpB
 .bss._acUpBuffer
                0x000000001000338c      0x400 bin/SEGGER_RTT.o
 .bss._acDownBuffer
                0x000000001000378c       0x10 bin/SEGGER_RTT.o
 .bss.pxCurrentTCB
                0x000000001000379c        0x4 bin/tasks.o
                0x000000001000379c                pxCurrentTCB
 .bss.pxReadyTasksLists
                0x00000000100037a0       0x78 bin/tasks.o
 .bss.pxDelayedTaskList
                0x0000000010003818        0x4 bin/tasks.o
 .bss.pxOverflowDelayedTaskList
                0x000000001000381c        0x4 bin/tasks.o
 .bss.xPendingReadyList
                0x0000000010003820       0x14 bin/tasks.o
 .bss.xTickCount
                0x0000000010003834        0x4 bin/tasks.o
 .bss.uxTopReadyPriority
                0x0000000010003838        0x4 bin/tasks.o
 .bss.uxPendedTicks
                0x000000001000383c        0x4 bin/tasks.o
 .bss.xYieldPending
                0x0000000010003840        0x4 bin/tasks.o
 .bss.xNumOfOverflows
                0x0000000010003844        0x4 bin/tasks.o
 .bss.xNextTaskUnblockTime
                0x0000000010003848        0x4 bin/tasks.o
 .bss.uxSchedulerSuspended
                0x000000001000384c        0x4 bin/tasks.o
 .bss.battery_voltage_code
                0x0000000010003850        0x4 bin/battery.o
 .bss.conversion_complete
                0x0000000010003854        0x1 bin/battery.o
 *fill*         0x0000000010003855        0x3 
 .bss.adc_handle
                0x0000000010003858        0x4 bin/battery.o
 .bss.status.56966
                0x000000001000385c        0x4 bin/battery.o
 .bss.sample.56967
                0x0000000010003860        0x8 bin/battery.o
 .bss.timer_config
                0x0000000010003868       0x14 bin/buzzer.o
 .bss.current_frequency
                0x000000001000387c        0x4 bin/buzzer.o
 .bss.current_duration
                0x0000000010003880        0x4 bin/buzzer.o
 .bss.interrupt_counter_index
                0x0000000010003884        0x4 bin/buzzer.o
 .bss.interrupt_counter_max
                0x0000000010003888        0x4 bin/buzzer.o
 .bss.spi_handle
                0x000000001000388c        0x4 bin/ranging.o
 .bss.dw_config
                0x0000000010003890        0xe bin/ranging.o
 .bss.spi_ready
                0x000000001000389e        0x1 bin/ranging.o
 *fill*         0x000000001000389f        0x1 
 .bss.pin_status.59096
                0x00000000100038a0        0x4 bin/ranging.o
 *fill*         0x00000000100038a4        0x4 
 .bss.cur_dw_timestamp.59239
                0x00000000100038a8        0x8 bin/ranging.o
 .bss.cur_dw_timestamp.59243
                0x00000000100038b0        0x8 bin/ranging.o
 .bss.status.58456
                0x00000000100038b8        0x4 bin/system.o
 .bss.status.58461
                0x00000000100038bc        0x4 bin/system.o
 .bss.status.58466
                0x00000000100038c0        0x4 bin/system.o
 .bss.status.58471
                0x00000000100038c4        0x4 bin/system.o
 .bss.repeat_interval.58476
                0x00000000100038c8        0x1 bin/system.o
 *fill*         0x00000000100038c9        0x3 
 .bss.app_task_handle
                0x00000000100038cc        0x4 bin/app_task_ranging.o
 .bss.notification_handle
                0x00000000100038d0        0x4 bin/scheduler.o
 .bss.eui       0x00000000100038d4        0x6 bin/test_cw.o
 *fill*         0x00000000100038da        0x2 
 .bss.read_buffer
                0x00000000100038dc      0x400 bin/test_cw.o
 .bss.__malloc_current_mallinfo
                0x0000000010003cdc       0x28 /usr/local/Cellar/arm-none-eabi-gcc/9-2019-q4-major/gcc/bin/../lib/gcc/arm-none-eabi/9.2.1/../../../../arm-none-eabi/lib/thumb/v7e-m+fp/hard/libc.a(lib_a-mallocr.o)
                0x0000000010003cdc                __malloc_current_mallinfo
 .bss.__malloc_max_sbrked_mem
                0x0000000010003d04        0x4 /usr/local/Cellar/arm-none-eabi-gcc/9-2019-q4-major/gcc/bin/../lib/gcc/arm-none-eabi/9.2.1/../../../../arm-none-eabi/lib/thumb/v7e-m+fp/hard/libc.a(lib_a-mallocr.o)
                0x0000000010003d04                __malloc_max_sbrked_mem
 .bss.__malloc_max_total_mem
                0x0000000010003d08        0x4 /usr/local/Cellar/arm-none-eabi-gcc/9-2019-q4-major/gcc/bin/../lib/gcc/arm-none-eabi/9.2.1/../../../../arm-none-eabi/lib/thumb/v7e-m+fp/hard/libc.a(lib_a-mallocr.o)
                0x0000000010003d08                __malloc_max_total_mem
 .bss.__malloc_top_pad
                0x0000000010003d0c        0x4 /usr/local/Cellar/arm-none-eabi-gcc/9-2019-q4-major/gcc/bin/../lib/gcc/arm-none-eabi/9.2.1/../../../../arm-none-eabi/lib/thumb/v7e-m+fp/hard/libc.a(lib_a-mallocr.o)
                0x0000000010003d0c                __malloc_top_pad
 .bss.heap_end.5507
                0x0000000010003d10        0x4 /usr/local/Cellar/arm-none-eabi-gcc/9-2019-q4-major/gcc/bin/../lib/gcc/arm-none-eabi/9.2.1/../../../../arm-none-eabi/lib/thumb/v7e-m+fp/hard/libnosys.a(sbrk.o)
 .bss.g_AM_BSP_GPIO_IOM0_MISO
                0x0000000010003d14        0x4 ../AmbiqSDK/bsp/apollo4_blue_pro/gcc/bin/libam_bsp.a(am_bsp_pins.o)
                0x0000000010003d14                g_AM_BSP_GPIO_IOM0_MISO
 .bss.g_IOMhandles
                0x0000000010003d18     0x4540 ../AmbiqSDK/mcu/apollo4p/hal/mcu/gcc/bin/libam_hal.a(am_hal_iom.o)
                0x0000000010003d18                g_IOMhandles
 .bss.gAmHalResetStatus
                0x0000000010008258        0x4 ../AmbiqSDK/mcu/apollo4p/hal/mcu/gcc/bin/libam_hal.a(am_hal_reset.o)
                0x0000000010008258                gAmHalResetStatus
 .bss.g_bDoADCadjust
                0x000000001000825c        0x1 ../AmbiqSDK/mcu/apollo4p/hal/mcu/gcc/bin/libam_hal.a(am_hal_adc.o)