   text	   data	    bss	    dec	    hex	filename
 151568	     76	     68	 151712	  250a0	bin/am_devices_cooper.o
   1118	      0	      0	   1118	    45e	bin/am_devices_led.o
    108	     64	      0	    172	     ac	bin/am_resources.o
   2724	      0	      0	   2724	    aa4	bin/am_util_ble_cooper.o
     76	      0	      0	     76	     4c	bin/am_util_delay.o
   4079	      0	   1025	   5104	   13f0	bin/am_util_stdio.o
    898	      0	      0	    898	    382	bin/am_util_string.o
   2486	     10	    628	   3124	    c34	bin/app_db.o
   1166	      8	      0	   1174	    496	bin/app_main.o
   3251	      0	      0	   3251	    cb3	bin/app_master.o
    280	      0	      0	    280	    118	bin/app_master_leg.o
   5959	      0	      0	   5959	   1747	bin/app_slave.o
    995	      0	      0	    995	    3e3	bin/app_slave_leg.o
   1194	     16	      0	   1210	    4ba	bin/att_main.o
    302	      0	      0	    302	    12e	bin/att_uuid.o
   2524	      0	      0	   2524	    9dc	bin/attc_main.o
   2127	      0	      0	   2127	    84f	bin/attc_proc.o
   1028	      0	      0	   1028	    404	bin/attc_read.o
    492	      0	      0	    492	    1ec	bin/attc_write.o
   1264	      0	     24	   1288	    508	bin/atts_ccc.o
   1216	      0	      0	   1216	    4c0	bin/atts_csf.o
   1764	      0	      0	   1764	    6e4	bin/atts_ind.o
   2476	     68	      1	   2545	    9f1	bin/atts_main.o
   1620	      0	      0	   1620	    654	bin/atts_proc.o
   3364	      0	      0	   3364	    d24	bin/atts_read.o
   1654	      0	      0	   1654	    676	bin/atts_write.o
    273	      0	     13	    286	    11e	bin/bda.o
    136	      0	      0	    136	     88	bin/calc128.o
     75	     16	      0	     91	     5b	bin/cfg_stack.o
   1604	      0	      0	   1604	    644	bin/dm_adv.o
   1826	      0	      1	   1827	    723	bin/dm_adv_leg.o
   5138	      0	      0	   5138	   1412	bin/dm_conn.o
    280	      0	      0	    280	    118	bin/dm_conn_master.o
    216	      0	      0	    216	     d8	bin/dm_conn_master_leg.o
    414	      0	      0	    414	    19e	bin/dm_conn_slave.o
    180	      0	      0	    180	     b4	bin/dm_conn_slave_leg.o
    336	      0	      0	    336	    150	bin/dm_conn_sm.o
    969	      0	      0	    969	    3c9	bin/dm_dev.o
   1096	     56	      0	   1152	    480	bin/dm_main.o
    502	      0	      0	    502	    1f6	bin/dm_phy.o
   1786	      0	      0	   1786	    6fa	bin/dm_priv.o
    532	      0	      0	    532	    214	bin/dm_scan.o
    802	      0	      0	    802	    322	bin/dm_scan_leg.o
    952	      0	      0	    952	    3b8	bin/dm_sec.o
    270	      0	      0	    270	    10e	bin/dm_sec_master.o
    278	      0	      0	    278	    116	bin/dm_sec_slave.o
   1088	      0	      0	   1088	    440	bin/event_groups.o
    498	     12	      0	    510	    1fe	bin/gatt_main.o
   5704	      0	      0	   5704	   1648	bin/hci_cmd.o
   2344	      4	      0	   2348	    92c	bin/hci_core.o
    764	      0	      0	    764	    2fc	bin/hci_core_ps.o
   1522	     40	      0	   1562	    61a	bin/hci_dbg_trc.o
   2560	    244	     39	   2843	    b1b	bin/hci_drv_cooper.o
   9192	      0	     24	   9216	   2400	bin/hci_evt.o
    178	      0	      0	    178	     b2	bin/hci_main.o
    748	      0	     17	    765	    2fd	bin/hci_tr.o
   1232	      0	      1	   1233	    4d1	bin/hci_vs_cooper.o
    854	      0	  16408	  17262	   436e	bin/heap_4.o
   1189	      0	      0	   1189	    4a5	bin/l2c_main.o
    555	      0	      0	    555	    22b	bin/l2c_master.o
   1037	      0	     24	   1061	    425	bin/l2c_slave.o
    360	      0	      0	    360	    168	bin/list.o
   1554	      4	     16	   1574	    626	bin/port.o
   3110	      0	      0	   3110	    c26	bin/queue.o
    270	      0	      0	    270	    10e	bin/sec_aes.o
    918	      0	      0	    918	    396	bin/sec_cmac_hci.o
    416	      0	      0	    416	    1a0	bin/sec_ecc_hci.o
    750	      0	      0	    750	    2ee	bin/sec_main.o
   4722	     16	   1041	   5779	   1693	bin/SEGGER_RTT.o
   1802	      0	      0	   1802	    70a	bin/SEGGER_RTT_printf.o
   2997	      0	      0	   2997	    bb5	bin/smp_main.o
    634	  11008	      0	  11642	   2d7a	bin/startup_gcc.o
   5315	      0	    256	   5571	   15c3	bin/tasks.o
   1778	      0	     60	   1838	    72e	bin/timers.o
     40	      0	      0	     40	     28	bin/wsf_assert.o
    790	      0	      4	    794	    31a	bin/wsf_buf.o
    302	      0	      0	    302	    12e	bin/wsf_msg.o
    884	      0	      5	    889	    379	bin/wsf_os.o
    444	      0	      0	    444	    1bc	bin/wsf_queue.o
    730	      0	      4	    734	    2de	bin/wsf_timer.o
    269	      0	      0	    269	    10d	bin/wsf_trace.o
    290	      0	      0	    290	    122	bin/wstr.o
   2080	      8	     33	   2121	    849	bin/battery.o
   3994	      3	     89	   4086	    ff6	bin/bluetooth.o
    848	      0	      4	    852	    354	bin/button.o
   1346	      0	     36	   1382	    566	bin/buzzer.o
   1568	      0	     19	   1587	    633	bin/imu.o
    432	     32	      0	    464	    1d0	bin/led.o
    886	      0	      0	    886	    376	bin/logging.o
   3460	      0	     71	   3531	    dcb	bin/ranging.o
   1271	     84	     88	   1443	    5a3	bin/rtc.o
   4367	      0	   6248	  10615	   2977	bin/storage.o
   1568	      0	     17	   1585	    631	bin/system.o
    696	      0	     26	    722	    2d2	bin/app_tasks.o
    356	      0	      8	    364	    16c	bin/app_task_maintenance.o
   1924	      0	     94	   2018	    7e2	bin/app_task_ranging.o
    325	     20	   4500	   4845	   12ed	bin/ble_task.o
    277	     20	      8	    305	    131	bin/device_info_service.o
    430	     40	     20	    490	    1ea	bin/gap_gatt_service.o
    385	      0	      0	    385	    181	bin/live_stats_functionality.o
    539	     20	     13	    572	    23c	bin/live_stats_service.o
    767	      0	   4108	   4875	   130b	bin/maintenance_functionality.o
    432	     20	    478	    930	    3a2	bin/maintenance_service.o
   1347	      0	    296	   1643	    66b	bin/computation_phase.o
   5070	      0	     82	   5152	   1420	bin/ranging_phase.o
    226	      0	      5	    231	     e7	bin/ranging_task.o
   1971	      0	     40	   2011	    7db	bin/schedule_phase.o
   2077	      0	    834	   2911	    b5f	bin/scheduler.o
    279	      0	      0	    279	    117	bin/scheduling_functionality.o
    198	     20	      6	    224	     e0	bin/scheduling_service.o
   2517	      0	     36	   2553	    9f9	bin/status_phase.o
    866	      0	    584	   1450	    5aa	bin/storage_task.o
     72	      0	      0	     72	     48	bin/time_aligned_task.o
    509	      0	   4113	   4622	   120e	bin/test_bluetooth.o
   5172	    144	   2053	   7369	   1cc9	am_bsp.o (ex ../AmbiqSDK/bsp/apollo4_blue/gcc/bin/libam_bsp.a)
      0	    612	     28	    640	    280	am_bsp_pins.o (ex ../AmbiqSDK/bsp/apollo4_blue/gcc/bin/libam_bsp.a)
    204	      0	      0	    204	     cc	am_hal_access.o (ex ../AmbiqSDK/mcu/apollo4b/hal/mcu/gcc/bin/libam_hal.a)
   2848	      0	     33	   2881	    b41	am_hal_adc.o (ex ../AmbiqSDK/mcu/apollo4b/hal/mcu/gcc/bin/libam_hal.a)
   3492	      0	     16	   3508	    db4	am_hal_audadc.o (ex ../AmbiqSDK/mcu/apollo4b/hal/mcu/gcc/bin/libam_hal.a)
    604	     32	      4	    640	    280	am_hal_dcu.o (ex ../AmbiqSDK/mcu/apollo4b/hal/mcu/gcc/bin/libam_hal.a)
     96	      0	      4	    100	     64	am_hal_global.o (ex ../AmbiqSDK/mcu/apollo4b/hal/mcu/gcc/bin/libam_hal.a)
   1936	      0	   2048	   3984	    f90	am_hal_gpio.o (ex ../AmbiqSDK/mcu/apollo4b/hal/mcu/gcc/bin/libam_hal.a)
   2632	      0	      0	   2632	    a48	am_hal_i2s.o (ex ../AmbiqSDK/mcu/apollo4b/hal/mcu/gcc/bin/libam_hal.a)
    228	     30	      0	    258	    102	am_hal_otp.o (ex ../AmbiqSDK/mcu/apollo4b/hal/mcu/gcc/bin/libam_hal.a)
   1536	      0	      0	   1536	    600	am_hal_pdm.o (ex ../AmbiqSDK/mcu/apollo4b/hal/mcu/gcc/bin/libam_hal.a)
   4096	      0	      0	   4096	   1000	am_hal_pin.o (ex ../AmbiqSDK/mcu/apollo4b/hal/mcu/gcc/bin/libam_hal.a)
   5861	     65	     86	   6012	   177c	am_hal_pwrctrl.o (ex ../AmbiqSDK/mcu/apollo4b/hal/mcu/gcc/bin/libam_hal.a)
    276	      0	      0	    276	    114	am_hal_queue.o (ex ../AmbiqSDK/mcu/apollo4b/hal/mcu/gcc/bin/libam_hal.a)
    388	      0	      0	    388	    184	am_hal_security.o (ex ../AmbiqSDK/mcu/apollo4b/hal/mcu/gcc/bin/libam_hal.a)
    892	      0	      1	    893	    37d	am_hal_stimer.o (ex ../AmbiqSDK/mcu/apollo4b/hal/mcu/gcc/bin/libam_hal.a)
   3756	      0	     64	   3820	    eec	am_hal_timer.o (ex ../AmbiqSDK/mcu/apollo4b/hal/mcu/gcc/bin/libam_hal.a)
   5992	      0	    264	   6256	   1870	am_hal_usb.o (ex ../AmbiqSDK/mcu/apollo4b/hal/mcu/gcc/bin/libam_hal.a)
    792	      0	      0	    792	    318	am_hal_wdt.o (ex ../AmbiqSDK/mcu/apollo4b/hal/mcu/gcc/bin/libam_hal.a)
     40	      0	      0	     40	     28	am_hal_bootrom_helper.o (ex ../AmbiqSDK/mcu/apollo4b/hal/mcu/gcc/bin/libam_hal.a)
   1086	      0	     12	   1098	    44a	am_hal_cachectrl.o (ex ../AmbiqSDK/mcu/apollo4b/hal/mcu/gcc/bin/libam_hal.a)
   6100	      0	      0	   6100	   17d4	am_hal_card.o (ex ../AmbiqSDK/mcu/apollo4b/hal/mcu/gcc/bin/libam_hal.a)
    256	    148	      0	    404	    194	am_hal_card_host.o (ex ../AmbiqSDK/mcu/apollo4b/hal/mcu/gcc/bin/libam_hal.a)
    660	      0	      0	    660	    294	am_hal_clkgen.o (ex ../AmbiqSDK/mcu/apollo4b/hal/mcu/gcc/bin/libam_hal.a)
   2024	      0	    484	   2508	    9cc	am_hal_cmdq.o (ex ../AmbiqSDK/mcu/apollo4b/hal/mcu/gcc/bin/libam_hal.a)
    984	      0	      0	    984	    3d8	am_hal_dsi.o (ex ../AmbiqSDK/mcu/apollo4b/hal/mcu/gcc/bin/libam_hal.a)
    108	      0	      0	    108	     6c	am_hal_fault.o (ex ../AmbiqSDK/mcu/apollo4b/hal/mcu/gcc/bin/libam_hal.a)
     24	      0	      0	     24	     18	am_hal_interrupt.o (ex ../AmbiqSDK/mcu/apollo4b/hal/mcu/gcc/bin/libam_hal.a)
   8848	      0	      0	   8848	   2290	am_hal_iom.o (ex ../AmbiqSDK/mcu/apollo4b/hal/mcu/gcc/bin/libam_hal.a)
   2300	      0	      0	   2300	    8fc	am_hal_ios.o (ex ../AmbiqSDK/mcu/apollo4b/hal/mcu/gcc/bin/libam_hal.a)
    496	      0	      0	    496	    1f0	am_hal_itm.o (ex ../AmbiqSDK/mcu/apollo4b/hal/mcu/gcc/bin/libam_hal.a)
    960	      8	      0	    968	    3c8	am_hal_mcuctrl.o (ex ../AmbiqSDK/mcu/apollo4b/hal/mcu/gcc/bin/libam_hal.a)
    184	      0	      0	    184	     b8	am_hal_mpu.o (ex ../AmbiqSDK/mcu/apollo4b/hal/mcu/gcc/bin/libam_hal.a)
    384	    384	      0	    768	    300	am_hal_mram.o (ex ../AmbiqSDK/mcu/apollo4b/hal/mcu/gcc/bin/libam_hal.a)
   8520	      0	   6720	  15240	   3b88	am_hal_mspi.o (ex ../AmbiqSDK/mcu/apollo4b/hal/mcu/gcc/bin/libam_hal.a)
    391	      0	      4	    395	    18b	am_hal_reset.o (ex ../AmbiqSDK/mcu/apollo4b/hal/mcu/gcc/bin/libam_hal.a)
   1348	      0	      0	   1348	    544	am_hal_rtc.o (ex ../AmbiqSDK/mcu/apollo4b/hal/mcu/gcc/bin/libam_hal.a)
   4208	      0	    212	   4420	   1144	am_hal_sdhc.o (ex ../AmbiqSDK/mcu/apollo4b/hal/mcu/gcc/bin/libam_hal.a)
    288	      0	     12	    300	    12c	am_hal_secure_ota.o (ex ../AmbiqSDK/mcu/apollo4b/hal/mcu/gcc/bin/libam_hal.a)
    628	      0	      0	    628	    274	am_hal_sysctrl.o (ex ../AmbiqSDK/mcu/apollo4b/hal/mcu/gcc/bin/libam_hal.a)
    168	      0	      0	    168	     a8	am_hal_systick.o (ex ../AmbiqSDK/mcu/apollo4b/hal/mcu/gcc/bin/libam_hal.a)
    140	      0	      0	    140	     8c	am_hal_tpiu.o (ex ../AmbiqSDK/mcu/apollo4b/hal/mcu/gcc/bin/libam_hal.a)
   2692	      0	      0	   2692	    a84	am_hal_uart.o (ex ../AmbiqSDK/mcu/apollo4b/hal/mcu/gcc/bin/libam_hal.a)
    288	      0	      0	    288	    120	am_hal_utils.o (ex ../AmbiqSDK/mcu/apollo4b/hal/mcu/gcc/bin/libam_hal.a)
 344812	   3900	  69692	 418404	  66264	bin/TestBluetooth.axf
